Archive member included to satisfy reference by file (symbol)

C:/Users/cxmnbt/AppData/Local/stm32cube/bundles/gnu-tools-for-stm32/13.3.1+st.9/bin/../lib/gcc/arm-none-eabi/13.3.1/../../../../arm-none-eabi/lib/thumb/v7e-m+fp/hard\libm.a(libm_a-w_atan2.o)
                              CMakeFiles/mpu_test.dir/Core/Src/mpu.c.obj (atan2)
C:/Users/cxmnbt/AppData/Local/stm32cube/bundles/gnu-tools-for-stm32/13.3.1+st.9/bin/../lib/gcc/arm-none-eabi/13.3.1/../../../../arm-none-eabi/lib/thumb/v7e-m+fp/hard\libm.a(libm_a-w_sqrt.o)
                              CMakeFiles/mpu_test.dir/Core/Src/mpu.c.obj (sqrt)
C:/Users/cxmnbt/AppData/Local/stm32cube/bundles/gnu-tools-for-stm32/13.3.1+st.9/bin/../lib/gcc/arm-none-eabi/13.3.1/../../../../arm-none-eabi/lib/thumb/v7e-m+fp/hard\libm.a(libm_a-wf_asin.o)
                              CMakeFiles/mpu_test.dir/Core/Src/mpu.c.obj (asinf)
C:/Users/cxmnbt/AppData/Local/stm32cube/bundles/gnu-tools-for-stm32/13.3.1+st.9/bin/../lib/gcc/arm-none-eabi/13.3.1/../../../../arm-none-eabi/lib/thumb/v7e-m+fp/hard\libm.a(libm_a-wf_atan2.o)
                              CMakeFiles/mpu_test.dir/Core/Src/mpu.c.obj (atan2f)
C:/Users/cxmnbt/AppData/Local/stm32cube/bundles/gnu-tools-for-stm32/13.3.1+st.9/bin/../lib/gcc/arm-none-eabi/13.3.1/../../../../arm-none-eabi/lib/thumb/v7e-m+fp/hard\libm.a(libm_a-sf_fabs.o)
                              C:/Users/cxmnbt/AppData/Local/stm32cube/bundles/gnu-tools-for-stm32/13.3.1+st.9/bin/../lib/gcc/arm-none-eabi/13.3.1/../../../../arm-none-eabi/lib/thumb/v7e-m+fp/hard\libm.a(libm_a-wf_asin.o) (fabsf)
C:/Users/cxmnbt/AppData/Local/stm32cube/bundles/gnu-tools-for-stm32/13.3.1+st.9/bin/../lib/gcc/arm-none-eabi/13.3.1/../../../../arm-none-eabi/lib/thumb/v7e-m+fp/hard\libm.a(libm_a-sf_tan.o)
                              CMakeFiles/mpu_test.dir/Core/Src/filter.c.obj (tanf)
C:/Users/cxmnbt/AppData/Local/stm32cube/bundles/gnu-tools-for-stm32/13.3.1+st.9/bin/../lib/gcc/arm-none-eabi/13.3.1/../../../../arm-none-eabi/lib/thumb/v7e-m+fp/hard\libm.a(libm_a-sf_nan.o)
                              C:/Users/cxmnbt/AppData/Local/stm32cube/bundles/gnu-tools-for-stm32/13.3.1+st.9/bin/../lib/gcc/arm-none-eabi/13.3.1/../../../../arm-none-eabi/lib/thumb/v7e-m+fp/hard\libm.a(libm_a-wf_asin.o) (nanf)
C:/Users/cxmnbt/AppData/Local/stm32cube/bundles/gnu-tools-for-stm32/13.3.1+st.9/bin/../lib/gcc/arm-none-eabi/13.3.1/../../../../arm-none-eabi/lib/thumb/v7e-m+fp/hard\libm.a(libm_a-e_sqrt.o)
                              C:/Users/cxmnbt/AppData/Local/stm32cube/bundles/gnu-tools-for-stm32/13.3.1+st.9/bin/../lib/gcc/arm-none-eabi/13.3.1/../../../../arm-none-eabi/lib/thumb/v7e-m+fp/hard\libm.a(libm_a-w_sqrt.o) (__ieee754_sqrt)
C:/Users/cxmnbt/AppData/Local/stm32cube/bundles/gnu-tools-for-stm32/13.3.1+st.9/bin/../lib/gcc/arm-none-eabi/13.3.1/../../../../arm-none-eabi/lib/thumb/v7e-m+fp/hard\libm.a(libm_a-e_atan2.o)
                              C:/Users/cxmnbt/AppData/Local/stm32cube/bundles/gnu-tools-for-stm32/13.3.1+st.9/bin/../lib/gcc/arm-none-eabi/13.3.1/../../../../arm-none-eabi/lib/thumb/v7e-m+fp/hard\libm.a(libm_a-w_atan2.o) (__ieee754_atan2)
C:/Users/cxmnbt/AppData/Local/stm32cube/bundles/gnu-tools-for-stm32/13.3.1+st.9/bin/../lib/gcc/arm-none-eabi/13.3.1/../../../../arm-none-eabi/lib/thumb/v7e-m+fp/hard\libm.a(libm_a-s_atan.o)
                              C:/Users/cxmnbt/AppData/Local/stm32cube/bundles/gnu-tools-for-stm32/13.3.1+st.9/bin/../lib/gcc/arm-none-eabi/13.3.1/../../../../arm-none-eabi/lib/thumb/v7e-m+fp/hard\libm.a(libm_a-e_atan2.o) (atan)
C:/Users/cxmnbt/AppData/Local/stm32cube/bundles/gnu-tools-for-stm32/13.3.1+st.9/bin/../lib/gcc/arm-none-eabi/13.3.1/../../../../arm-none-eabi/lib/thumb/v7e-m+fp/hard\libm.a(libm_a-s_fabs.o)
                              C:/Users/cxmnbt/AppData/Local/stm32cube/bundles/gnu-tools-for-stm32/13.3.1+st.9/bin/../lib/gcc/arm-none-eabi/13.3.1/../../../../arm-none-eabi/lib/thumb/v7e-m+fp/hard\libm.a(libm_a-e_atan2.o) (fabs)
C:/Users/cxmnbt/AppData/Local/stm32cube/bundles/gnu-tools-for-stm32/13.3.1+st.9/bin/../lib/gcc/arm-none-eabi/13.3.1/../../../../arm-none-eabi/lib/thumb/v7e-m+fp/hard\libm.a(libm_a-kf_tan.o)
                              C:/Users/cxmnbt/AppData/Local/stm32cube/bundles/gnu-tools-for-stm32/13.3.1+st.9/bin/../lib/gcc/arm-none-eabi/13.3.1/../../../../arm-none-eabi/lib/thumb/v7e-m+fp/hard\libm.a(libm_a-sf_tan.o) (__kernel_tanf)
C:/Users/cxmnbt/AppData/Local/stm32cube/bundles/gnu-tools-for-stm32/13.3.1+st.9/bin/../lib/gcc/arm-none-eabi/13.3.1/../../../../arm-none-eabi/lib/thumb/v7e-m+fp/hard\libm.a(libm_a-ef_asin.o)
                              C:/Users/cxmnbt/AppData/Local/stm32cube/bundles/gnu-tools-for-stm32/13.3.1+st.9/bin/../lib/gcc/arm-none-eabi/13.3.1/../../../../arm-none-eabi/lib/thumb/v7e-m+fp/hard\libm.a(libm_a-wf_asin.o) (__ieee754_asinf)
[...]
Memory Configuration

Name             Origin             Length             Attributes
RAM              0x20000000         0x00020000         xrw
CCMRAM           0x10000000         0x00010000         xrw
FLASH            0x08000000         0x00080000         xr
*default*        0x00000000         0xffffffff

Linker script and memory map

LOAD C:/Users/cxmnbt/AppData/Local/stm32cube/bundles/gnu-tools-for-stm32/13.3.1+st.9/bin/../lib/gcc/arm-none-eabi/13.3.1/thumb/v7e-m+fp/hard/crti.o
LOAD C:/Users/cxmnbt/AppData/Local/stm32cube/bundles/gnu-tools-for-stm32/13.3.1+st.9/bin/../lib/gcc/arm-none-eabi/13.3.1/thumb/v7e-m+fp/hard/crtbegin.o
LOAD C:/Users/cxmnbt/AppData/Local/stm32cube/bundles/gnu-tools-for-stm32/13.3.1+st.9/bin/../lib/gcc/arm-none-eabi/13.3.1/../../../../arm-none-eabi/lib/thumb/v7e-m+fp/hard/crt0.o
LOAD cmake/stm32cubemx/CMakeFiles/STM32_Drivers.dir/__/__/Core/Src/system_stm32f4xx.c.obj
LOAD cmake/stm32cubemx/CMakeFiles/STM32_Drivers.dir/__/__/Drivers/STM32F4xx_HAL_Driver/Src/stm32f4xx_hal_adc.c.obj
LOAD cmake/stm32cubemx/CMakeFiles/STM32_Drivers.dir/__/__/Drivers/STM32F4xx_HAL_Driver/Src/stm32f4xx_hal_adc_ex.c.obj
LOAD cmake/stm32cubemx/CMakeFiles/STM32_Drivers.dir/__/__/Drivers/STM32F4xx_HAL_Driver/Src/stm32f4xx_ll_adc.c.obj
LOAD cmake/stm32cubemx/CMakeFiles/STM32_Drivers.dir/__/__/Drivers/STM32F4xx_HAL_Driver/Src/stm32f4xx_hal_rcc.c.obj
LOAD cmake/stm32cubemx/CMakeFiles/STM32_Drivers.dir/__/__/Drivers/STM32F4xx_HAL_Driver/Src/stm32f4xx_hal_rcc_ex.c.obj
LOAD cmake/stm32cubemx/CMakeFiles/STM32_Drivers.dir/__/__/Drivers/STM32F4xx_HAL_Driver/Src/stm32f4xx_hal_flash.c.obj
LOAD cmake/stm32cubemx/CMakeFiles/STM32_Drivers.dir/__/__/Drivers/STM32F4xx_HAL_Driver/Src/stm32f4xx_hal_flash_ex.c.obj
LOAD cmake/stm32cubemx/CMakeFiles/STM32_Drivers.dir/__/__/Drivers/STM32F4xx_HAL_Driver/Src/stm32f4xx_hal_flash_ramfunc.c.obj
LOAD cmake/stm32cubemx/CMakeFiles/STM32_Drivers.dir/__/__/Drivers/STM32F4xx_HAL_Driver/Src/stm32f4xx_hal_gpio.c.obj
LOAD cmake/stm32cubemx/CMakeFiles/STM32_Drivers.dir/__/__/Drivers/STM32F4xx_HAL_Driver/Src/stm32f4xx_hal_dma_ex.c.obj
LOAD cmake/stm32cubemx/CMakeFiles/STM32_Drivers.dir/__/__/Drivers/STM32F4xx_HAL_Driver/Src/stm32f4xx_hal_dma.c.obj
LOAD cmake/stm32cubemx/CMakeFiles/STM32_Drivers.dir/__/__/Drivers/STM32F4xx_HAL_Driver/Src/stm32f4xx_hal_pwr.c.obj
LOAD cmake/stm32cubemx/CMakeFiles/STM32_Drivers.dir/__/__/Drivers/STM32F4xx_HAL_Driver/Src/stm32f4xx_hal_pwr_ex.c.obj
LOAD cmake/stm32cubemx/CMakeFiles/STM32_Drivers.dir/__/__/Drivers/STM32F4xx_HAL_Driver/Src/stm32f4xx_hal_cortex.c.obj
LOAD cmake/stm32cubemx/CMakeFiles/STM32_Drivers.dir/__/__/Drivers/STM32F4xx_HAL_Driver/Src/stm32f4xx_hal.c.obj
LOAD cmake/stm32cubemx/CMakeFiles/STM32_Drivers.dir/__/__/Drivers/STM32F4xx_HAL_Driver/Src/stm32f4xx_hal_exti.c.obj
LOAD cmake/stm32cubemx/CMakeFiles/STM32_Drivers.dir/__/__/Drivers/STM32F4xx_HAL_Driver/Src/stm32f4xx_hal_i2c.c.obj
LOAD cmake/stm32cubemx/CMakeFiles/STM32_Drivers.dir/__/__/Drivers/STM32F4xx_HAL_Driver/Src/stm32f4xx_hal_i2c_ex.c.obj
LOAD cmake/stm32cubemx/CMakeFiles/STM32_Drivers.dir/__/__/Drivers/STM32F4xx_HAL_Driver/Src/stm32f4xx_hal_tim.c.obj
LOAD cmake/stm32cubemx/CMakeFiles/STM32_Drivers.dir/__/__/Drivers/STM32F4xx_HAL_Driver/Src/stm32f4xx_hal_tim_ex.c.obj
LOAD cmake/stm32cubemx/CMakeFiles/STM32_Drivers.dir/__/__/Drivers/STM32F4xx_HAL_Driver/Src/stm32f4xx_hal_uart.c.obj
LOAD CMakeFiles/mpu_test.dir/Core/Src/main.c.obj
LOAD CMakeFiles/mpu_test.dir/Core/Src/gpio.c.obj
LOAD CMakeFiles/mpu_test.dir/Core/Src/adc.c.obj
LOAD CMakeFiles/mpu_test.dir/Core/Src/dma.c.obj
LOAD CMakeFiles/mpu_test.dir/Core/Src/i2c.c.obj
LOAD CMakeFiles/mpu_test.dir/Core/Src/tim.c.obj
LOAD CMakeFiles/mpu_test.dir/Core/Src/usart.c.obj
LOAD CMakeFiles/mpu_test.dir/Core/Src/stm32f4xx_it.c.obj
LOAD CMakeFiles/mpu_test.dir/Core/Src/stm32f4xx_hal_msp.c.obj
LOAD CMakeFiles/mpu_test.dir/Core/Src/sysmem.c.obj
LOAD CMakeFiles/mpu_test.dir/Core/Src/syscalls.c.obj
LOAD CMakeFiles/mpu_test.dir/Core/Src/moter.c.obj
LOAD CMakeFiles/mpu_test.dir/Core/Src/filter.c.obj
LOAD CMakeFiles/mpu_test.dir/Core/Src/mpu.c.obj
LOAD CMakeFiles/mpu_test.dir/Core/Src/HAL_Add.c.obj
LOAD CMakeFiles/mpu_test.dir/Core/Src/servo.c.obj
LOAD CMakeFiles/mpu_test.dir/startup_stm32f407xx.s.obj
LOAD C:/Users/cxmnbt/AppData/Local/stm32cube/bundles/gnu-tools-for-stm32/13.3.1+st.9/bin/../lib/gcc/arm-none-eabi/13.3.1/../../../../arm-none-eabi/lib/thumb/v7e-m+fp/hard\libm.a
START GROUP
LOAD C:/Users/cxmnbt/AppData/Local/stm32cube/bundles/gnu-tools-for-stm32/13.3.1+st.9/bin/../lib/gcc/arm-none-eabi/13.3.1/thumb/v7e-m+fp/hard\libgcc.a
LOAD C:/Users/cxmnbt/AppData/Local/stm32cube/bundles/gnu-tools-for-stm32/13.3.1+st.9/bin/../lib/gcc/arm-none-eabi/13.3.1/../../../../arm-none-eabi/lib/thumb/v7e-m+fp/hard\libg_nano.a
LOAD C:/Users/cxmnbt/AppData/Local/stm32cube/bundles/gnu-tools-for-stm32/13.3.1+st.9/bin/../lib/gcc/arm-none-eabi/13.3.1/../../../../arm-none-eabi/lib/thumb/v7e-m+fp/hard\libc_nano.a
END GROUP
START GROUP
LOAD C:/Users/cxmnbt/AppData/Local/stm32cube/bundles/gnu-tools-for-stm32/13.3.1+st.9/bin/../lib/gcc/arm-none-eabi/13.3.1/thumb/v7e-m+fp/hard\libgcc.a
LOAD C:/Users/cxmnbt/AppData/Local/stm32cube/bundles/gnu-tools-for-stm32/13.3.1+st.9/bin/../lib/gcc/arm-none-eabi/13.3.1/../../../../arm-none-eabi/lib/thumb/v7e-m+fp/hard\libc_nano.a
END GROUP
LOAD C:/Users/cxmnbt/AppData/Local/stm32cube/bundles/gnu-tools-for-stm32/13.3.1+st.9/bin/../lib/gcc/arm-none-eabi/13.3.1/thumb/v7e-m+fp/hard/crtend.o
LOAD C:/Users/cxmnbt/AppData/Local/stm32cube/bundles/gnu-tools-for-stm32/13.3.1+st.9/bin/../lib/gcc/arm-none-eabi/13.3.1/thumb/v7e-m+fp/hard/crtn.o
                0x20020000                        _estack = (ORIGIN (RAM) + LENGTH (RAM))
                0x00000200                        _Min_Heap_Size = 0x200
                0x00000400                        _Min_Stack_Size = 0x400

.isr_vector     0x08000000      0x188
                0x08000000                        . = ALIGN (0x4)
 *(.isr_vector)
 .isr_vector    0x08000000      0x188 CMakeFiles/mpu_test.dir/startup_stm32f407xx.s.obj
                0x08000000                g_pfnVectors
                0x08000188                        . = ALIGN (0x4)

.text           0x08000190     0xa5e8
                0x08000190                        . = ALIGN (0x4)
 *(.text)
 .text          0x08000190       0x40 C:/Users/cxmnbt/AppData/Local/stm32cube/bundles/gnu-tools-for-stm32/13.3.1+st.9/bin/../lib/gcc/arm-none-eabi/13.3.1/thumb/v7e-m+fp/hard/crtbegin.o
 .text          0x080001d0      0x378 C:/Users/cxmnbt/AppData/Local/stm32cube/bundles/gnu-tools-for-stm32/13.3.1+st.9/bin/../lib/gcc/arm-none-eabi/13.3.1/thumb/v7e-m+fp/hard\libgcc.a(_arm_addsubdf3.o)
                0x080001d0                __aeabi_drsub
                0x080001d8                __aeabi_dsub
                0x080001d8                __subdf3
                0x080001dc                __aeabi_dadd
                0x080001dc                __adddf3
                0x08000454                __floatunsidf
                0x08000454                __aeabi_ui2d
                0x08000474                __floatsidf
                0x08000474                __aeabi_i2d
                0x08000498                __aeabi_f2d
                0x08000498                __extendsfdf2
                0x080004dc                __floatundidf
                0x080004dc                __aeabi_ul2d
                0x080004ec                __floatdidf
                0x080004ec                __aeabi_l2d
 .text          0x08000548      0x424 C:/Users/cxmnbt/AppData/Local/stm32cube/bundles/gnu-tools-for-stm32/13.3.1+st.9/bin/../lib/gcc/arm-none-eabi/13.3.1/thumb/v7e-m+fp/hard\libgcc.a(_arm_muldivdf3.o)
                0x08000548                __aeabi_dmul
                0x08000548                __muldf3
                0x0800079c                __divdf3
                0x0800079c                __aeabi_ddiv
 .text          0x0800096c      0x110 C:/Users/cxmnbt/AppData/Local/stm32cube/bundles/gnu-tools-for-stm32/13.3.1+st.9/bin/../lib/gcc/arm-none-eabi/13.3.1/thumb/v7e-m+fp/hard\libgcc.a(_arm_cmpdf2.o)
                0x0800096c                __gtdf2
                0x0800096c                __gedf2
                0x08000974                __ltdf2
                0x08000974                __ledf2
                0x0800097c                __nedf2
                0x0800097c                __eqdf2
                0x0800097c                __cmpdf2
                0x080009f8                __aeabi_cdrcmple
                0x08000a08                __aeabi_cdcmpeq
                0x08000a08                __aeabi_cdcmple
                0x08000a18                __aeabi_dcmpeq
                0x08000a2c                __aeabi_dcmplt
                0x08000a40                __aeabi_dcmple
                0x08000a54                __aeabi_dcmpge
                0x08000a68                __aeabi_dcmpgt
 .text          0x08000a7c       0x2c C:/Users/cxmnbt/AppData/Local/stm32cube/bundles/gnu-tools-for-stm32/13.3.1+st.9/bin/../lib/gcc/arm-none-eabi/13.3.1/thumb/v7e-m+fp/hard\libgcc.a(_arm_unorddf2.o)
                0x08000a7c                __unorddf2
                0x08000a7c                __aeabi_dcmpun
 .text          0x08000aa8       0xa0 C:/Users/cxmnbt/AppData/Local/stm32cube/bundles/gnu-tools-for-stm32/13.3.1+st.9/bin/../lib/gcc/arm-none-eabi/13.3.1/thumb/v7e-m+fp/hard\libgcc.a(_arm_truncdfsf2.o)
                0x08000aa8                __truncdfsf2
                0x08000aa8                __aeabi_d2f
 .text          0x08000b48       0x30 C:/Users/cxmnbt/AppData/Local/stm32cube/bundles/gnu-tools-for-stm32/13.3.1+st.9/bin/../lib/gcc/arm-none-eabi/13.3.1/thumb/v7e-m+fp/hard\libgcc.a(_aeabi_uldivmod.o)
                0x08000b48                __aeabi_uldivmod
 .text          0x08000b78      0x2f8 C:/Users/cxmnbt/AppData/Local/stm32cube/bundles/gnu-tools-for-stm32/13.3.1+st.9/bin/../lib/gcc/arm-none-eabi/13.3.1/thumb/v7e-m+fp/hard\libgcc.a(_udivmoddi4.o)
                0x08000b78                __udivmoddi4
 .text          0x08000e70        0x4 C:/Users/cxmnbt/AppData/Local/stm32cube/bundles/gnu-tools-for-stm32/13.3.1+st.9/bin/../lib/gcc/arm-none-eabi/13.3.1/thumb/v7e-m+fp/hard\libgcc.a(_dvmd_tls.o)
                0x08000e70                __aeabi_idiv0
                0x08000e70                __aeabi_ldiv0
 *fill*         0x08000e74        0xc 
 .text          0x08000e80       0xa0 C:/Users/cxmnbt/AppData/Local/stm32cube/bundles/gnu-tools-for-stm32/13.3.1+st.9/bin/../lib/gcc/arm-none-eabi/13.3.1/../../../../arm-none-eabi/lib/thumb/v7e-m+fp/hard\libg_nano.a(libc_a-memchr.o)
                0x08000e80                memchr
 .text          0x08000f20       0x10 C:/Users/cxmnbt/AppData/Local/stm32cube/bundles/gnu-tools-for-stm32/13.3.1+st.9/bin/../lib/gcc/arm-none-eabi/13.3.1/../../../../arm-none-eabi/lib/thumb/v7e-m+fp/hard\libg_nano.a(libc_a-strlen.o)
                0x08000f20                strlen
 .text          0x08000f30       0x50 C:/Users/cxmnbt/AppData/Local/stm32cube/bundles/gnu-tools-for-stm32/13.3.1+st.9/bin/../lib/gcc/arm-none-eabi/13.3.1/thumb/v7e-m+fp/hard\libgcc.a(_arm_fixdfsi.o)
                0x08000f30                __aeabi_d2iz
                0x08000f30                __fixdfsi
 *(.text*)
 .text.SystemInit
                0x08000f80       0x24 cmake/stm32cubemx/CMakeFiles/STM32_Drivers.dir/__/__/Core/Src/system_stm32f4xx.c.obj
                0x08000f80                SystemInit
 .text.HAL_ADC_Init
                0x08000fa4       0x86 cmake/stm32cubemx/CMakeFiles/STM32_Drivers.dir/__/__/Drivers/STM32F4xx_HAL_Driver/Src/stm32f4xx_hal_adc.c.obj
                0x08000fa4                HAL_ADC_Init
 *fill*         0x0800102a        0x2 
 .text.HAL_ADC_ConfigChannel
                0x0800102c      0x244 cmake/stm32cubemx/CMakeFiles/STM32_Drivers.dir/__/__/Drivers/STM32F4xx_HAL_Driver/Src/stm32f4xx_hal_adc.c.obj
                0x0800102c                HAL_ADC_ConfigChannel
 .text.ADC_Init
                0x08001270      0x1f8 cmake/stm32cubemx/CMakeFiles/STM32_Drivers.dir/__/__/Drivers/STM32F4xx_HAL_Driver/Src/stm32f4xx_hal_adc.c.obj
 .text.HAL_RCC_OscConfig
                0x08001468      0x4f0 cmake/stm32cubemx/CMakeFiles/STM32_Drivers.dir/__/__/Drivers/STM32F4xx_HAL_Driver/Src/stm32f4xx_hal_rcc.c.obj
                0x08001468                HAL_RCC_OscConfig
 .text.HAL_RCC_ClockConfig
                0x08001958      0x1cc cmake/stm32cubemx/CMakeFiles/STM32_Drivers.dir/__/__/Drivers/STM32F4xx_HAL_Driver/Src/stm32f4xx_hal_rcc.c.obj
                0x08001958                HAL_RCC_ClockConfig
 .text.HAL_RCC_GetSysClockFreq
                0x08001b24      0x18c cmake/stm32cubemx/CMakeFiles/STM32_Drivers.dir/__/__/Drivers/STM32F4xx_HAL_Driver/Src/stm32f4xx_hal_rcc.c.obj
                0x08001b24                HAL_RCC_GetSysClockFreq
 .text.HAL_RCC_GetHCLKFreq
                0x08001cb0       0x18 cmake/stm32cubemx/CMakeFiles/STM32_Drivers.dir/__/__/Drivers/STM32F4xx_HAL_Driver/Src/stm32f4xx_hal_rcc.c.obj
                0x08001cb0                HAL_RCC_GetHCLKFreq
 .text.HAL_RCC_GetPCLK1Freq
                0x08001cc8       0x28 cmake/stm32cubemx/CMakeFiles/STM32_Drivers.dir/__/__/Drivers/STM32F4xx_HAL_Driver/Src/stm32f4xx_hal_rcc.c.obj
                0x08001cc8                HAL_RCC_GetPCLK1Freq
 .text.HAL_RCC_GetPCLK2Freq
                0x08001cf0       0x28 cmake/stm32cubemx/CMakeFiles/STM32_Drivers.dir/__/__/Drivers/STM32F4xx_HAL_Driver/Src/stm32f4xx_hal_rcc.c.obj
                0x08001cf0                HAL_RCC_GetPCLK2Freq
 .text.HAL_GPIO_Init
                0x08001d18      0x338 cmake/stm32cubemx/CMakeFiles/STM32_Drivers.dir/__/__/Drivers/STM32F4xx_HAL_Driver/Src/stm32f4xx_hal_gpio.c.obj
                0x08001d18                HAL_GPIO_Init
 .text.HAL_GPIO_WritePin
                0x08002050       0x32 cmake/stm32cubemx/CMakeFiles/STM32_Drivers.dir/__/__/Drivers/STM32F4xx_HAL_Driver/Src/stm32f4xx_hal_gpio.c.obj
                0x08002050                HAL_GPIO_WritePin
 .text.HAL_GPIO_TogglePin
                0x08002082       0x34 cmake/stm32cubemx/CMakeFiles/STM32_Drivers.dir/__/__/Drivers/STM32F4xx_HAL_Driver/Src/stm32f4xx_hal_gpio.c.obj
                0x08002082                HAL_GPIO_TogglePin
 *fill*         0x080020b6        0x2 
 .text.HAL_DMA_Init
                0x080020b8      0x15c cmake/stm32cubemx/CMakeFiles/STM32_Drivers.dir/__/__/Drivers/STM32F4xx_HAL_Driver/Src/stm32f4xx_hal_dma.c.obj
                0x080020b8                HAL_DMA_Init
 .text.HAL_DMA_IRQHandler
                0x08002214      0x314 cmake/stm32cubemx/CMakeFiles/STM32_Drivers.dir/__/__/Drivers/STM32F4xx_HAL_Driver/Src/stm32f4xx_hal_dma.c.obj
                0x08002214                HAL_DMA_IRQHandler
 .text.DMA_CalcBaseAndBitshift
                0x08002528       0x6c cmake/stm32cubemx/CMakeFiles/STM32_Drivers.dir/__/__/Drivers/STM32F4xx_HAL_Driver/Src/stm32f4xx_hal_dma.c.obj
 .text.DMA_CheckFifoParam
                0x08002594       0xf8 cmake/stm32cubemx/CMakeFiles/STM32_Drivers.dir/__/__/Drivers/STM32F4xx_HAL_Driver/Src/stm32f4xx_hal_dma.c.obj
 .text.__NVIC_SetPriorityGrouping
                0x0800268c       0x48 cmake/stm32cubemx/CMakeFiles/STM32_Drivers.dir/__/__/Drivers/STM32F4xx_HAL_Driver/Src/stm32f4xx_hal_cortex.c.obj
 .text.__NVIC_GetPriorityGrouping
                0x080026d4       0x1c cmake/stm32cubemx/CMakeFiles/STM32_Drivers.dir/__/__/Drivers/STM32F4xx_HAL_Driver/Src/stm32f4xx_hal_cortex.c.obj
 .text.__NVIC_EnableIRQ
                0x080026f0       0x3c cmake/stm32cubemx/CMakeFiles/STM32_Drivers.dir/__/__/Drivers/STM32F4xx_HAL_Driver/Src/stm32f4xx_hal_cortex.c.obj
 .text.__NVIC_SetPriority
                0x0800272c       0x54 cmake/stm32cubemx/CMakeFiles/STM32_Drivers.dir/__/__/Drivers/STM32F4xx_HAL_Driver/Src/stm32f4xx_hal_cortex.c.obj
 .text.NVIC_EncodePriority
                0x08002780       0x66 cmake/stm32cubemx/CMakeFiles/STM32_Drivers.dir/__/__/Drivers/STM32F4xx_HAL_Driver/Src/stm32f4xx_hal_cortex.c.obj
 *fill*         0x080027e6        0x2 
 .text.SysTick_Config
                0x080027e8       0x44 cmake/stm32cubemx/CMakeFiles/STM32_Drivers.dir/__/__/Drivers/STM32F4xx_HAL_Driver/Src/stm32f4xx_hal_cortex.c.obj
 .text.HAL_NVIC_SetPriorityGrouping
                0x0800282c       0x16 cmake/stm32cubemx/CMakeFiles/STM32_Drivers.dir/__/__/Drivers/STM32F4xx_HAL_Driver/Src/stm32f4xx_hal_cortex.c.obj
                0x0800282c                HAL_NVIC_SetPriorityGrouping
 .text.HAL_NVIC_SetPriority
                0x08002842       0x38 cmake/stm32cubemx/CMakeFiles/STM32_Drivers.dir/__/__/Drivers/STM32F4xx_HAL_Driver/Src/stm32f4xx_hal_cortex.c.obj
                0x08002842                HAL_NVIC_SetPriority
 .text.HAL_NVIC_EnableIRQ
                0x0800287a       0x1c cmake/stm32cubemx/CMakeFiles/STM32_Drivers.dir/__/__/Drivers/STM32F4xx_HAL_Driver/Src/stm32f4xx_hal_cortex.c.obj
                0x0800287a                HAL_NVIC_EnableIRQ
 .text.HAL_SYSTICK_Config
                0x08002896       0x18 cmake/stm32cubemx/CMakeFiles/STM32_Drivers.dir/__/__/Drivers/STM32F4xx_HAL_Driver/Src/stm32f4xx_hal_cortex.c.obj
                0x08002896                HAL_SYSTICK_Config
 *fill*         0x080028ae        0x2 
 .text.HAL_Init
                0x080028b0       0x44 cmake/stm32cubemx/CMakeFiles/STM32_Drivers.dir/__/__/Drivers/STM32F4xx_HAL_Driver/Src/stm32f4xx_hal.c.obj
                0x080028b0                HAL_Init
 .text.HAL_InitTick
                0x080028f4       0x60 cmake/stm32cubemx/CMakeFiles/STM32_Drivers.dir/__/__/Drivers/STM32F4xx_HAL_Driver/Src/stm32f4xx_hal.c.obj
                0x080028f4                HAL_InitTick
 .text.HAL_IncTick
                0x08002954       0x28 cmake/stm32cubemx/CMakeFiles/STM32_Drivers.dir/__/__/Drivers/STM32F4xx_HAL_Driver/Src/stm32f4xx_hal.c.obj
                0x08002954                HAL_IncTick
 .text.HAL_GetTick
                0x0800297c       0x18 cmake/stm32cubemx/CMakeFiles/STM32_Drivers.dir/__/__/Drivers/STM32F4xx_HAL_Driver/Src/stm32f4xx_hal.c.obj
                0x0800297c                HAL_GetTick
 .text.HAL_Delay
                0x08002994       0x48 cmake/stm32cubemx/CMakeFiles/STM32_Drivers.dir/__/__/Drivers/STM32F4xx_HAL_Driver/Src/stm32f4xx_hal.c.obj
                0x08002994                HAL_Delay
 .text.HAL_I2C_Init
                0x080029dc      0x288 cmake/stm32cubemx/CMakeFiles/STM32_Drivers.dir/__/__/Drivers/STM32F4xx_HAL_Driver/Src/stm32f4xx_hal_i2c.c.obj
                0x080029dc                HAL_I2C_Init
 .text.HAL_I2C_Mem_Write
                0x08002c64      0x1f4 cmake/stm32cubemx/CMakeFiles/STM32_Drivers.dir/__/__/Drivers/STM32F4xx_HAL_Driver/Src/stm32f4xx_hal_i2c.c.obj
                0x08002c64                HAL_I2C_Mem_Write
 .text.HAL_I2C_Mem_Read
                0x08002e58      0x464 cmake/stm32cubemx/CMakeFiles/STM32_Drivers.dir/__/__/Drivers/STM32F4xx_HAL_Driver/Src/stm32f4xx_hal_i2c.c.obj
                0x08002e58                HAL_I2C_Mem_Read
 .text.I2C_RequestMemoryWrite
                0x080032bc      0x12c cmake/stm32cubemx/CMakeFiles/STM32_Drivers.dir/__/__/Drivers/STM32F4xx_HAL_Driver/Src/stm32f4xx_hal_i2c.c.obj
 .text.I2C_RequestMemoryRead
                0x080033e8      0x1d0 cmake/stm32cubemx/CMakeFiles/STM32_Drivers.dir/__/__/Drivers/STM32F4xx_HAL_Driver/Src/stm32f4xx_hal_i2c.c.obj
 .text.I2C_WaitOnFlagUntilTimeout
                0x080035b8       0xf4 cmake/stm32cubemx/CMakeFiles/STM32_Drivers.dir/__/__/Drivers/STM32F4xx_HAL_Driver/Src/stm32f4xx_hal_i2c.c.obj
 .text.I2C_WaitOnMasterAddressFlagUntilTimeout
                0x080036ac      0x140 cmake/stm32cubemx/CMakeFiles/STM32_Drivers.dir/__/__/Drivers/STM32F4xx_HAL_Driver/Src/stm32f4xx_hal_i2c.c.obj
 .text.I2C_WaitOnTXEFlagUntilTimeout
                0x080037ec       0x90 cmake/stm32cubemx/CMakeFiles/STM32_Drivers.dir/__/__/Drivers/STM32F4xx_HAL_Driver/Src/stm32f4xx_hal_i2c.c.obj
 .text.I2C_WaitOnBTFFlagUntilTimeout
                0x0800387c       0x90 cmake/stm32cubemx/CMakeFiles/STM32_Drivers.dir/__/__/Drivers/STM32F4xx_HAL_Driver/Src/stm32f4xx_hal_i2c.c.obj
 .text.I2C_WaitOnRXNEFlagUntilTimeout
                0x0800390c       0xba cmake/stm32cubemx/CMakeFiles/STM32_Drivers.dir/__/__/Drivers/STM32F4xx_HAL_Driver/Src/stm32f4xx_hal_i2c.c.obj
 .text.I2C_IsAcknowledgeFailed
                0x080039c6       0x5e cmake/stm32cubemx/CMakeFiles/STM32_Drivers.dir/__/__/Drivers/STM32F4xx_HAL_Driver/Src/stm32f4xx_hal_i2c.c.obj
 .text.HAL_TIM_Base_Init
                0x08003a24       0x9e cmake/stm32cubemx/CMakeFiles/STM32_Drivers.dir/__/__/Drivers/STM32F4xx_HAL_Driver/Src/stm32f4xx_hal_tim.c.obj
                0x08003a24                HAL_TIM_Base_Init
 *fill*         0x08003ac2        0x2 
 .text.HAL_TIM_Base_Start_IT
                0x08003ac4       0xe0 cmake/stm32cubemx/CMakeFiles/STM32_Drivers.dir/__/__/Drivers/STM32F4xx_HAL_Driver/Src/stm32f4xx_hal_tim.c.obj
                0x08003ac4                HAL_TIM_Base_Start_IT
 .text.HAL_TIM_IRQHandler
                0x08003ba4      0x1e0 cmake/stm32cubemx/CMakeFiles/STM32_Drivers.dir/__/__/Drivers/STM32F4xx_HAL_Driver/Src/stm32f4xx_hal_tim.c.obj
                0x08003ba4                HAL_TIM_IRQHandler
 .text.HAL_TIM_ConfigClockSource
                0x08003d84      0x18e cmake/stm32cubemx/CMakeFiles/STM32_Drivers.dir/__/__/Drivers/STM32F4xx_HAL_Driver/Src/stm32f4xx_hal_tim.c.obj
                0x08003d84                HAL_TIM_ConfigClockSource
 .text.HAL_TIM_OC_DelayElapsedCallback
                0x08003f12       0x14 cmake/stm32cubemx/CMakeFiles/STM32_Drivers.dir/__/__/Drivers/STM32F4xx_HAL_Driver/Src/stm32f4xx_hal_tim.c.obj
                0x08003f12                HAL_TIM_OC_DelayElapsedCallback
 .text.HAL_TIM_IC_CaptureCallback
                0x08003f26       0x14 cmake/stm32cubemx/CMakeFiles/STM32_Drivers.dir/__/__/Drivers/STM32F4xx_HAL_Driver/Src/stm32f4xx_hal_tim.c.obj
                0x08003f26                HAL_TIM_IC_CaptureCallback
 .text.HAL_TIM_PWM_PulseFinishedCallback
                0x08003f3a       0x14 cmake/stm32cubemx/CMakeFiles/STM32_Drivers.dir/__/__/Drivers/STM32F4xx_HAL_Driver/Src/stm32f4xx_hal_tim.c.obj
                0x08003f3a                HAL_TIM_PWM_PulseFinishedCallback
 .text.HAL_TIM_TriggerCallback
                0x08003f4e       0x14 cmake/stm32cubemx/CMakeFiles/STM32_Drivers.dir/__/__/Drivers/STM32F4xx_HAL_Driver/Src/stm32f4xx_hal_tim.c.obj
                0x08003f4e                HAL_TIM_TriggerCallback
 *fill*         0x08003f62        0x2 
 .text.TIM_Base_SetConfig
                0x08003f64      0x14c cmake/stm32cubemx/CMakeFiles/STM32_Drivers.dir/__/__/Drivers/STM32F4xx_HAL_Driver/Src/stm32f4xx_hal_tim.c.obj
                0x08003f64                TIM_Base_SetConfig
 .text.TIM_TI1_ConfigInputStage
                0x080040b0       0x5e cmake/stm32cubemx/CMakeFiles/STM32_Drivers.dir/__/__/Drivers/STM32F4xx_HAL_Driver/Src/stm32f4xx_hal_tim.c.obj
 .text.TIM_TI2_ConfigInputStage
                0x0800410e       0x60 cmake/stm32cubemx/CMakeFiles/STM32_Drivers.dir/__/__/Drivers/STM32F4xx_HAL_Driver/Src/stm32f4xx_hal_tim.c.obj
 .text.TIM_ITRx_SetConfig
                0x0800416e       0x36 cmake/stm32cubemx/CMakeFiles/STM32_Drivers.dir/__/__/Drivers/STM32F4xx_HAL_Driver/Src/stm32f4xx_hal_tim.c.obj
 .text.TIM_ETR_SetConfig
                0x080041a4       0x40 cmake/stm32cubemx/CMakeFiles/STM32_Drivers.dir/__/__/Drivers/STM32F4xx_HAL_Driver/Src/stm32f4xx_hal_tim.c.obj
                0x080041a4                TIM_ETR_SetConfig
 .text.HAL_TIMEx_MasterConfigSynchronization
                0x080041e4       0xf8 cmake/stm32cubemx/CMakeFiles/STM32_Drivers.dir/__/__/Drivers/STM32F4xx_HAL_Driver/Src/stm32f4xx_hal_tim_ex.c.obj
                0x080041e4                HAL_TIMEx_MasterConfigSynchronization
 .text.HAL_TIMEx_CommutCallback
                0x080042dc       0x14 cmake/stm32cubemx/CMakeFiles/STM32_Drivers.dir/__/__/Drivers/STM32F4xx_HAL_Driver/Src/stm32f4xx_hal_tim_ex.c.obj
                0x080042dc                HAL_TIMEx_CommutCallback
 .text.HAL_TIMEx_BreakCallback
                0x080042f0       0x14 cmake/stm32cubemx/CMakeFiles/STM32_Drivers.dir/__/__/Drivers/STM32F4xx_HAL_Driver/Src/stm32f4xx_hal_tim_ex.c.obj
                0x080042f0                HAL_TIMEx_BreakCallback
 .text.HAL_UART_Init
                0x08004304       0xa0 cmake/stm32cubemx/CMakeFiles/STM32_Drivers.dir/__/__/Drivers/STM32F4xx_HAL_Driver/Src/stm32f4xx_hal_uart.c.obj
                0x08004304                HAL_UART_Init
 .text.HAL_UART_Transmit
                0x080043a4      0x116 cmake/stm32cubemx/CMakeFiles/STM32_Drivers.dir/__/__/Drivers/STM32F4xx_HAL_Driver/Src/stm32f4xx_hal_uart.c.obj
                0x080043a4                HAL_UART_Transmit
 .text.HAL_UART_Receive
                0x080044ba      0x12e cmake/stm32cubemx/CMakeFiles/STM32_Drivers.dir/__/__/Drivers/STM32F4xx_HAL_Driver/Src/stm32f4xx_hal_uart.c.obj
                0x080044ba                HAL_UART_Receive
 .text.UART_WaitOnFlagUntilTimeout
                0x080045e8       0xb2 cmake/stm32cubemx/CMakeFiles/STM32_Drivers.dir/__/__/Drivers/STM32F4xx_HAL_Driver/Src/stm32f4xx_hal_uart.c.obj
 .text.UART_EndRxTransfer
                0x0800469a       0xc6 cmake/stm32cubemx/CMakeFiles/STM32_Drivers.dir/__/__/Drivers/STM32F4xx_HAL_Driver/Src/stm32f4xx_hal_uart.c.obj
 .text.UART_SetConfig
                0x08004760      0x4e8 cmake/stm32cubemx/CMakeFiles/STM32_Drivers.dir/__/__/Drivers/STM32F4xx_HAL_Driver/Src/stm32f4xx_hal_uart.c.obj
 .text.HAL_TIM_PeriodElapsedCallback
                0x08004c48       0x28 CMakeFiles/mpu_test.dir/Core/Src/main.c.obj
                0x08004c48                HAL_TIM_PeriodElapsedCallback
 .text.Motor_LeftFront_CurrentLoop_1A_Demo
                0x08004c70       0xb8 CMakeFiles/mpu_test.dir/Core/Src/main.c.obj
                0x08004c70                Motor_LeftFront_CurrentLoop_1A_Demo
 .text.main     0x08004d28       0xe4 CMakeFiles/mpu_test.dir/Core/Src/main.c.obj
                0x08004d28                main
 .text.SystemClock_Config
                0x08004e0c       0xd4 CMakeFiles/mpu_test.dir/Core/Src/main.c.obj
                0x08004e0c                SystemClock_Config
 .text.Error_Handler
                0x08004ee0        0xc CMakeFiles/mpu_test.dir/Core/Src/main.c.obj
                0x08004ee0                Error_Handler
 .text.MX_GPIO_Init
                0x08004eec      0x178 CMakeFiles/mpu_test.dir/Core/Src/gpio.c.obj
                0x08004eec                MX_GPIO_Init
 .text.MX_ADC1_Init
                0x08005064       0xa4 CMakeFiles/mpu_test.dir/Core/Src/adc.c.obj
                0x08005064                MX_ADC1_Init
 .text.HAL_ADC_MspInit
                0x08005108       0xc0 CMakeFiles/mpu_test.dir/Core/Src/adc.c.obj
                0x08005108                HAL_ADC_MspInit
 .text.MX_DMA_Init
                0x080051c8       0x8c CMakeFiles/mpu_test.dir/Core/Src/dma.c.obj
                0x080051c8                MX_DMA_Init
 .text.MX_I2C1_Init
                0x08005254       0x5c CMakeFiles/mpu_test.dir/Core/Src/i2c.c.obj
                0x08005254                MX_I2C1_Init
 .text.HAL_I2C_MspInit
                0x080052b0       0x90 CMakeFiles/mpu_test.dir/Core/Src/i2c.c.obj
                0x080052b0                HAL_I2C_MspInit
 .text.MX_TIM2_Init
                0x08005340       0x98 CMakeFiles/mpu_test.dir/Core/Src/tim.c.obj
                0x08005340                MX_TIM2_Init
 .text.HAL_TIM_Base_MspInit
                0x080053d8       0x4c CMakeFiles/mpu_test.dir/Core/Src/tim.c.obj
                0x080053d8                HAL_TIM_Base_MspInit
 .text.MX_UART4_Init
                0x08005424       0x54 CMakeFiles/mpu_test.dir/Core/Src/usart.c.obj
                0x08005424                MX_UART4_Init
 .text.MX_UART5_Init
                0x08005478       0x54 CMakeFiles/mpu_test.dir/Core/Src/usart.c.obj
                0x08005478                MX_UART5_Init
 .text.MX_USART1_UART_Init
                0x080054cc       0x54 CMakeFiles/mpu_test.dir/Core/Src/usart.c.obj
                0x080054cc                MX_USART1_UART_Init
 .text.MX_USART2_UART_Init
                0x08005520       0x54 CMakeFiles/mpu_test.dir/Core/Src/usart.c.obj
                0x08005520                MX_USART2_UART_Init
 .text.MX_USART3_UART_Init
                0x08005574       0x54 CMakeFiles/mpu_test.dir/Core/Src/usart.c.obj
                0x08005574                MX_USART3_UART_Init
 .text.MX_USART6_UART_Init
                0x080055c8       0x54 CMakeFiles/mpu_test.dir/Core/Src/usart.c.obj
                0x080055c8                MX_USART6_UART_Init
 .text.HAL_UART_MspInit
                0x0800561c      0x508 CMakeFiles/mpu_test.dir/Core/Src/usart.c.obj
                0x0800561c                HAL_UART_MspInit
 .text.NMI_Handler
                0x08005b24        0x8 CMakeFiles/mpu_test.dir/Core/Src/stm32f4xx_it.c.obj
                0x08005b24                NMI_Handler
 .text.HardFault_Handler
                0x08005b2c        0x8 CMakeFiles/mpu_test.dir/Core/Src/stm32f4xx_it.c.obj
                0x08005b2c                HardFault_Handler
 .text.MemManage_Handler
                0x08005b34        0x8 CMakeFiles/mpu_test.dir/Core/Src/stm32f4xx_it.c.obj
                0x08005b34                MemManage_Handler
 .text.BusFault_Handler
                0x08005b3c        0x8 CMakeFiles/mpu_test.dir/Core/Src/stm32f4xx_it.c.obj
                0x08005b3c                BusFault_Handler
 .text.UsageFault_Handler
                0x08005b44        0x8 CMakeFiles/mpu_test.dir/Core/Src/stm32f4xx_it.c.obj
                0x08005b44                UsageFault_Handler
 .text.SVC_Handler
                0x08005b4c        0xe CMakeFiles/mpu_test.dir/Core/Src/stm32f4xx_it.c.obj
                0x08005b4c                SVC_Handler
 .text.DebugMon_Handler
                0x08005b5a        0xe CMakeFiles/mpu_test.dir/Core/Src/stm32f4xx_it.c.obj
                0x08005b5a                DebugMon_Handler
 .text.PendSV_Handler
                0x08005b68        0xe CMakeFiles/mpu_test.dir/Core/Src/stm32f4xx_it.c.obj
                0x08005b68                PendSV_Handler
 .text.SysTick_Handler
                0x08005b76        0xc CMakeFiles/mpu_test.dir/Core/Src/stm32f4xx_it.c.obj
                0x08005b76                SysTick_Handler
 *fill*         0x08005b82        0x2 
 .text.DMA1_Stream5_IRQHandler
                0x08005b84       0x14 CMakeFiles/mpu_test.dir/Core/Src/stm32f4xx_it.c.obj
                0x08005b84                DMA1_Stream5_IRQHandler
 .text.DMA1_Stream6_IRQHandler
                0x08005b98       0x14 CMakeFiles/mpu_test.dir/Core/Src/stm32f4xx_it.c.obj
                0x08005b98                DMA1_Stream6_IRQHandler
 .text.TIM2_IRQHandler
                0x08005bac       0x14 CMakeFiles/mpu_test.dir/Core/Src/stm32f4xx_it.c.obj
                0x08005bac                TIM2_IRQHandler
 .text.DMA2_Stream1_IRQHandler
                0x08005bc0       0x14 CMakeFiles/mpu_test.dir/Core/Src/stm32f4xx_it.c.obj
                0x08005bc0                DMA2_Stream1_IRQHandler
 .text.DMA2_Stream6_IRQHandler
                0x08005bd4       0x14 CMakeFiles/mpu_test.dir/Core/Src/stm32f4xx_it.c.obj
                0x08005bd4                DMA2_Stream6_IRQHandler
 .text.HAL_MspInit
                0x08005be8       0x50 CMakeFiles/mpu_test.dir/Core/Src/stm32f4xx_hal_msp.c.obj
                0x08005be8                HAL_MspInit
 .text._sbrk    0x08005c38       0x6c CMakeFiles/mpu_test.dir/Core/Src/sysmem.c.obj
                0x08005c38                _sbrk
 .text._getpid  0x08005ca4       0x10 CMakeFiles/mpu_test.dir/Core/Src/syscalls.c.obj
                0x08005ca4                _getpid
 .text._kill    0x08005cb4       0x20 CMakeFiles/mpu_test.dir/Core/Src/syscalls.c.obj
                0x08005cb4                _kill
 .text._exit    0x08005cd4       0x16 CMakeFiles/mpu_test.dir/Core/Src/syscalls.c.obj
                0x08005cd4                _exit
 .text._read    0x08005cea       0x3a CMakeFiles/mpu_test.dir/Core/Src/syscalls.c.obj
                0x08005cea                _read
 .text._write   0x08005d24       0x38 CMakeFiles/mpu_test.dir/Core/Src/syscalls.c.obj
                0x08005d24                _write
 .text._close   0x08005d5c       0x18 CMakeFiles/mpu_test.dir/Core/Src/syscalls.c.obj
                0x08005d5c                _close
 .text._fstat   0x08005d74       0x20 CMakeFiles/mpu_test.dir/Core/Src/syscalls.c.obj
                0x08005d74                _fstat
 .text._isatty  0x08005d94       0x16 CMakeFiles/mpu_test.dir/Core/Src/syscalls.c.obj
                0x08005d94                _isatty
 .text._lseek   0x08005daa       0x1a CMakeFiles/mpu_test.dir/Core/Src/syscalls.c.obj
                0x08005daa                _lseek
 .text.CRC_8    0x08005dc4       0x8a CMakeFiles/mpu_test.dir/Core/Src/moter.c.obj
                0x08005dc4                CRC_8
 *fill*         0x08005e4e        0x2 
 .text.Motor_SendCommand
                0x08005e50      0x210 CMakeFiles/mpu_test.dir/Core/Src/moter.c.obj
                0x08005e50                Motor_SendCommand
 .text.Motor_SetMode
                0x08006060       0xe0 CMakeFiles/mpu_test.dir/Core/Src/moter.c.obj
                0x08006060                Motor_SetMode
 .text.Motor_ParseFeedback
                0x08006140      0x2e0 CMakeFiles/mpu_test.dir/Core/Src/moter.c.obj
                0x08006140                Motor_ParseFeedback
 .text.Motor_Init_All
                0x08006420      0x11c CMakeFiles/mpu_test.dir/Core/Src/moter.c.obj
                0x08006420                Motor_Init_All
 .text.Motor_SendCurrentCmd
                0x0800653c      0x230 CMakeFiles/mpu_test.dir/Core/Src/moter.c.obj
                0x0800653c                Motor_SendCurrentCmd
 .text.PT1Filter_Init
                0x0800676c       0x42 CMakeFiles/mpu_test.dir/Core/Src/filter.c.obj
                0x0800676c                PT1Filter_Init
 *fill*         0x080067ae        0x2 
 .text.PT1Filter_InitWithFreq
                0x080067b0       0x64 CMakeFiles/mpu_test.dir/Core/Src/filter.c.obj
                0x080067b0                PT1Filter_InitWithFreq
 .text.PT1Filter_Apply
                0x08006814       0x5e CMakeFiles/mpu_test.dir/Core/Src/filter.c.obj
                0x08006814                PT1Filter_Apply
 *fill*         0x08006872        0x2 
 .text.mpu6050_write_reg
                0x08006874       0x40 CMakeFiles/mpu_test.dir/Core/Src/mpu.c.obj
 .text.mpu6050_read_reg_continue
                0x080068b4       0x3c CMakeFiles/mpu_test.dir/Core/Src/mpu.c.obj
                0x080068b4                mpu6050_read_reg_continue
 .text.MPU6050_SoftCalibrate_Z
                0x080068f0      0x200 CMakeFiles/mpu_test.dir/Core/Src/mpu.c.obj
 .text.MPU6050_Register_init
                0x08006af0      0x258 CMakeFiles/mpu_test.dir/Core/Src/mpu.c.obj
 .text.MPU6050_Get_Raw
                0x08006d48      0x234 CMakeFiles/mpu_test.dir/Core/Src/mpu.c.obj
 .text.MPU6050_init
                0x08006f7c       0xf8 CMakeFiles/mpu_test.dir/Core/Src/mpu.c.obj
                0x08006f7c                MPU6050_init
 *fill*         0x08007074        0x4 
 .text.MPU6050_Get_Angle
                0x08007078      0x300 CMakeFiles/mpu_test.dir/Core/Src/mpu.c.obj
                0x08007078                MPU6050_Get_Angle
 .text.__io_putchar
                0x08007378       0x24 CMakeFiles/mpu_test.dir/Core/Src/HAL_Add.c.obj
                0x08007378                __io_putchar
 .text.Reset_Handler
                0x0800739c       0x50 CMakeFiles/mpu_test.dir/startup_stm32f407xx.s.obj
                0x0800739c                Reset_Handler
 .text.Default_Handler
                0x080073ec        0x2 CMakeFiles/mpu_test.dir/startup_stm32f407xx.s.obj
                0x080073ec                RTC_Alarm_IRQHandler
                0x080073ec                HASH_RNG_IRQHandler
                0x080073ec                EXTI2_IRQHandler
                0x080073ec                TIM8_CC_IRQHandler
                0x080073ec                TIM1_CC_IRQHandler
                0x080073ec                DMA2_Stream5_IRQHandler
                0x080073ec                PVD_IRQHandler
                0x080073ec                SDIO_IRQHandler
                0x080073ec                TAMP_STAMP_IRQHandler
                0x080073ec                CAN2_RX1_IRQHandler
                0x080073ec                EXTI3_IRQHandler
                0x080073ec                TIM8_TRG_COM_TIM14_IRQHandler
                0x080073ec                TIM1_UP_TIM10_IRQHandler
                0x080073ec                TIM8_UP_TIM13_IRQHandler
                0x080073ec                I2C3_ER_IRQHandler
                0x080073ec                EXTI0_IRQHandler
                0x080073ec                I2C2_EV_IRQHandler
                0x080073ec                DMA1_Stream2_IRQHandler
                0x080073ec                CAN1_RX0_IRQHandler
                0x080073ec                FPU_IRQHandler
                0x080073ec                OTG_HS_WKUP_IRQHandler
                0x080073ec                CAN2_SCE_IRQHandler
                0x080073ec                DMA2_Stream2_IRQHandler
                0x080073ec                SPI1_IRQHandler
                0x080073ec                TIM6_DAC_IRQHandler
                0x080073ec                TIM1_BRK_TIM9_IRQHandler
                0x080073ec                DCMI_IRQHandler
                0x080073ec                CAN2_RX0_IRQHandler
                0x080073ec                DMA2_Stream3_IRQHandler
                0x080073ec                USART6_IRQHandler
                0x080073ec                USART3_IRQHandler
                0x080073ec                CAN1_RX1_IRQHandler
                0x080073ec                UART5_IRQHandler
                0x080073ec                DMA2_Stream0_IRQHandler
                0x080073ec                TIM4_IRQHandler
                0x080073ec                I2C1_EV_IRQHandler
                0x080073ec                DMA1_Stream1_IRQHandler
                0x080073ec                UART4_IRQHandler
                0x080073ec                TIM3_IRQHandler
                0x080073ec                RCC_IRQHandler
                0x080073ec                TIM8_BRK_TIM12_IRQHandler
                0x080073ec                Default_Handler
                0x080073ec                EXTI15_10_IRQHandler
                0x080073ec                ADC_IRQHandler
                0x080073ec                DMA1_Stream7_IRQHandler
                0x080073ec                TIM7_IRQHandler
                0x080073ec                CAN2_TX_IRQHandler
                0x080073ec                TIM5_IRQHandler
                0x080073ec                DMA2_Stream7_IRQHandler
                0x080073ec                I2C3_EV_IRQHandler
                0x080073ec                EXTI9_5_IRQHandler
                0x080073ec                RTC_WKUP_IRQHandler
                0x080073ec                ETH_WKUP_IRQHandler
                0x080073ec                SPI2_IRQHandler
                0x080073ec                OTG_HS_EP1_IN_IRQHandler
                0x080073ec                DMA1_Stream0_IRQHandler
                0x080073ec                CAN1_TX_IRQHandler
                0x080073ec                EXTI4_IRQHandler
                0x080073ec                FSMC_IRQHandler
                0x080073ec                ETH_IRQHandler
                0x080073ec                OTG_HS_EP1_OUT_IRQHandler
                0x080073ec                WWDG_IRQHandler
                0x080073ec                OTG_FS_WKUP_IRQHandler
                0x080073ec                TIM1_TRG_COM_TIM11_IRQHandler
                0x080073ec                OTG_HS_IRQHandler
                0x080073ec                EXTI1_IRQHandler
                0x080073ec                USART2_IRQHandler
                0x080073ec                I2C2_ER_IRQHandler
                0x080073ec                CAN1_SCE_IRQHandler
                0x080073ec                FLASH_IRQHandler
                0x080073ec                DMA2_Stream4_IRQHandler
                0x080073ec                USART1_IRQHandler
                0x080073ec                OTG_FS_IRQHandler
                0x080073ec                SPI3_IRQHandler
                0x080073ec                DMA1_Stream4_IRQHandler
                0x080073ec                I2C1_ER_IRQHandler
                0x080073ec                DMA1_Stream3_IRQHandler
 .text.atan2    0x080073ee        0x4 C:/Users/cxmnbt/AppData/Local/stm32cube/bundles/gnu-tools-for-stm32/13.3.1+st.9/bin/../lib/gcc/arm-none-eabi/13.3.1/../../../../arm-none-eabi/lib/thumb/v7e-m+fp/hard\libm.a(libm_a-w_atan2.o)
                0x080073ee                atan2
 .text.sqrt     0x080073f2       0x58 C:/Users/cxmnbt/AppData/Local/stm32cube/bundles/gnu-tools-for-stm32/13.3.1+st.9/bin/../lib/gcc/arm-none-eabi/13.3.1/../../../../arm-none-eabi/lib/thumb/v7e-m+fp/hard\libm.a(libm_a-w_sqrt.o)
                0x080073f2                sqrt
 *fill*         0x0800744a        0x2 
 .text.__ieee754_sqrt
                0x0800744c      0x1ac C:/Users/cxmnbt/AppData/Local/stm32cube/bundles/gnu-tools-for-stm32/13.3.1+st.9/bin/../lib/gcc/arm-none-eabi/13.3.1/../../../../arm-none-eabi/lib/thumb/v7e-m+fp/hard\libm.a(libm_a-e_sqrt.o)
                0x0800744c                __ieee754_sqrt
 .text.__ieee754_atan2
                0x080075f8      0x18c C:/Users/cxmnbt/AppData/Local/stm32cube/bundles/gnu-tools-for-stm32/13.3.1+st.9/bin/../lib/gcc/arm-none-eabi/13.3.1/../../../../arm-none-eabi/lib/thumb/v7e-m+fp/hard\libm.a(libm_a-e_atan2.o)
                0x080075f8                __ieee754_atan2
 *fill*         0x08007784        0x4 
 .text.atan     0x08007788      0x330 C:/Users/cxmnbt/AppData/Local/stm32cube/bundles/gnu-tools-for-stm32/13.3.1+st.9/bin/../lib/gcc/arm-none-eabi/13.3.1/../../../../arm-none-eabi/lib/thumb/v7e-m+fp/hard\libm.a(libm_a-s_atan.o)
                0x08007788                atan
 .text.fabs     0x08007ab8       0x10 C:/Users/cxmnbt/AppData/Local/stm32cube/bundles/gnu-tools-for-stm32/13.3.1+st.9/bin/../lib/gcc/arm-none-eabi/13.3.1/../../../../arm-none-eabi/lib/thumb/v7e-m+fp/hard\libm.a(libm_a-s_fabs.o)
                0x08007ab8                fabs
 .text.__cvt    0x08007ac8       0xca C:/Users/cxmnbt/AppData/Local/stm32cube/bundles/gnu-tools-for-stm32/13.3.1+st.9/bin/../lib/gcc/arm-none-eabi/13.3.1/../../../../arm-none-eabi/lib/thumb/v7e-m+fp/hard\libg_nano.a(libc_a-nano-vfprintf_float.o)
                0x08007ac8                __cvt
 .text.__exponent
                0x08007b92       0x74 C:/Users/cxmnbt/AppData/Local/stm32cube/bundles/gnu-tools-for-stm32/13.3.1+st.9/bin/../lib/gcc/arm-none-eabi/13.3.1/../../../../arm-none-eabi/lib/thumb/v7e-m+fp/hard\libg_nano.a(libc_a-nano-vfprintf_float.o)
                0x08007b92                __exponent
 *fill*         0x08007c06        0x2 
 .text._printf_float
                0x08007c08      0x454 C:/Users/cxmnbt/AppData/Local/stm32cube/bundles/gnu-tools-for-stm32/13.3.1+st.9/bin/../lib/gcc/arm-none-eabi/13.3.1/../../../../arm-none-eabi/lib/thumb/v7e-m+fp/hard\libg_nano.a(libc_a-nano-vfprintf_float.o)
                0x08007c08                _printf_float
 .text._printf_common
                0x0800805c       0xda C:/Users/cxmnbt/AppData/Local/stm32cube/bundles/gnu-tools-for-stm32/13.3.1+st.9/bin/../lib/gcc/arm-none-eabi/13.3.1/../../../../arm-none-eabi/lib/thumb/v7e-m+fp/hard\libg_nano.a(libc_a-nano-vfprintf_i.o)
                0x0800805c                _printf_common
 *fill*         0x08008136        0x2 
 .text._printf_i
                0x08008138      0x23c C:/Users/cxmnbt/AppData/Local/stm32cube/bundles/gnu-tools-for-stm32/13.3.1+st.9/bin/../lib/gcc/arm-none-eabi/13.3.1/../../../../arm-none-eabi/lib/thumb/v7e-m+fp/hard\libg_nano.a(libc_a-nano-vfprintf_i.o)
                0x08008138                _printf_i
 .text.std      0x08008374       0x6c C:/Users/cxmnbt/AppData/Local/stm32cube/bundles/gnu-tools-for-stm32/13.3.1+st.9/bin/../lib/gcc/arm-none-eabi/13.3.1/../../../../arm-none-eabi/lib/thumb/v7e-m+fp/hard\libg_nano.a(libc_a-findfp.o)
 .text.stdio_exit_handler
                0x080083e0       0x18 C:/Users/cxmnbt/AppData/Local/stm32cube/bundles/gnu-tools-for-stm32/13.3.1+st.9/bin/../lib/gcc/arm-none-eabi/13.3.1/../../../../arm-none-eabi/lib/thumb/v7e-m+fp/hard\libg_nano.a(libc_a-findfp.o)
 .text.cleanup_stdio
                0x080083f8       0x40 C:/Users/cxmnbt/AppData/Local/stm32cube/bundles/gnu-tools-for-stm32/13.3.1+st.9/bin/../lib/gcc/arm-none-eabi/13.3.1/../../../../arm-none-eabi/lib/thumb/v7e-m+fp/hard\libg_nano.a(libc_a-findfp.o)
 .text.global_stdio_init.part.0
                0x08008438       0x3c C:/Users/cxmnbt/AppData/Local/stm32cube/bundles/gnu-tools-for-stm32/13.3.1+st.9/bin/../lib/gcc/arm-none-eabi/13.3.1/../../../../arm-none-eabi/lib/thumb/v7e-m+fp/hard\libg_nano.a(libc_a-findfp.o)
 .text.__sfp_lock_acquire
                0x08008474        0xc C:/Users/cxmnbt/AppData/Local/stm32cube/bundles/gnu-tools-for-stm32/13.3.1+st.9/bin/../lib/gcc/arm-none-eabi/13.3.1/../../../../arm-none-eabi/lib/thumb/v7e-m+fp/hard\libg_nano.a(libc_a-findfp.o)
                0x08008474                __sfp_lock_acquire
 .text.__sfp_lock_release
                0x08008480        0xc C:/Users/cxmnbt/AppData/Local/stm32cube/bundles/gnu-tools-for-stm32/13.3.1+st.9/bin/../lib/gcc/arm-none-eabi/13.3.1/../../../../arm-none-eabi/lib/thumb/v7e-m+fp/hard\libg_nano.a(libc_a-findfp.o)
                0x08008480                __sfp_lock_release
 .text.__sinit  0x0800848c       0x30 C:/Users/cxmnbt/AppData/Local/stm32cube/bundles/gnu-tools-for-stm32/13.3.1+st.9/bin/../lib/gcc/arm-none-eabi/13.3.1/../../../../arm-none-eabi/lib/thumb/v7e-m+fp/hard\libg_nano.a(libc_a-findfp.o)
                0x0800848c                __sinit
 .text._fwalk_sglue
                0x080084bc       0x3c C:/Users/cxmnbt/AppData/Local/stm32cube/bundles/gnu-tools-for-stm32/13.3.1+st.9/bin/../lib/gcc/arm-none-eabi/13.3.1/../../../../arm-none-eabi/lib/thumb/v7e-m+fp/hard\libg_nano.a(libc_a-fwalk.o)
                0x080084bc                _fwalk_sglue
 .text.sprintf  0x080084f8       0x44 C:/Users/cxmnbt/AppData/Local/stm32cube/bundles/gnu-tools-for-stm32/13.3.1+st.9/bin/../lib/gcc/arm-none-eabi/13.3.1/../../../../arm-none-eabi/lib/thumb/v7e-m+fp/hard\libg_nano.a(libc_a-sprintf.o)
                0x080084f8                siprintf
                0x080084f8                sprintf
 .text.__sread  0x0800853c       0x22 C:/Users/cxmnbt/AppData/Local/stm32cube/bundles/gnu-tools-for-stm32/13.3.1+st.9/bin/../lib/gcc/arm-none-eabi/13.3.1/../../../../arm-none-eabi/lib/thumb/v7e-m+fp/hard\libg_nano.a(libc_a-stdio.o)
                0x0800853c                __sread
 .text.__swrite
                0x0800855e       0x38 C:/Users/cxmnbt/AppData/Local/stm32cube/bundles/gnu-tools-for-stm32/13.3.1+st.9/bin/../lib/gcc/arm-none-eabi/13.3.1/../../../../arm-none-eabi/lib/thumb/v7e-m+fp/hard\libg_nano.a(libc_a-stdio.o)
                0x0800855e                __swrite
 .text.__sseek  0x08008596       0x24 C:/Users/cxmnbt/AppData/Local/stm32cube/bundles/gnu-tools-for-stm32/13.3.1+st.9/bin/../lib/gcc/arm-none-eabi/13.3.1/../../../../arm-none-eabi/lib/thumb/v7e-m+fp/hard\libg_nano.a(libc_a-stdio.o)
                0x08008596                __sseek
 .text.__sclose
                0x080085ba        0x8 C:/Users/cxmnbt/AppData/Local/stm32cube/bundles/gnu-tools-for-stm32/13.3.1+st.9/bin/../lib/gcc/arm-none-eabi/13.3.1/../../../../arm-none-eabi/lib/thumb/v7e-m+fp/hard\libg_nano.a(libc_a-stdio.o)
                0x080085ba                __sclose
 .text.memset   0x080085c2       0x10 C:/Users/cxmnbt/AppData/Local/stm32cube/bundles/gnu-tools-for-stm32/13.3.1+st.9/bin/../lib/gcc/arm-none-eabi/13.3.1/../../../../arm-none-eabi/lib/thumb/v7e-m+fp/hard\libg_nano.a(libc_a-memset.o)
                0x080085c2                memset
 *fill*         0x080085d2        0x2 
 .text._localeconv_r
                0x080085d4        0x8 C:/Users/cxmnbt/AppData/Local/stm32cube/bundles/gnu-tools-for-stm32/13.3.1+st.9/bin/../lib/gcc/arm-none-eabi/13.3.1/../../../../arm-none-eabi/lib/thumb/v7e-m+fp/hard\libg_nano.a(libc_a-localeconv.o)
                0x080085d4                _localeconv_r
 .text._close_r
                0x080085dc       0x20 C:/Users/cxmnbt/AppData/Local/stm32cube/bundles/gnu-tools-for-stm32/13.3.1+st.9/bin/../lib/gcc/arm-none-eabi/13.3.1/../../../../arm-none-eabi/lib/thumb/v7e-m+fp/hard\libg_nano.a(libc_a-closer.o)
                0x080085dc                _close_r
 .text._lseek_r
                0x080085fc       0x24 C:/Users/cxmnbt/AppData/Local/stm32cube/bundles/gnu-tools-for-stm32/13.3.1+st.9/bin/../lib/gcc/arm-none-eabi/13.3.1/../../../../arm-none-eabi/lib/thumb/v7e-m+fp/hard\libg_nano.a(libc_a-lseekr.o)
                0x080085fc                _lseek_r
 .text._read_r  0x08008620       0x24 C:/Users/cxmnbt/AppData/Local/stm32cube/bundles/gnu-tools-for-stm32/13.3.1+st.9/bin/../lib/gcc/arm-none-eabi/13.3.1/../../../../arm-none-eabi/lib/thumb/v7e-m+fp/hard\libg_nano.a(libc_a-readr.o)
                0x08008620                _read_r
 .text._write_r
                0x08008644       0x24 C:/Users/cxmnbt/AppData/Local/stm32cube/bundles/gnu-tools-for-stm32/13.3.1+st.9/bin/../lib/gcc/arm-none-eabi/13.3.1/../../../../arm-none-eabi/lib/thumb/v7e-m+fp/hard\libg_nano.a(libc_a-writer.o)
                0x08008644                _write_r
 .text.__errno  0x08008668        0xc C:/Users/cxmnbt/AppData/Local/stm32cube/bundles/gnu-tools-for-stm32/13.3.1+st.9/bin/../lib/gcc/arm-none-eabi/13.3.1/../../../../arm-none-eabi/lib/thumb/v7e-m+fp/hard\libg_nano.a(libc_a-errno.o)
                0x08008668                __errno
 .text.__libc_init_array
                0x08008674       0x48 C:/Users/cxmnbt/AppData/Local/stm32cube/bundles/gnu-tools-for-stm32/13.3.1+st.9/bin/../lib/gcc/arm-none-eabi/13.3.1/../../../../arm-none-eabi/lib/thumb/v7e-m+fp/hard\libg_nano.a(libc_a-init.o)
                0x08008674                __libc_init_array
 .text.__retarget_lock_init_recursive
                0x080086bc        0x2 C:/Users/cxmnbt/AppData/Local/stm32cube/bundles/gnu-tools-for-stm32/13.3.1+st.9/bin/../lib/gcc/arm-none-eabi/13.3.1/../../../../arm-none-eabi/lib/thumb/v7e-m+fp/hard\libg_nano.a(libc_a-lock.o)
                0x080086bc                __retarget_lock_init_recursive
 .text.__retarget_lock_acquire_recursive
                0x080086be        0x2 C:/Users/cxmnbt/AppData/Local/stm32cube/bundles/gnu-tools-for-stm32/13.3.1+st.9/bin/../lib/gcc/arm-none-eabi/13.3.1/../../../../arm-none-eabi/lib/thumb/v7e-m+fp/hard\libg_nano.a(libc_a-lock.o)
                0x080086be                __retarget_lock_acquire_recursive
 .text.__retarget_lock_release_recursive
                0x080086c0        0x2 C:/Users/cxmnbt/AppData/Local/stm32cube/bundles/gnu-tools-for-stm32/13.3.1+st.9/bin/../lib/gcc/arm-none-eabi/13.3.1/../../../../arm-none-eabi/lib/thumb/v7e-m+fp/hard\libg_nano.a(libc_a-lock.o)
                0x080086c0                __retarget_lock_release_recursive
 .text.quorem   0x080086c2      0x110 C:/Users/cxmnbt/AppData/Local/stm32cube/bundles/gnu-tools-for-stm32/13.3.1+st.9/bin/../lib/gcc/arm-none-eabi/13.3.1/../../../../arm-none-eabi/lib/thumb/v7e-m+fp/hard\libg_nano.a(libc_a-dtoa.o)
 *fill*         0x080087d2        0x6 
 .text._dtoa_r  0x080087d8      0xba0 C:/Users/cxmnbt/AppData/Local/stm32cube/bundles/gnu-tools-for-stm32/13.3.1+st.9/bin/../lib/gcc/arm-none-eabi/13.3.1/../../../../arm-none-eabi/lib/thumb/v7e-m+fp/hard\libg_nano.a(libc_a-dtoa.o)
                0x080087d8                _dtoa_r
 .text._free_r  0x08009378       0x94 C:/Users/cxmnbt/AppData/Local/stm32cube/bundles/gnu-tools-for-stm32/13.3.1+st.9/bin/../lib/gcc/arm-none-eabi/13.3.1/../../../../arm-none-eabi/lib/thumb/v7e-m+fp/hard\libg_nano.a(libc_a-freer.o)
                0x08009378                _free_r
 .text.malloc   0x0800940c       0x10 C:/Users/cxmnbt/AppData/Local/stm32cube/bundles/gnu-tools-for-stm32/13.3.1+st.9/bin/../lib/gcc/arm-none-eabi/13.3.1/../../../../arm-none-eabi/lib/thumb/v7e-m+fp/hard\libg_nano.a(libc_a-malloc.o)
                0x0800940c                malloc
 .text.sbrk_aligned
                0x0800941c       0x44 C:/Users/cxmnbt/AppData/Local/stm32cube/bundles/gnu-tools-for-stm32/13.3.1+st.9/bin/../lib/gcc/arm-none-eabi/13.3.1/../../../../arm-none-eabi/lib/thumb/v7e-m+fp/hard\libg_nano.a(libc_a-mallocr.o)
 .text._malloc_r
                0x08009460      0x100 C:/Users/cxmnbt/AppData/Local/stm32cube/bundles/gnu-tools-for-stm32/13.3.1+st.9/bin/../lib/gcc/arm-none-eabi/13.3.1/../../../../arm-none-eabi/lib/thumb/v7e-m+fp/hard\libg_nano.a(libc_a-mallocr.o)
                0x08009460                _malloc_r
 .text.__malloc_lock
                0x08009560        0xc C:/Users/cxmnbt/AppData/Local/stm32cube/bundles/gnu-tools-for-stm32/13.3.1+st.9/bin/../lib/gcc/arm-none-eabi/13.3.1/../../../../arm-none-eabi/lib/thumb/v7e-m+fp/hard\libg_nano.a(libc_a-mlock.o)
                0x08009560                __malloc_lock
 .text.__malloc_unlock
                0x0800956c        0xc C:/Users/cxmnbt/AppData/Local/stm32cube/bundles/gnu-tools-for-stm32/13.3.1+st.9/bin/../lib/gcc/arm-none-eabi/13.3.1/../../../../arm-none-eabi/lib/thumb/v7e-m+fp/hard\libg_nano.a(libc_a-mlock.o)
                0x0800956c                __malloc_unlock
 .text._Balloc  0x08009578       0x80 C:/Users/cxmnbt/AppData/Local/stm32cube/bundles/gnu-tools-for-stm32/13.3.1+st.9/bin/../lib/gcc/arm-none-eabi/13.3.1/../../../../arm-none-eabi/lib/thumb/v7e-m+fp/hard\libg_nano.a(libc_a-mprec.o)
                0x08009578                _Balloc
 .text._Bfree   0x080095f8       0x44 C:/Users/cxmnbt/AppData/Local/stm32cube/bundles/gnu-tools-for-stm32/13.3.1+st.9/bin/../lib/gcc/arm-none-eabi/13.3.1/../../../../arm-none-eabi/lib/thumb/v7e-m+fp/hard\libg_nano.a(libc_a-mprec.o)
                0x080095f8                _Bfree
 .text.__multadd
                0x0800963c       0x8c C:/Users/cxmnbt/AppData/Local/stm32cube/bundles/gnu-tools-for-stm32/13.3.1+st.9/bin/../lib/gcc/arm-none-eabi/13.3.1/../../../../arm-none-eabi/lib/thumb/v7e-m+fp/hard\libg_nano.a(libc_a-mprec.o)
                0x0800963c                __multadd
 .text.__hi0bits
                0x080096c8       0x3e C:/Users/cxmnbt/AppData/Local/stm32cube/bundles/gnu-tools-for-stm32/13.3.1+st.9/bin/../lib/gcc/arm-none-eabi/13.3.1/../../../../arm-none-eabi/lib/thumb/v7e-m+fp/hard\libg_nano.a(libc_a-mprec.o)
                0x080096c8                __hi0bits
 .text.__lo0bits
                0x08009706       0x5a C:/Users/cxmnbt/AppData/Local/stm32cube/bundles/gnu-tools-for-stm32/13.3.1+st.9/bin/../lib/gcc/arm-none-eabi/13.3.1/../../../../arm-none-eabi/lib/thumb/v7e-m+fp/hard\libg_nano.a(libc_a-mprec.o)
                0x08009706                __lo0bits
 .text.__i2b    0x08009760       0x2c C:/Users/cxmnbt/AppData/Local/stm32cube/bundles/gnu-tools-for-stm32/13.3.1+st.9/bin/../lib/gcc/arm-none-eabi/13.3.1/../../../../arm-none-eabi/lib/thumb/v7e-m+fp/hard\libg_nano.a(libc_a-mprec.o)
                0x08009760                __i2b
 .text.__multiply
                0x0800978c      0x144 C:/Users/cxmnbt/AppData/Local/stm32cube/bundles/gnu-tools-for-stm32/13.3.1+st.9/bin/../lib/gcc/arm-none-eabi/13.3.1/../../../../arm-none-eabi/lib/thumb/v7e-m+fp/hard\libg_nano.a(libc_a-mprec.o)
                0x0800978c                __multiply
 .text.__pow5mult
                0x080098d0       0xb4 C:/Users/cxmnbt/AppData/Local/stm32cube/bundles/gnu-tools-for-stm32/13.3.1+st.9/bin/../lib/gcc/arm-none-eabi/13.3.1/../../../../arm-none-eabi/lib/thumb/v7e-m+fp/hard\libg_nano.a(libc_a-mprec.o)
                0x080098d0                __pow5mult
 .text.__lshift
                0x08009984       0xd8 C:/Users/cxmnbt/AppData/Local/stm32cube/bundles/gnu-tools-for-stm32/13.3.1+st.9/bin/../lib/gcc/arm-none-eabi/13.3.1/../../../../arm-none-eabi/lib/thumb/v7e-m+fp/hard\libg_nano.a(libc_a-mprec.o)
                0x08009984                __lshift
 .text.__mcmp   0x08009a5c       0x36 C:/Users/cxmnbt/AppData/Local/stm32cube/bundles/gnu-tools-for-stm32/13.3.1+st.9/bin/../lib/gcc/arm-none-eabi/13.3.1/../../../../arm-none-eabi/lib/thumb/v7e-m+fp/hard\libg_nano.a(libc_a-mprec.o)
                0x08009a5c                __mcmp
 *fill*         0x08009a92        0x2 
 .text.__mdiff  0x08009a94      0x128 C:/Users/cxmnbt/AppData/Local/stm32cube/bundles/gnu-tools-for-stm32/13.3.1+st.9/bin/../lib/gcc/arm-none-eabi/13.3.1/../../../../arm-none-eabi/lib/thumb/v7e-m+fp/hard\libg_nano.a(libc_a-mprec.o)
                0x08009a94                __mdiff
 .text.__d2b    0x08009bbc       0xb0 C:/Users/cxmnbt/AppData/Local/stm32cube/bundles/gnu-tools-for-stm32/13.3.1+st.9/bin/../lib/gcc/arm-none-eabi/13.3.1/../../../../arm-none-eabi/lib/thumb/v7e-m+fp/hard\libg_nano.a(libc_a-mprec.o)
                0x08009bbc                __d2b
 .text.__ssputs_r
                0x08009c6c       0xb6 C:/Users/cxmnbt/AppData/Local/stm32cube/bundles/gnu-tools-for-stm32/13.3.1+st.9/bin/../lib/gcc/arm-none-eabi/13.3.1/../../../../arm-none-eabi/lib/thumb/v7e-m+fp/hard\libg_nano.a(libc_a-nano-svfprintf.o)
                0x08009c6c                __ssputs_r
 *fill*         0x08009d22        0x2 
 .text._svfprintf_r
                0x08009d24      0x1f8 C:/Users/cxmnbt/AppData/Local/stm32cube/bundles/gnu-tools-for-stm32/13.3.1+st.9/bin/../lib/gcc/arm-none-eabi/13.3.1/../../../../arm-none-eabi/lib/thumb/v7e-m+fp/hard\libg_nano.a(libc_a-nano-svfprintf.o)
                0x08009d24                _svfiprintf_r
                0x08009d24                _svfprintf_r
 .text.__sflush_r
                0x08009f1c      0x108 C:/Users/cxmnbt/AppData/Local/stm32cube/bundles/gnu-tools-for-stm32/13.3.1+st.9/bin/../lib/gcc/arm-none-eabi/13.3.1/../../../../arm-none-eabi/lib/thumb/v7e-m+fp/hard\libg_nano.a(libc_a-fflush.o)
                0x08009f1c                __sflush_r
 .text._fflush_r
                0x0800a024       0x50 C:/Users/cxmnbt/AppData/Local/stm32cube/bundles/gnu-tools-for-stm32/13.3.1+st.9/bin/../lib/gcc/arm-none-eabi/13.3.1/../../../../arm-none-eabi/lib/thumb/v7e-m+fp/hard\libg_nano.a(libc_a-fflush.o)
                0x0800a024                _fflush_r
 .text.memmove  0x0800a074       0x34 C:/Users/cxmnbt/AppData/Local/stm32cube/bundles/gnu-tools-for-stm32/13.3.1+st.9/bin/../lib/gcc/arm-none-eabi/13.3.1/../../../../arm-none-eabi/lib/thumb/v7e-m+fp/hard\libg_nano.a(libc_a-memmove.o)
                0x0800a074                memmove
 .text._sbrk_r  0x0800a0a8       0x20 C:/Users/cxmnbt/AppData/Local/stm32cube/bundles/gnu-tools-for-stm32/13.3.1+st.9/bin/../lib/gcc/arm-none-eabi/13.3.1/../../../../arm-none-eabi/lib/thumb/v7e-m+fp/hard\libg_nano.a(libc_a-sbrkr.o)
                0x0800a0a8                _sbrk_r
 .text.memcpy   0x0800a0c8       0x1c C:/Users/cxmnbt/AppData/Local/stm32cube/bundles/gnu-tools-for-stm32/13.3.1+st.9/bin/../lib/gcc/arm-none-eabi/13.3.1/../../../../arm-none-eabi/lib/thumb/v7e-m+fp/hard\libg_nano.a(libc_a-memcpy-stub.o)
                0x0800a0c8                memcpy
 .text.__assert_func
                0x0800a0e4       0x3c C:/Users/cxmnbt/AppData/Local/stm32cube/bundles/gnu-tools-for-stm32/13.3.1+st.9/bin/../lib/gcc/arm-none-eabi/13.3.1/../../../../arm-none-eabi/lib/thumb/v7e-m+fp/hard\libg_nano.a(libc_a-assert.o)
                0x0800a0e4                __assert_func
 .text._calloc_r
                0x0800a120       0x28 C:/Users/cxmnbt/AppData/Local/stm32cube/bundles/gnu-tools-for-stm32/13.3.1+st.9/bin/../lib/gcc/arm-none-eabi/13.3.1/../../../../arm-none-eabi/lib/thumb/v7e-m+fp/hard\libg_nano.a(libc_a-callocr.o)
                0x0800a120                _calloc_r
 .text.__ascii_mbtowc
                0x0800a148       0x24 C:/Users/cxmnbt/AppData/Local/stm32cube/bundles/gnu-tools-for-stm32/13.3.1+st.9/bin/../lib/gcc/arm-none-eabi/13.3.1/../../../../arm-none-eabi/lib/thumb/v7e-m+fp/hard\libg_nano.a(libc_a-mbtowc_r.o)
                0x0800a148                __ascii_mbtowc
 .text._realloc_r
                0x0800a16c       0x5c C:/Users/cxmnbt/AppData/Local/stm32cube/bundles/gnu-tools-for-stm32/13.3.1+st.9/bin/../lib/gcc/arm-none-eabi/13.3.1/../../../../arm-none-eabi/lib/thumb/v7e-m+fp/hard\libg_nano.a(libc_a-reallocr.o)
                0x0800a16c                _realloc_r
 .text.__ascii_wctomb
                0x0800a1c8       0x1a C:/Users/cxmnbt/AppData/Local/stm32cube/bundles/gnu-tools-for-stm32/13.3.1+st.9/bin/../lib/gcc/arm-none-eabi/13.3.1/../../../../arm-none-eabi/lib/thumb/v7e-m+fp/hard\libg_nano.a(libc_a-wctomb_r.o)
                0x0800a1c8                __ascii_wctomb
 *fill*         0x0800a1e2        0x2 
 .text.fprintf  0x0800a1e4       0x24 C:/Users/cxmnbt/AppData/Local/stm32cube/bundles/gnu-tools-for-stm32/13.3.1+st.9/bin/../lib/gcc/arm-none-eabi/13.3.1/../../../../arm-none-eabi/lib/thumb/v7e-m+fp/hard\libg_nano.a(libc_a-fprintf.o)
                0x0800a1e4                fiprintf
                0x0800a1e4                fprintf
 .text.abort    0x0800a208        0xe C:/Users/cxmnbt/AppData/Local/stm32cube/bundles/gnu-tools-for-stm32/13.3.1+st.9/bin/../lib/gcc/arm-none-eabi/13.3.1/../../../../arm-none-eabi/lib/thumb/v7e-m+fp/hard\libg_nano.a(libc_a-abort.o)
                0x0800a208                abort
 .text._malloc_usable_size_r
                0x0800a216       0x10 C:/Users/cxmnbt/AppData/Local/stm32cube/bundles/gnu-tools-for-stm32/13.3.1+st.9/bin/../lib/gcc/arm-none-eabi/13.3.1/../../../../arm-none-eabi/lib/thumb/v7e-m+fp/hard\libg_nano.a(libc_a-msizer.o)
                0x0800a216                _malloc_usable_size_r
 .text.__sfputc_r
                0x0800a226       0x2e C:/Users/cxmnbt/AppData/Local/stm32cube/bundles/gnu-tools-for-stm32/13.3.1+st.9/bin/../lib/gcc/arm-none-eabi/13.3.1/../../../../arm-none-eabi/lib/thumb/v7e-m+fp/hard\libg_nano.a(libc_a-nano-vfprintf.o)
 .text.__sfputs_r
                0x0800a254       0x24 C:/Users/cxmnbt/AppData/Local/stm32cube/bundles/gnu-tools-for-stm32/13.3.1+st.9/bin/../lib/gcc/arm-none-eabi/13.3.1/../../../../arm-none-eabi/lib/thumb/v7e-m+fp/hard\libg_nano.a(libc_a-nano-vfprintf.o)
                0x0800a254                __sfputs_r
 .text._vfprintf_r
                0x0800a278      0x230 C:/Users/cxmnbt/AppData/Local/stm32cube/bundles/gnu-tools-for-stm32/13.3.1+st.9/bin/../lib/gcc/arm-none-eabi/13.3.1/../../../../arm-none-eabi/lib/thumb/v7e-m+fp/hard\libg_nano.a(libc_a-nano-vfprintf.o)
                0x0800a278                _vfprintf_r
                0x0800a278                _vfiprintf_r
 .text.__swbuf_r
                0x0800a4a8       0x7c C:/Users/cxmnbt/AppData/Local/stm32cube/bundles/gnu-tools-for-stm32/13.3.1+st.9/bin/../lib/gcc/arm-none-eabi/13.3.1/../../../../arm-none-eabi/lib/thumb/v7e-m+fp/hard\libg_nano.a(libc_a-wbuf.o)
                0x0800a4a8                __swbuf_r
 .text.__swsetup_r
                0x0800a524       0xac C:/Users/cxmnbt/AppData/Local/stm32cube/bundles/gnu-tools-for-stm32/13.3.1+st.9/bin/../lib/gcc/arm-none-eabi/13.3.1/../../../../arm-none-eabi/lib/thumb/v7e-m+fp/hard\libg_nano.a(libc_a-wsetup.o)
                0x0800a524                __swsetup_r
 .text._raise_r
                0x0800a5d0       0x50 C:/Users/cxmnbt/AppData/Local/stm32cube/bundles/gnu-tools-for-stm32/13.3.1+st.9/bin/../lib/gcc/arm-none-eabi/13.3.1/../../../../arm-none-eabi/lib/thumb/v7e-m+fp/hard\libg_nano.a(libc_a-signal.o)
                0x0800a5d0                _raise_r
 .text.raise    0x0800a620       0x10 C:/Users/cxmnbt/AppData/Local/stm32cube/bundles/gnu-tools-for-stm32/13.3.1+st.9/bin/../lib/gcc/arm-none-eabi/13.3.1/../../../../arm-none-eabi/lib/thumb/v7e-m+fp/hard\libg_nano.a(libc_a-signal.o)
                0x0800a620                raise
 .text._kill_r  0x0800a630       0x24 C:/Users/cxmnbt/AppData/Local/stm32cube/bundles/gnu-tools-for-stm32/13.3.1+st.9/bin/../lib/gcc/arm-none-eabi/13.3.1/../../../../arm-none-eabi/lib/thumb/v7e-m+fp/hard\libg_nano.a(libc_a-signalr.o)
                0x0800a630                _kill_r
 .text._getpid_r
                0x0800a654        0x4 C:/Users/cxmnbt/AppData/Local/stm32cube/bundles/gnu-tools-for-stm32/13.3.1+st.9/bin/../lib/gcc/arm-none-eabi/13.3.1/../../../../arm-none-eabi/lib/thumb/v7e-m+fp/hard\libg_nano.a(libc_a-signalr.o)
                0x0800a654                _getpid_r
 .text.__swhatbuf_r
                0x0800a658       0x4c C:/Users/cxmnbt/AppData/Local/stm32cube/bundles/gnu-tools-for-stm32/13.3.1+st.9/bin/../lib/gcc/arm-none-eabi/13.3.1/../../../../arm-none-eabi/lib/thumb/v7e-m+fp/hard\libg_nano.a(libc_a-makebuf.o)
                0x0800a658                __swhatbuf_r
 .text.__smakebuf_r
                0x0800a6a4       0x78 C:/Users/cxmnbt/AppData/Local/stm32cube/bundles/gnu-tools-for-stm32/13.3.1+st.9/bin/../lib/gcc/arm-none-eabi/13.3.1/../../../../arm-none-eabi/lib/thumb/v7e-m+fp/hard\libg_nano.a(libc_a-makebuf.o)
                0x0800a6a4                __smakebuf_r
 .text._fstat_r
                0x0800a71c       0x24 C:/Users/cxmnbt/AppData/Local/stm32cube/bundles/gnu-tools-for-stm32/13.3.1+st.9/bin/../lib/gcc/arm-none-eabi/13.3.1/../../../../arm-none-eabi/lib/thumb/v7e-m+fp/hard\libg_nano.a(libc_a-fstatr.o)
                0x0800a71c                _fstat_r
 .text._isatty_r
                0x0800a740       0x20 C:/Users/cxmnbt/AppData/Local/stm32cube/bundles/gnu-tools-for-stm32/13.3.1+st.9/bin/../lib/gcc/arm-none-eabi/13.3.1/../../../../arm-none-eabi/lib/thumb/v7e-m+fp/hard\libg_nano.a(libc_a-isattyr.o)
                0x0800a740                _isatty_r
 *(.glue_7)
 .glue_7        0x0800a760        0x0 linker stubs
 *(.glue_7t)
 .glue_7t       0x0800a760        0x0 linker stubs
 *(.eh_frame)
 .eh_frame      0x0800a760        0x0 C:/Users/cxmnbt/AppData/Local/stm32cube/bundles/gnu-tools-for-stm32/13.3.1+st.9/bin/../lib/gcc/arm-none-eabi/13.3.1/thumb/v7e-m+fp/hard/crtbegin.o
 *(.init)
 .init          0x0800a760        0x4 C:/Users/cxmnbt/AppData/Local/stm32cube/bundles/gnu-tools-for-stm32/13.3.1+st.9/bin/../lib/gcc/arm-none-eabi/13.3.1/thumb/v7e-m+fp/hard/crti.o
                0x0800a760                _init
 .init          0x0800a764        0x8 C:/Users/cxmnbt/AppData/Local/stm32cube/bundles/gnu-tools-for-stm32/13.3.1+st.9/bin/../lib/gcc/arm-none-eabi/13.3.1/thumb/v7e-m+fp/hard/crtn.o
 *(.fini)
 .fini          0x0800a76c        0x4 C:/Users/cxmnbt/AppData/Local/stm32cube/bundles/gnu-tools-for-stm32/13.3.1+st.9/bin/../lib/gcc/arm-none-eabi/13.3.1/thumb/v7e-m+fp/hard/crti.o
                0x0800a76c                _fini
 .fini          0x0800a770        0x8 C:/Users/cxmnbt/AppData/Local/stm32cube/bundles/gnu-tools-for-stm32/13.3.1+st.9/bin/../lib/gcc/arm-none-eabi/13.3.1/thumb/v7e-m+fp/hard/crtn.o
                0x0800a778                        . = ALIGN (0x4)
                0x0800a778                        _etext = .

.vfp11_veneer   0x0800a778        0x0
 .vfp11_veneer  0x0800a778        0x0 linker stubs

.v4_bx          0x0800a778        0x0
 .v4_bx         0x0800a778        0x0 linker stubs

.iplt           0x0800a778        0x0
 .iplt          0x0800a778        0x0 C:/Users/cxmnbt/AppData/Local/stm32cube/bundles/gnu-tools-for-stm32/13.3.1+st.9/bin/../lib/gcc/arm-none-eabi/13.3.1/thumb/v7e-m+fp/hard/crtbegin.o

.rodata         0x0800a778      0x424
                0x0800a778                        . = ALIGN (0x4)
 *(.rodata)
 .rodata        0x0800a778       0x10 CMakeFiles/mpu_test.dir/Core/Src/main.c.obj
 *(.rodata*)
 .rodata.AHBPrescTable
                0x0800a788       0x10 cmake/stm32cubemx/CMakeFiles/STM32_Drivers.dir/__/__/Core/Src/system_stm32f4xx.c.obj
                0x0800a788                AHBPrescTable
 .rodata.APBPrescTable
                0x0800a798        0x8 cmake/stm32cubemx/CMakeFiles/STM32_Drivers.dir/__/__/Core/Src/system_stm32f4xx.c.obj
                0x0800a798                APBPrescTable
 .rodata.flagBitshiftOffset.0
                0x0800a7a0        0x8 cmake/stm32cubemx/CMakeFiles/STM32_Drivers.dir/__/__/Drivers/STM32F4xx_HAL_Driver/Src/stm32f4xx_hal_dma.c.obj
 .rodata.tiny   0x0800a7a8        0x8 C:/Users/cxmnbt/AppData/Local/stm32cube/bundles/gnu-tools-for-stm32/13.3.1+st.9/bin/../lib/gcc/arm-none-eabi/13.3.1/../../../../arm-none-eabi/lib/thumb/v7e-m+fp/hard\libm.a(libm_a-e_sqrt.o)
 .rodata.one    0x0800a7b0        0x8 C:/Users/cxmnbt/AppData/Local/stm32cube/bundles/gnu-tools-for-stm32/13.3.1+st.9/bin/../lib/gcc/arm-none-eabi/13.3.1/../../../../arm-none-eabi/lib/thumb/v7e-m+fp/hard\libm.a(libm_a-e_sqrt.o)
 .rodata.CSWTCH.9
                0x0800a7b8       0x18 C:/Users/cxmnbt/AppData/Local/stm32cube/bundles/gnu-tools-for-stm32/13.3.1+st.9/bin/../lib/gcc/arm-none-eabi/13.3.1/../../../../arm-none-eabi/lib/thumb/v7e-m+fp/hard\libm.a(libm_a-e_atan2.o)
 .rodata.CSWTCH.8
                0x0800a7d0       0x18 C:/Users/cxmnbt/AppData/Local/stm32cube/bundles/gnu-tools-for-stm32/13.3.1+st.9/bin/../lib/gcc/arm-none-eabi/13.3.1/../../../../arm-none-eabi/lib/thumb/v7e-m+fp/hard\libm.a(libm_a-e_atan2.o)
 .rodata.atanlo
                0x0800a7e8       0x20 C:/Users/cxmnbt/AppData/Local/stm32cube/bundles/gnu-tools-for-stm32/13.3.1+st.9/bin/../lib/gcc/arm-none-eabi/13.3.1/../../../../arm-none-eabi/lib/thumb/v7e-m+fp/hard\libm.a(libm_a-s_atan.o)
 .rodata.atanhi
                0x0800a808       0x20 C:/Users/cxmnbt/AppData/Local/stm32cube/bundles/gnu-tools-for-stm32/13.3.1+st.9/bin/../lib/gcc/arm-none-eabi/13.3.1/../../../../arm-none-eabi/lib/thumb/v7e-m+fp/hard\libm.a(libm_a-s_atan.o)
 .rodata._printf_float.str1.1
                0x0800a828      0x171 C:/Users/cxmnbt/AppData/Local/stm32cube/bundles/gnu-tools-for-stm32/13.3.1+st.9/bin/../lib/gcc/arm-none-eabi/13.3.1/../../../../arm-none-eabi/lib/thumb/v7e-m+fp/hard\libg_nano.a(libc_a-nano-vfprintf_float.o)
                                 0x12 (size before relaxing)
 .rodata._printf_i.str1.1
                0x0800a999        0x0 C:/Users/cxmnbt/AppData/Local/stm32cube/bundles/gnu-tools-for-stm32/13.3.1+st.9/bin/../lib/gcc/arm-none-eabi/13.3.1/../../../../arm-none-eabi/lib/thumb/v7e-m+fp/hard\libg_nano.a(libc_a-nano-vfprintf_i.o)
                                 0x22 (size before relaxing)
 .rodata._dtoa_r.str1.1
                0x0800a999        0x0 C:/Users/cxmnbt/AppData/Local/stm32cube/bundles/gnu-tools-for-stm32/13.3.1+st.9/bin/../lib/gcc/arm-none-eabi/13.3.1/../../../../arm-none-eabi/lib/thumb/v7e-m+fp/hard\libg_nano.a(libc_a-dtoa.o)
                                 0x8f (size before relaxing)
 .rodata._Balloc.str1.1
                0x0800a999        0x0 C:/Users/cxmnbt/AppData/Local/stm32cube/bundles/gnu-tools-for-stm32/13.3.1+st.9/bin/../lib/gcc/arm-none-eabi/13.3.1/../../../../arm-none-eabi/lib/thumb/v7e-m+fp/hard\libg_nano.a(libc_a-mprec.o)
                                 0x70 (size before relaxing)
 .rodata.__multadd.str1.1
                0x0800a999        0x0 C:/Users/cxmnbt/AppData/Local/stm32cube/bundles/gnu-tools-for-stm32/13.3.1+st.9/bin/../lib/gcc/arm-none-eabi/13.3.1/../../../../arm-none-eabi/lib/thumb/v7e-m+fp/hard\libg_nano.a(libc_a-mprec.o)
                                 0x11 (size before relaxing)
 *fill*         0x0800a999        0x3 
 .rodata.p05.0  0x0800a99c        0xc C:/Users/cxmnbt/AppData/Local/stm32cube/bundles/gnu-tools-for-stm32/13.3.1+st.9/bin/../lib/gcc/arm-none-eabi/13.3.1/../../../../arm-none-eabi/lib/thumb/v7e-m+fp/hard\libg_nano.a(libc_a-mprec.o)
 .rodata.__mprec_bigtens
                0x0800a9a8       0x28 C:/Users/cxmnbt/AppData/Local/stm32cube/bundles/gnu-tools-for-stm32/13.3.1+st.9/bin/../lib/gcc/arm-none-eabi/13.3.1/../../../../arm-none-eabi/lib/thumb/v7e-m+fp/hard\libg_nano.a(libc_a-mprec.o)
                0x0800a9a8                __mprec_bigtens
 .rodata.__mprec_tens
                0x0800a9d0       0xc8 C:/Users/cxmnbt/AppData/Local/stm32cube/bundles/gnu-tools-for-stm32/13.3.1+st.9/bin/../lib/gcc/arm-none-eabi/13.3.1/../../../../arm-none-eabi/lib/thumb/v7e-m+fp/hard\libg_nano.a(libc_a-mprec.o)
                0x0800a9d0                __mprec_tens
 .rodata._svfprintf_r.str1.1
                0x0800aa98        0x0 C:/Users/cxmnbt/AppData/Local/stm32cube/bundles/gnu-tools-for-stm32/13.3.1+st.9/bin/../lib/gcc/arm-none-eabi/13.3.1/../../../../arm-none-eabi/lib/thumb/v7e-m+fp/hard\libg_nano.a(libc_a-nano-svfprintf.o)
                                 0x11 (size before relaxing)
 .rodata._setlocale_r.str1.1
                0x0800aa98        0x0 C:/Users/cxmnbt/AppData/Local/stm32cube/bundles/gnu-tools-for-stm32/13.3.1+st.9/bin/../lib/gcc/arm-none-eabi/13.3.1/../../../../arm-none-eabi/lib/thumb/v7e-m+fp/hard\libg_nano.a(libc_a-locale.o)
                                  0x9 (size before relaxing)
 .rodata.str1.1
                0x0800aa98        0x0 C:/Users/cxmnbt/AppData/Local/stm32cube/bundles/gnu-tools-for-stm32/13.3.1+st.9/bin/../lib/gcc/arm-none-eabi/13.3.1/../../../../arm-none-eabi/lib/thumb/v7e-m+fp/hard\libg_nano.a(libc_a-locale.o)
                                  0x2 (size before relaxing)
 .rodata.__assert_func.str1.1
                0x0800aa98        0x0 C:/Users/cxmnbt/AppData/Local/stm32cube/bundles/gnu-tools-for-stm32/13.3.1+st.9/bin/../lib/gcc/arm-none-eabi/13.3.1/../../../../arm-none-eabi/lib/thumb/v7e-m+fp/hard\libg_nano.a(libc_a-assert.o)
                                 0x3d (size before relaxing)
 .rodata._ctype_
                0x0800aa98      0x101 C:/Users/cxmnbt/AppData/Local/stm32cube/bundles/gnu-tools-for-stm32/13.3.1+st.9/bin/../lib/gcc/arm-none-eabi/13.3.1/../../../../arm-none-eabi/lib/thumb/v7e-m+fp/hard\libg_nano.a(libc_a-ctype_.o)
                0x0800aa98                _ctype_
 .rodata._vfprintf_r.str1.1
                0x0800ab99        0x0 C:/Users/cxmnbt/AppData/Local/stm32cube/bundles/gnu-tools-for-stm32/13.3.1+st.9/bin/../lib/gcc/arm-none-eabi/13.3.1/../../../../arm-none-eabi/lib/thumb/v7e-m+fp/hard\libg_nano.a(libc_a-nano-vfprintf.o)
                                 0x11 (size before relaxing)
                0x0800ab9c                        . = ALIGN (0x4)
 *fill*         0x0800ab99        0x3 

.ARM.extab      0x0800ab9c        0x0
                0x0800ab9c                        . = ALIGN (0x4)
 *(.ARM.extab* .gnu.linkonce.armextab.*)
                0x0800ab9c                        . = ALIGN (0x4)

.ARM            0x0800ab9c        0x8
                0x0800ab9c                        . = ALIGN (0x4)
                0x0800ab9c                        __exidx_start = .
 *(.ARM.exidx*)
 .ARM.exidx     0x0800ab9c        0x8 C:/Users/cxmnbt/AppData/Local/stm32cube/bundles/gnu-tools-for-stm32/13.3.1+st.9/bin/../lib/gcc/arm-none-eabi/13.3.1/thumb/v7e-m+fp/hard\libgcc.a(_udivmoddi4.o)
 .ARM.exidx     0x0800aba4        0x0 C:/Users/cxmnbt/AppData/Local/stm32cube/bundles/gnu-tools-for-stm32/13.3.1+st.9/bin/../lib/gcc/arm-none-eabi/13.3.1/../../../../arm-none-eabi/lib/thumb/v7e-m+fp/hard\libg_nano.a(libc_a-memchr.o)
                                  0x8 (size before relaxing)
 .ARM.exidx     0x0800aba4        0x0 C:/Users/cxmnbt/AppData/Local/stm32cube/bundles/gnu-tools-for-stm32/13.3.1+st.9/bin/../lib/gcc/arm-none-eabi/13.3.1/../../../../arm-none-eabi/lib/thumb/v7e-m+fp/hard\libg_nano.a(libc_a-strlen.o)
                                  0x8 (size before relaxing)
                0x0800aba4                        __exidx_end = .
                0x0800aba4                        . = ALIGN (0x4)

.preinit_array  0x0800aba4        0x0
                0x0800aba4                        . = ALIGN (0x4)
                0x0800aba4                        PROVIDE (__preinit_array_start = .)
 *(.preinit_array*)
                0x0800aba4                        PROVIDE (__preinit_array_end = .)
                0x0800aba4                        . = ALIGN (0x4)

.init_array     0x0800aba4        0x4
                0x0800aba4                        . = ALIGN (0x4)
                0x0800aba4                        PROVIDE (__init_array_start = .)
 *(SORT_BY_NAME(.init_array.*))
 *(.init_array*)
 .init_array    0x0800aba4        0x4 C:/Users/cxmnbt/AppData/Local/stm32cube/bundles/gnu-tools-for-stm32/13.3.1+st.9/bin/../lib/gcc/arm-none-eabi/13.3.1/thumb/v7e-m+fp/hard/crtbegin.o
                0x0800aba8                        PROVIDE (__init_array_end = .)
                0x0800aba8                        . = ALIGN (0x4)

.fini_array     0x0800aba8        0x4
                0x0800aba8                        . = ALIGN (0x4)
                [!provide]                        PROVIDE (__fini_array_start = .)
 *(SORT_BY_NAME(.fini_array.*))
 *(.fini_array*)
 .fini_array    0x0800aba8        0x4 C:/Users/cxmnbt/AppData/Local/stm32cube/bundles/gnu-tools-for-stm32/13.3.1+st.9/bin/../lib/gcc/arm-none-eabi/13.3.1/thumb/v7e-m+fp/hard/crtbegin.o
                [!provide]                        PROVIDE (__fini_array_end = .)
                0x0800abac                        . = ALIGN (0x4)
                0x0800abac                        _siccmram = LOADADDR (.ccmram)

.rel.dyn        0x0800abac        0x0
 .rel.iplt      0x0800abac        0x0 C:/Users/cxmnbt/AppData/Local/stm32cube/bundles/gnu-tools-for-stm32/13.3.1+st.9/bin/../lib/gcc/arm-none-eabi/13.3.1/thumb/v7e-m+fp/hard/crtbegin.o

.ccmram         0x10000000        0x0 load address 0x0800abac
                0x10000000                        . = ALIGN (0x4)
                0x10000000                        _sccmram = .
 *(.ccmram)
 *(.ccmram*)
                0x10000000                        . = ALIGN (0x4)
                0x10000000                        _eccmram = .
                0x0800abac                        _sidata = LOADADDR (.data)

.data           0x20000000      0x1d4 load address 0x0800abac
                0x20000000                        . = ALIGN (0x4)
                0x20000000                        _sdata = .
 *(.data)
 *(.data*)
 .data.SystemCoreClock
                0x20000000        0x4 cmake/stm32cubemx/CMakeFiles/STM32_Drivers.dir/__/__/Core/Src/system_stm32f4xx.c.obj
                0x20000000                SystemCoreClock
 .data.uwTickPrio
                0x20000004        0x4 cmake/stm32cubemx/CMakeFiles/STM32_Drivers.dir/__/__/Drivers/STM32F4xx_HAL_Driver/Src/stm32f4xx_hal.c.obj
                0x20000004                uwTickPrio
 .data.uwTickFreq
                0x20000008        0x1 cmake/stm32cubemx/CMakeFiles/STM32_Drivers.dir/__/__/Drivers/STM32F4xx_HAL_Driver/Src/stm32f4xx_hal.c.obj
                0x20000008                uwTickFreq
 *fill*         0x20000009        0x3 
 .data.__sglue  0x2000000c        0xc C:/Users/cxmnbt/AppData/Local/stm32cube/bundles/gnu-tools-for-stm32/13.3.1+st.9/bin/../lib/gcc/arm-none-eabi/13.3.1/../../../../arm-none-eabi/lib/thumb/v7e-m+fp/hard\libg_nano.a(libc_a-findfp.o)
                0x2000000c                __sglue
 .data._impure_ptr
                0x20000018        0x4 C:/Users/cxmnbt/AppData/Local/stm32cube/bundles/gnu-tools-for-stm32/13.3.1+st.9/bin/../lib/gcc/arm-none-eabi/13.3.1/../../../../arm-none-eabi/lib/thumb/v7e-m+fp/hard\libg_nano.a(libc_a-impure.o)
                0x20000018                _impure_ptr
 .data._impure_data
                0x2000001c       0x4c C:/Users/cxmnbt/AppData/Local/stm32cube/bundles/gnu-tools-for-stm32/13.3.1+st.9/bin/../lib/gcc/arm-none-eabi/13.3.1/../../../../arm-none-eabi/lib/thumb/v7e-m+fp/hard\libg_nano.a(libc_a-impure.o)
                0x2000001c                _impure_data
 .data.__global_locale
                0x20000068      0x16c C:/Users/cxmnbt/AppData/Local/stm32cube/bundles/gnu-tools-for-stm32/13.3.1+st.9/bin/../lib/gcc/arm-none-eabi/13.3.1/../../../../arm-none-eabi/lib/thumb/v7e-m+fp/hard\libg_nano.a(libc_a-locale.o)
                0x20000068                __global_locale
 *(.RamFunc)
 *(.RamFunc*)
                0x200001d4                        . = ALIGN (0x4)

.igot.plt       0x200001d4        0x0 load address 0x0800ad80
 .igot.plt      0x200001d4        0x0 C:/Users/cxmnbt/AppData/Local/stm32cube/bundles/gnu-tools-for-stm32/13.3.1+st.9/bin/../lib/gcc/arm-none-eabi/13.3.1/thumb/v7e-m+fp/hard/crtbegin.o

.tdata          0x200001d4        0x0 load address 0x0800ad80
 *(.tdata .tdata.* .gnu.linkonce.td.*)
                0x200001d4                        . = ALIGN (0x4)
                0x200001d4                        _edata = .
                [!provide]                        PROVIDE (__data_end = .)
                [!provide]                        PROVIDE (__tdata_end = .)
                [!provide]                        PROVIDE (__tdata_start = ADDR (.tdata))
                [!provide]                        PROVIDE (__tdata_size = (__tdata_end - __tdata_start))
                [!provide]                        PROVIDE (__data_start = ADDR (.data))
                [!provide]                        PROVIDE (__data_size = (__data_end - __data_start))
                [!provide]                        PROVIDE (__tdata_source = LOADADDR (.tdata))
                [!provide]                        PROVIDE (__tdata_source_end = (LOADADDR (.tdata) + SIZEOF (.tdata)))
                [!provide]                        PROVIDE (__tdata_source_size = (__tdata_source_end - __tdata_source))
                [!provide]                        PROVIDE (__data_source = LOADADDR (.data))
                [!provide]                        PROVIDE (__data_source_end = __tdata_source_end)
                [!provide]                        PROVIDE (__data_source_size = (__data_source_end - __data_source))

.tbss           0x200001d4        0x0 load address 0x0800ad80
                0x200001d4                        _sbss = .
                0x200001d4                        __bss_start__ = _sbss
 *(.tbss .tbss.*)
                0x200001d4                        . = ALIGN (0x4)
                [!provide]                        PROVIDE (__tbss_end = .)
                [!provide]                        PROVIDE (__tbss_start = ADDR (.tbss))
                [!provide]                        PROVIDE (__tbss_size = (__tbss_end - __tbss_start))
                [!provide]                        PROVIDE (__tbss_offset = (ADDR (.tbss) - ADDR (.tdata)))
                [!provide]                        PROVIDE (__tls_base = __tdata_start)
                [!provide]                        PROVIDE (__tls_end = __tbss_end)
                [!provide]                        PROVIDE (__tls_size = (__tls_end - __tls_base))
                [!provide]                        PROVIDE (__tls_align = MAX (ALIGNOF (.tdata), ALIGNOF (.tbss)))
                [!provide]                        PROVIDE (__tls_size_align = (((__tls_size + __tls_align) - 0x1) & ~ ((__tls_align - 0x1))))
                [!provide]                        PROVIDE (__arm32_tls_tcb_offset = MAX (0x8, __tls_align))
                [!provide]                        PROVIDE (__arm64_tls_tcb_offset = MAX (0x10, __tls_align))

.bss            0x200001d4      0x718 load address 0x0800ad80
 *(.bss)
 .bss           0x200001d4       0x1c C:/Users/cxmnbt/AppData/Local/stm32cube/bundles/gnu-tools-for-stm32/13.3.1+st.9/bin/../lib/gcc/arm-none-eabi/13.3.1/thumb/v7e-m+fp/hard/crtbegin.o
 *(.bss*)
 .bss.uwTick    0x200001f0        0x4 cmake/stm32cubemx/CMakeFiles/STM32_Drivers.dir/__/__/Drivers/STM32F4xx_HAL_Driver/Src/stm32f4xx_hal.c.obj
                0x200001f0                uwTick
 .bss.MM        0x200001f4       0x30 CMakeFiles/mpu_test.dir/Core/Src/main.c.obj
                0x200001f4                MM
 .bss.g_motor_fb
                0x20000224       0x5c CMakeFiles/mpu_test.dir/Core/Src/main.c.obj
                0x20000224                g_motor_fb
 .bss.g_motor_cmd
                0x20000280       0x4c CMakeFiles/mpu_test.dir/Core/Src/main.c.obj
                0x20000280                g_motor_cmd
 .bss.hadc1     0x200002cc       0x48 CMakeFiles/mpu_test.dir/Core/Src/adc.c.obj
                0x200002cc                hadc1
 .bss.hi2c1     0x20000314       0x54 CMakeFiles/mpu_test.dir/Core/Src/i2c.c.obj
                0x20000314                hi2c1
 .bss.htim2     0x20000368       0x48 CMakeFiles/mpu_test.dir/Core/Src/tim.c.obj
                0x20000368                htim2
 .bss.huart4    0x200003b0       0x48 CMakeFiles/mpu_test.dir/Core/Src/usart.c.obj
                0x200003b0                huart4
 .bss.huart5    0x200003f8       0x48 CMakeFiles/mpu_test.dir/Core/Src/usart.c.obj
                0x200003f8                huart5
 .bss.huart1    0x20000440       0x48 CMakeFiles/mpu_test.dir/Core/Src/usart.c.obj
                0x20000440                huart1
 .bss.huart2    0x20000488       0x48 CMakeFiles/mpu_test.dir/Core/Src/usart.c.obj
                0x20000488                huart2
 .bss.huart3    0x200004d0       0x48 CMakeFiles/mpu_test.dir/Core/Src/usart.c.obj
                0x200004d0                huart3
 .bss.huart6    0x20000518       0x48 CMakeFiles/mpu_test.dir/Core/Src/usart.c.obj
                0x20000518                huart6
 .bss.hdma_usart2_rx
                0x20000560       0x60 CMakeFiles/mpu_test.dir/Core/Src/usart.c.obj
                0x20000560                hdma_usart2_rx
 .bss.hdma_usart2_tx
                0x200005c0       0x60 CMakeFiles/mpu_test.dir/Core/Src/usart.c.obj
                0x200005c0                hdma_usart2_tx
 .bss.hdma_usart6_rx
                0x20000620       0x60 CMakeFiles/mpu_test.dir/Core/Src/usart.c.obj
                0x20000620                hdma_usart6_rx
 .bss.hdma_usart6_tx
                0x20000680       0x60 CMakeFiles/mpu_test.dir/Core/Src/usart.c.obj
                0x20000680                hdma_usart6_tx
 .bss.__sbrk_heap_end
                0x200006e0        0x4 CMakeFiles/mpu_test.dir/Core/Src/sysmem.c.obj
 .bss.moter_receive_buffer
                0x200006e4       0x41 CMakeFiles/mpu_test.dir/Core/Src/moter.c.obj
                0x200006e4                moter_receive_buffer
 *fill*         0x20000725        0x3 
 .bss.MPU6050_I2C
                0x20000728        0x4 CMakeFiles/mpu_test.dir/Core/Src/mpu.c.obj
                0x20000728                MPU6050_I2C
 .bss.mpu6050_dt
                0x2000072c        0x4 CMakeFiles/mpu_test.dir/Core/Src/mpu.c.obj
 .bss.gyroScale
                0x20000730        0x4 CMakeFiles/mpu_test.dir/Core/Src/mpu.c.obj
 .bss.accelScale
                0x20000734        0x4 CMakeFiles/mpu_test.dir/Core/Src/mpu.c.obj
 .bss.pt1_filter_x
                0x20000738        0xc CMakeFiles/mpu_test.dir/Core/Src/mpu.c.obj
                0x20000738                pt1_filter_x
 .bss.pt1_filter_y
                0x20000744        0xc CMakeFiles/mpu_test.dir/Core/Src/mpu.c.obj
                0x20000744                pt1_filter_y
 .bss.pt1_filter_z
                0x20000750        0xc CMakeFiles/mpu_test.dir/Core/Src/mpu.c.obj
                0x20000750                pt1_filter_z
 .bss.pt1_filter_gx
                0x2000075c        0xc CMakeFiles/mpu_test.dir/Core/Src/mpu.c.obj
                0x2000075c                pt1_filter_gx
 .bss.pt1_filter_gy
                0x20000768        0xc CMakeFiles/mpu_test.dir/Core/Src/mpu.c.obj
                0x20000768                pt1_filter_gy
 .bss.pt1_filter_gz
                0x20000774        0xc CMakeFiles/mpu_test.dir/Core/Src/mpu.c.obj
                0x20000774                pt1_filter_gz
 .bss.gyro_zero_x
                0x20000780        0x2 CMakeFiles/mpu_test.dir/Core/Src/mpu.c.obj
 .bss.gyro_zero_y
                0x20000782        0x2 CMakeFiles/mpu_test.dir/Core/Src/mpu.c.obj
 .bss.gyro_zero_z
                0x20000784        0x2 CMakeFiles/mpu_test.dir/Core/Src/mpu.c.obj
 *fill*         0x20000786        0x2 
 .bss.temp_buffer.14
                0x20000788        0xe CMakeFiles/mpu_test.dir/Core/Src/mpu.c.obj
 *fill*         0x20000796        0x2 
 .bss.Gyroscope_roll.13
                0x20000798        0x4 CMakeFiles/mpu_test.dir/Core/Src/mpu.c.obj
 .bss.Gyroscope_pitch.12
                0x2000079c        0x4 CMakeFiles/mpu_test.dir/Core/Src/mpu.c.obj
 .bss.__sf      0x200007a0      0x138 C:/Users/cxmnbt/AppData/Local/stm32cube/bundles/gnu-tools-for-stm32/13.3.1+st.9/bin/../lib/gcc/arm-none-eabi/13.3.1/../../../../arm-none-eabi/lib/thumb/v7e-m+fp/hard\libg_nano.a(libc_a-findfp.o)
                0x200007a0                __sf
 .bss.__stdio_exit_handler
                0x200008d8        0x4 C:/Users/cxmnbt/AppData/Local/stm32cube/bundles/gnu-tools-for-stm32/13.3.1+st.9/bin/../lib/gcc/arm-none-eabi/13.3.1/../../../../arm-none-eabi/lib/thumb/v7e-m+fp/hard\libg_nano.a(libc_a-findfp.o)
                0x200008d8                __stdio_exit_handler
 .bss.errno     0x200008dc        0x4 C:/Users/cxmnbt/AppData/Local/stm32cube/bundles/gnu-tools-for-stm32/13.3.1+st.9/bin/../lib/gcc/arm-none-eabi/13.3.1/../../../../arm-none-eabi/lib/thumb/v7e-m+fp/hard\libg_nano.a(libc_a-reent.o)
                0x200008dc                errno
 .bss.__lock___malloc_recursive_mutex
                0x200008e0        0x1 C:/Users/cxmnbt/AppData/Local/stm32cube/bundles/gnu-tools-for-stm32/13.3.1+st.9/bin/../lib/gcc/arm-none-eabi/13.3.1/../../../../arm-none-eabi/lib/thumb/v7e-m+fp/hard\libg_nano.a(libc_a-lock.o)
                0x200008e0                __lock___malloc_recursive_mutex
 .bss.__lock___sfp_recursive_mutex
                0x200008e1        0x1 C:/Users/cxmnbt/AppData/Local/stm32cube/bundles/gnu-tools-for-stm32/13.3.1+st.9/bin/../lib/gcc/arm-none-eabi/13.3.1/../../../../arm-none-eabi/lib/thumb/v7e-m+fp/hard\libg_nano.a(libc_a-lock.o)
                0x200008e1                __lock___sfp_recursive_mutex
 *fill*         0x200008e2        0x2 
 .bss.__malloc_sbrk_start
                0x200008e4        0x4 C:/Users/cxmnbt/AppData/Local/stm32cube/bundles/gnu-tools-for-stm32/13.3.1+st.9/bin/../lib/gcc/arm-none-eabi/13.3.1/../../../../arm-none-eabi/lib/thumb/v7e-m+fp/hard\libg_nano.a(libc_a-mallocr.o)
                0x200008e4                __malloc_sbrk_start
 .bss.__malloc_free_list
                0x200008e8        0x4 C:/Users/cxmnbt/AppData/Local/stm32cube/bundles/gnu-tools-for-stm32/13.3.1+st.9/bin/../lib/gcc/arm-none-eabi/13.3.1/../../../../arm-none-eabi/lib/thumb/v7e-m+fp/hard\libg_nano.a(libc_a-mallocr.o)
                0x200008e8                __malloc_free_list
 *(COMMON)
                0x200008ec                        . = ALIGN (0x4)
                0x200008ec                        _ebss = .
                0x200008ec                        __bss_end__ = _ebss
                [!provide]                        PROVIDE (__bss_end = .)
                [!provide]                        PROVIDE (__non_tls_bss_start = ADDR (.bss))
                [!provide]                        PROVIDE (__bss_start = __tbss_start)
                [!provide]                        PROVIDE (__bss_size = (__bss_end - __bss_start))

._user_heap_stack
                0x200008ec      0x604 load address 0x0800ad80
                0x200008f0                        . = ALIGN (0x8)
 *fill*         0x200008ec        0x4 
                [!provide]                        PROVIDE (end = .)
                0x200008f0                        PROVIDE (_end = .)
                0x20000af0                        . = (. + _Min_Heap_Size)
 *fill*         0x200008f0      0x200 
                0x20000ef0                        . = (. + _Min_Stack_Size)
 *fill*         0x20000af0      0x400 
                0x20000ef0                        . = ALIGN (0x8)

/DISCARD/
 libc.a:*(*)
 libm.a:*(*)
 libgcc.a:*(*)
OUTPUT(mpu_test.elf elf32-littlearm)
LOAD linker stubs

.ARM.attributes
                0x00000000       0x30
 .ARM.attributes
                0x00000000       0x22 C:/Users/cxmnbt/AppData/Local/stm32cube/bundles/gnu-tools-for-stm32/13.3.1+st.9/bin/../lib/gcc/arm-none-eabi/13.3.1/thumb/v7e-m+fp/hard/crti.o
 .ARM.attributes
                0x00000022       0x34 C:/Users/cxmnbt/AppData/Local/stm32cube/bundles/gnu-tools-for-stm32/13.3.1+st.9/bin/../lib/gcc/arm-none-eabi/13.3.1/thumb/v7e-m+fp/hard/crtbegin.o
 .ARM.attributes
                0x00000056       0x34 cmake/stm32cubemx/CMakeFiles/STM32_Drivers.dir/__/__/Core/Src/system_stm32f4xx.c.obj
 .ARM.attributes
                0x0000008a       0x34 cmake/stm32cubemx/CMakeFiles/STM32_Drivers.dir/__/__/Drivers/STM32F4xx_HAL_Driver/Src/stm32f4xx_hal_adc.c.obj
 .ARM.attributes
                0x000000be       0x34 cmake/stm32cubemx/CMakeFiles/STM32_Drivers.dir/__/__/Drivers/STM32F4xx_HAL_Driver/Src/stm32f4xx_hal_rcc.c.obj
 .ARM.attributes
                0x000000f2       0x34 cmake/stm32cubemx/CMakeFiles/STM32_Drivers.dir/__/__/Drivers/STM32F4xx_HAL_Driver/Src/stm32f4xx_hal_gpio.c.obj
 .ARM.attributes
                0x00000126       0x34 cmake/stm32cubemx/CMakeFiles/STM32_Drivers.dir/__/__/Drivers/STM32F4xx_HAL_Driver/Src/stm32f4xx_hal_dma.c.obj
 .ARM.attributes
                0x0000015a       0x34 cmake/stm32cubemx/CMakeFiles/STM32_Drivers.dir/__/__/Drivers/STM32F4xx_HAL_Driver/Src/stm32f4xx_hal_cortex.c.obj
 .ARM.attributes
                0x0000018e       0x34 cmake/stm32cubemx/CMakeFiles/STM32_Drivers.dir/__/__/Drivers/STM32F4xx_HAL_Driver/Src/stm32f4xx_hal.c.obj
 .ARM.attributes
                0x000001c2       0x34 cmake/stm32cubemx/CMakeFiles/STM32_Drivers.dir/__/__/Drivers/STM32F4xx_HAL_Driver/Src/stm32f4xx_hal_i2c.c.obj
 .ARM.attributes
                0x000001f6       0x34 cmake/stm32cubemx/CMakeFiles/STM32_Drivers.dir/__/__/Drivers/STM32F4xx_HAL_Driver/Src/stm32f4xx_hal_tim.c.obj
 .ARM.attributes
                0x0000022a       0x34 cmake/stm32cubemx/CMakeFiles/STM32_Drivers.dir/__/__/Drivers/STM32F4xx_HAL_Driver/Src/stm32f4xx_hal_tim_ex.c.obj
 .ARM.attributes
                0x0000025e       0x34 cmake/stm32cubemx/CMakeFiles/STM32_Drivers.dir/__/__/Drivers/STM32F4xx_HAL_Driver/Src/stm32f4xx_hal_uart.c.obj
 .ARM.attributes
                0x00000292       0x34 CMakeFiles/mpu_test.dir/Core/Src/main.c.obj
 .ARM.attributes
                0x000002c6       0x34 CMakeFiles/mpu_test.dir/Core/Src/gpio.c.obj
 .ARM.attributes
                0x000002fa       0x34 CMakeFiles/mpu_test.dir/Core/Src/adc.c.obj
 .ARM.attributes
                0x0000032e       0x34 CMakeFiles/mpu_test.dir/Core/Src/dma.c.obj
 .ARM.attributes
                0x00000362       0x34 CMakeFiles/mpu_test.dir/Core/Src/i2c.c.obj
 .ARM.attributes
                0x00000396       0x34 CMakeFiles/mpu_test.dir/Core/Src/tim.c.obj
 .ARM.attributes
                0x000003ca       0x34 CMakeFiles/mpu_test.dir/Core/Src/usart.c.obj
 .ARM.attributes
                0x000003fe       0x34 CMakeFiles/mpu_test.dir/Core/Src/stm32f4xx_it.c.obj
 .ARM.attributes
                0x00000432       0x34 CMakeFiles/mpu_test.dir/Core/Src/stm32f4xx_hal_msp.c.obj
 .ARM.attributes
                0x00000466       0x34 CMakeFiles/mpu_test.dir/Core/Src/sysmem.c.obj
 .ARM.attributes
                0x0000049a       0x34 CMakeFiles/mpu_test.dir/Core/Src/syscalls.c.obj
 .ARM.attributes