Component: ARM Compiler 5.06 update 7 (build 960) Tool: armlink [4d3601]

==============================================================================

Section Cross References

    startup_stm32f042x6.o(RESET) refers to startup_stm32f042x6.o(STACK) for __initial_sp
    startup_stm32f042x6.o(RESET) refers to startup_stm32f042x6.o(.text) for Reset_Handler
    startup_stm32f042x6.o(RESET) refers to stm32f0xx_it.o(i.NMI_Handler) for NMI_Handler
    startup_stm32f042x6.o(RESET) refers to stm32f0xx_it.o(i.HardFault_Handler) for HardFault_Handler
    startup_stm32f042x6.o(RESET) refers to stm32f0xx_it.o(i.SVC_Handler) for SVC_Handler
    startup_stm32f042x6.o(RESET) refers to stm32f0xx_it.o(i.PendSV_Handler) for PendSV_Handler
    startup_stm32f042x6.o(RESET) refers to stm32f0xx_it.o(i.SysTick_Handler) for SysTick_Handler
    startup_stm32f042x6.o(RESET) refers to stm32f0xx_it.o(i.DMA1_Channel4_5_IRQHandler) for DMA1_Channel4_5_IRQHandler
    startup_stm32f042x6.o(RESET) refers to stm32f0xx_it.o(i.TIM17_IRQHandler) for TIM17_IRQHandler
    startup_stm32f042x6.o(RESET) refers to stm32f0xx_it.o(i.USART2_IRQHandler) for USART2_IRQHandler
    startup_stm32f042x6.o(RESET) refers to stm32f0xx_it.o(i.CEC_CAN_IRQHandler) for CEC_CAN_IRQHandler
    startup_stm32f042x6.o(.text) refers to startup_stm32f042x6.o(STACK) for __initial_sp
    startup_stm32f042x6.o(.text) refers to system_stm32f0xx.o(i.SystemInit) for SystemInit
    startup_stm32f042x6.o(.text) refers to entry.o(.ARM.Collect$$$$00000000) for __main
    multi_button.o(i.button_handler) refers to multi_button.o(i.__ARM_common_switch8) for __ARM_common_switch8
    multi_button.o(i.button_init) refers to memseta.o(.text) for __aeabi_memclr4
    multi_button.o(i.button_start) refers to multi_button.o(.data) for .data
    multi_button.o(i.button_stop) refers to multi_button.o(.data) for .data
    multi_button.o(i.button_ticks) refers to multi_button.o(i.button_handler) for button_handler
    multi_button.o(i.button_ticks) refers to multi_button.o(.data) for .data
    button.o(i.BNT1_DOUBLE_Click_Handler) refers to button.o(.data) for .data
    button.o(i.BNT1_LONG_PRESS_START_Handler) refers to button.o(.data) for .data
    button.o(i.BNT1_SINGLE_Click_Handler) refers to button.o(.data) for .data
    button.o(i.BNT2_DOUBLE_Click_Handler) refers to button.o(.data) for .data
    button.o(i.BNT2_LONG_PRESS_START_Handler) refers to button.o(.data) for .data
    button.o(i.BNT2_SINGLE_Click_Handler) refers to button.o(.data) for .data
    button.o(i.Button_Init) refers to multi_button.o(i.button_init) for button_init
    button.o(i.Button_Init) refers to multi_button.o(i.button_attach) for button_attach
    button.o(i.Button_Init) refers to multi_button.o(i.button_start) for button_start
    button.o(i.Button_Init) refers to button.o(i.read_BNT1_GPIO) for read_BNT1_GPIO
    button.o(i.Button_Init) refers to button.o(.bss) for .bss
    button.o(i.Button_Init) refers to button.o(i.read_BNT2_GPIO) for read_BNT2_GPIO
    button.o(i.Button_Init) refers to button.o(i.BNT1_SINGLE_Click_Handler) for BNT1_SINGLE_Click_Handler
    button.o(i.Button_Init) refers to button.o(i.BNT1_DOUBLE_Click_Handler) for BNT1_DOUBLE_Click_Handler
    button.o(i.Button_Init) refers to button.o(i.BNT1_LONG_PRESS_START_Handler) for BNT1_LONG_PRESS_START_Handler
    button.o(i.Button_Init) refers to button.o(i.BNT2_SINGLE_Click_Handler) for BNT2_SINGLE_Click_Handler
    button.o(i.Button_Init) refers to button.o(i.BNT2_DOUBLE_Click_Handler) for BNT2_DOUBLE_Click_Handler
    button.o(i.Button_Init) refers to button.o(i.BNT2_LONG_PRESS_START_Handler) for BNT2_LONG_PRESS_START_Handler
    button.o(i.get_bnt1_state) refers to button.o(.data) for .data
    button.o(i.get_bnt2_state) refers to button.o(.data) for .data
    button.o(i.read_BNT1_GPIO) refers to stm32f0xx_hal_gpio.o(i.HAL_GPIO_ReadPin) for HAL_GPIO_ReadPin
    button.o(i.read_BNT2_GPIO) refers to stm32f0xx_hal_gpio.o(i.HAL_GPIO_ReadPin) for HAL_GPIO_ReadPin
    main.o(i.SystemClock_Config) refers to memseta.o(.text) for __aeabi_memclr4
    main.o(i.SystemClock_Config) refers to stm32f0xx_hal_rcc.o(i.HAL_RCC_OscConfig) for HAL_RCC_OscConfig
    main.o(i.SystemClock_Config) refers to stm32f0xx_hal_rcc.o(i.HAL_RCC_ClockConfig) for HAL_RCC_ClockConfig
    main.o(i.fputc) refers to stm32f0xx_hal_uart.o(i.HAL_UART_Transmit) for HAL_UART_Transmit
    main.o(i.fputc) refers to usart.o(.bss) for huart2
    main.o(i.main) refers to stm32f0xx_hal.o(i.HAL_Init) for HAL_Init
    main.o(i.main) refers to main.o(i.SystemClock_Config) for SystemClock_Config
    main.o(i.main) refers to gpio.o(i.MX_GPIO_Init) for MX_GPIO_Init
    main.o(i.main) refers to dma.o(i.MX_DMA_Init) for MX_DMA_Init
    main.o(i.main) refers to can.o(i.MX_CAN_Init) for MX_CAN_Init
    main.o(i.main) refers to tim.o(i.MX_TIM17_Init) for MX_TIM17_Init
    main.o(i.main) refers to usart.o(i.MX_USART2_UART_Init) for MX_USART2_UART_Init
[...]
    Removing stm32f0xx_hal_dma.o(.rev16_text), (4 bytes).
    Removing stm32f0xx_hal_dma.o(.revsh_text), (4 bytes).
    Removing stm32f0xx_hal_dma.o(i.DMA_SetConfig), (40 bytes).
    Removing stm32f0xx_hal_dma.o(i.HAL_DMA_Abort), (44 bytes).
    Removing stm32f0xx_hal_dma.o(i.HAL_DMA_DeInit), (66 bytes).
    Removing stm32f0xx_hal_dma.o(i.HAL_DMA_GetError), (4 bytes).
    Removing stm32f0xx_hal_dma.o(i.HAL_DMA_GetState), (6 bytes).
    Removing stm32f0xx_hal_dma.o(i.HAL_DMA_PollForTransfer), (176 bytes).
    Removing stm32f0xx_hal_dma.o(i.HAL_DMA_RegisterCallback), (72 bytes).
    Removing stm32f0xx_hal_dma.o(i.HAL_DMA_Start), (74 bytes).
    Removing stm32f0xx_hal_dma.o(i.HAL_DMA_Start_IT), (106 bytes).
    Removing stm32f0xx_hal_dma.o(i.HAL_DMA_UnRegisterCallback), (78 bytes).
    Removing stm32f0xx_hal_cortex.o(.rev16_text), (4 bytes).
    Removing stm32f0xx_hal_cortex.o(.revsh_text), (4 bytes).
    Removing stm32f0xx_hal_cortex.o(i.HAL_NVIC_ClearPendingIRQ), (20 bytes).
    Removing stm32f0xx_hal_cortex.o(i.HAL_NVIC_DisableIRQ), (20 bytes).
    Removing stm32f0xx_hal_cortex.o(i.HAL_NVIC_GetPendingIRQ), (28 bytes).
    Removing stm32f0xx_hal_cortex.o(i.HAL_NVIC_GetPriority), (52 bytes).
    Removing stm32f0xx_hal_cortex.o(i.HAL_NVIC_SetPendingIRQ), (20 bytes).
    Removing stm32f0xx_hal_cortex.o(i.HAL_NVIC_SystemReset), (28 bytes).
    Removing stm32f0xx_hal_cortex.o(i.HAL_SYSTICK_CLKSourceConfig), (24 bytes).
    Removing stm32f0xx_hal_cortex.o(i.HAL_SYSTICK_Callback), (2 bytes).
    Removing stm32f0xx_hal_cortex.o(i.HAL_SYSTICK_IRQHandler), (8 bytes).
    Removing stm32f0xx_hal_pwr.o(.rev16_text), (4 bytes).
    Removing stm32f0xx_hal_pwr.o(.revsh_text), (4 bytes).
    Removing stm32f0xx_hal_pwr.o(i.HAL_PWR_DeInit), (24 bytes).
    Removing stm32f0xx_hal_pwr.o(i.HAL_PWR_DisableBkUpAccess), (16 bytes).
    Removing stm32f0xx_hal_pwr.o(i.HAL_PWR_DisableSEVOnPend), (16 bytes).
    Removing stm32f0xx_hal_pwr.o(i.HAL_PWR_DisableSleepOnExit), (16 bytes).
    Removing stm32f0xx_hal_pwr.o(i.HAL_PWR_DisableWakeUpPin), (16 bytes).
    Removing stm32f0xx_hal_pwr.o(i.HAL_PWR_EnableBkUpAccess), (16 bytes).
    Removing stm32f0xx_hal_pwr.o(i.HAL_PWR_EnableSEVOnPend), (16 bytes).
    Removing stm32f0xx_hal_pwr.o(i.HAL_PWR_EnableSleepOnExit), (16 bytes).
    Removing stm32f0xx_hal_pwr.o(i.HAL_PWR_EnableWakeUpPin), (16 bytes).
    Removing stm32f0xx_hal_pwr.o(i.HAL_PWR_EnterSLEEPMode), (32 bytes).
    Removing stm32f0xx_hal_pwr.o(i.HAL_PWR_EnterSTANDBYMode), (32 bytes).
    Removing stm32f0xx_hal_pwr.o(i.HAL_PWR_EnterSTOPMode), (52 bytes).
    Removing stm32f0xx_hal_pwr_ex.o(.rev16_text), (4 bytes).
    Removing stm32f0xx_hal_pwr_ex.o(.revsh_text), (4 bytes).
    Removing stm32f0xx_hal_pwr_ex.o(i.HAL_PWREx_DisableVddio2Monitor), (32 bytes).
    Removing stm32f0xx_hal_pwr_ex.o(i.HAL_PWREx_EnableVddio2Monitor), (24 bytes).
    Removing stm32f0xx_hal_pwr_ex.o(i.HAL_PWREx_Vddio2MonitorCallback), (2 bytes).
    Removing stm32f0xx_hal_pwr_ex.o(i.HAL_PWREx_Vddio2Monitor_IRQHandler), (24 bytes).
    Removing stm32f0xx_hal_pwr_ex.o(i.HAL_PWR_ConfigPVD), (104 bytes).
    Removing stm32f0xx_hal_pwr_ex.o(i.HAL_PWR_DisablePVD), (16 bytes).
    Removing stm32f0xx_hal_pwr_ex.o(i.HAL_PWR_EnablePVD), (16 bytes).
    Removing stm32f0xx_hal_pwr_ex.o(i.HAL_PWR_PVDCallback), (2 bytes).
    Removing stm32f0xx_hal_pwr_ex.o(i.HAL_PWR_PVD_IRQHandler), (28 bytes).
    Removing stm32f0xx_hal_flash.o(.rev16_text), (4 bytes).
    Removing stm32f0xx_hal_flash.o(.revsh_text), (4 bytes).
    Removing stm32f0xx_hal_flash.o(i.FLASH_Program_HalfWord), (32 bytes).
    Removing stm32f0xx_hal_flash.o(i.FLASH_SetErrorCode), (56 bytes).
    Removing stm32f0xx_hal_flash.o(i.FLASH_WaitForLastOperation), (80 bytes).
    Removing stm32f0xx_hal_flash.o(i.HAL_FLASH_EndOfOperationCallback), (2 bytes).
    Removing stm32f0xx_hal_flash.o(i.HAL_FLASH_GetError), (12 bytes).
    Removing stm32f0xx_hal_flash.o(i.HAL_FLASH_IRQHandler), (268 bytes).
    Removing stm32f0xx_hal_flash.o(i.HAL_FLASH_Lock), (20 bytes).
    Removing stm32f0xx_hal_flash.o(i.HAL_FLASH_OB_Launch), (32 bytes).
    Removing stm32f0xx_hal_flash.o(i.HAL_FLASH_OB_Lock), (20 bytes).
    Removing stm32f0xx_hal_flash.o(i.HAL_FLASH_OB_Unlock), (36 bytes).
    Removing stm32f0xx_hal_flash.o(i.HAL_FLASH_OperationErrorCallback), (2 bytes).
    Removing stm32f0xx_hal_flash.o(i.HAL_FLASH_Program), (124 bytes).
    Removing stm32f0xx_hal_flash.o(i.HAL_FLASH_Program_IT), (100 bytes).
    Removing stm32f0xx_hal_flash.o(i.HAL_FLASH_Unlock), (40 bytes).
    Removing stm32f0xx_hal_flash.o(.bss), (32 bytes).
    Removing stm32f0xx_hal_flash_ex.o(.rev16_text), (4 bytes).
    Removing stm32f0xx_hal_flash_ex.o(.revsh_text), (4 bytes).
    Removing stm32f0xx_hal_flash_ex.o(i.FLASH_MassErase), (36 bytes).
    Removing stm32f0xx_hal_flash_ex.o(i.FLASH_OB_GetRDP), (32 bytes).
    Removing stm32f0xx_hal_flash_ex.o(i.FLASH_OB_RDP_LevelConfig), (96 bytes).
    Removing stm32f0xx_hal_flash_ex.o(i.FLASH_PageErase), (36 bytes).
    Removing stm32f0xx_hal_flash_ex.o(i.HAL_FLASHEx_Erase), (160 bytes).
    Removing stm32f0xx_hal_flash_ex.o(i.HAL_FLASHEx_Erase_IT), (88 bytes).
    Removing stm32f0xx_hal_flash_ex.o(i.HAL_FLASHEx_OBErase), (80 bytes).
    Removing stm32f0xx_hal_flash_ex.o(i.HAL_FLASHEx_OBGetConfig), (32 bytes).
    Removing stm32f0xx_hal_flash_ex.o(i.HAL_FLASHEx_OBGetUserData), (28 bytes).
    Removing stm32f0xx_hal_flash_ex.o(i.HAL_FLASHEx_OBProgram), (308 bytes).
    Removing system_stm32f0xx.o(.rev16_text), (4 bytes).
    Removing system_stm32f0xx.o(.revsh_text), (4 bytes).
    Removing system_stm32f0xx.o(i.SystemCoreClockUpdate), (112 bytes).
    Removing cfrcmple.o(.text), (20 bytes).

454 unused section(s) (total 29382 bytes) removed from the image.

==============================================================================

Image Symbol Table

    Local Symbols

    Symbol Name                              Value     Ov Type        Size  Object(Section)

    ../Drivers/STM32F0xx_HAL_Driver/Src/stm32f0xx_hal.c 0x00000000   Number         0  stm32f0xx_hal.o ABSOLUTE
    ../Drivers/STM32F0xx_HAL_Driver/Src/stm32f0xx_hal_can.c 0x00000000   Number         0  stm32f0xx_hal_can.o ABSOLUTE
    ../Drivers/STM32F0xx_HAL_Driver/Src/stm32f0xx_hal_cortex.c 0x00000000   Number         0  stm32f0xx_hal_cortex.o ABSOLUTE
    ../Drivers/STM32F0xx_HAL_Driver/Src/stm32f0xx_hal_dma.c 0x00000000   Number         0  stm32f0xx_hal_dma.o ABSOLUTE
    ../Drivers/STM32F0xx_HAL_Driver/Src/stm32f0xx_hal_flash.c 0x00000000   Number         0  stm32f0xx_hal_flash.o ABSOLUTE
    ../Drivers/STM32F0xx_HAL_Driver/Src/stm32f0xx_hal_flash_ex.c 0x00000000   Number         0  stm32f0xx_hal_flash_ex.o ABSOLUTE
    ../Drivers/STM32F0xx_HAL_Driver/Src/stm32f0xx_hal_gpio.c 0x00000000   Number         0  stm32f0xx_hal_gpio.o ABSOLUTE
    ../Drivers/STM32F0xx_HAL_Driver/Src/stm32f0xx_hal_i2c.c 0x00000000   Number         0  stm32f0xx_hal_i2c.o ABSOLUTE
    ../Drivers/STM32F0xx_HAL_Driver/Src/stm32f0xx_hal_i2c_ex.c 0x00000000   Number         0  stm32f0xx_hal_i2c_ex.o ABSOLUTE
    ../Drivers/STM32F0xx_HAL_Driver/Src/stm32f0xx_hal_pwr.c 0x00000000   Number         0  stm32f0xx_hal_pwr.o ABSOLUTE
    ../Drivers/STM32F0xx_HAL_Driver/Src/stm32f0xx_hal_pwr_ex.c 0x00000000   Number         0  stm32f0xx_hal_pwr_ex.o ABSOLUTE
    ../Drivers/STM32F0xx_HAL_Driver/Src/stm32f0xx_hal_rcc.c 0x00000000   Number         0  stm32f0xx_hal_rcc.o ABSOLUTE
    ../Drivers/STM32F0xx_HAL_Driver/Src/stm32f0xx_hal_rcc_ex.c 0x00000000   Number         0  stm32f0xx_hal_rcc_ex.o ABSOLUTE
    ../Drivers/STM32F0xx_HAL_Driver/Src/stm32f0xx_hal_tim.c 0x00000000   Number         0  stm32f0xx_hal_tim.o ABSOLUTE
    ../Drivers/STM32F0xx_HAL_Driver/Src/stm32f0xx_hal_tim_ex.c 0x00000000   Number         0  stm32f0xx_hal_tim_ex.o ABSOLUTE
    ../Drivers/STM32F0xx_HAL_Driver/Src/stm32f0xx_hal_uart.c 0x00000000   Number         0  stm32f0xx_hal_uart.o ABSOLUTE
    ../Drivers/STM32F0xx_HAL_Driver/Src/stm32f0xx_hal_uart_ex.c 0x00000000   Number         0  stm32f0xx_hal_uart_ex.o ABSOLUTE
    ../Src/can.c                             0x00000000   Number         0  can.o ABSOLUTE
    ../Src/dma.c                             0x00000000   Number         0  dma.o ABSOLUTE
    ../Src/gpio.c                            0x00000000   Number         0  gpio.o ABSOLUTE
    ../Src/main.c                            0x00000000   Number         0  main.o ABSOLUTE
    ../Src/stm32f0xx_hal_msp.c               0x00000000   Number         0  stm32f0xx_hal_msp.o ABSOLUTE
    ../Src/stm32f0xx_it.c                    0x00000000   Number         0  stm32f0xx_it.o ABSOLUTE
    ../Src/system_stm32f0xx.c                0x00000000   Number         0  system_stm32f0xx.o ABSOLUTE
    ../Src/tim.c                             0x00000000   Number         0  tim.o ABSOLUTE
    ../Src/usart.c                           0x00000000   Number         0  usart.o ABSOLUTE
    ../clib/microlib/division.c              0x00000000   Number         0  uidiv.o ABSOLUTE
    ../clib/microlib/errno.c                 0x00000000   Number         0  errno.o ABSOLUTE
    ../clib/microlib/init/entry.s            0x00000000   Number         0  entry.o ABSOLUTE
    ../clib/microlib/init/entry.s            0x00000000   Number         0  entry10a.o ABSOLUTE
    ../clib/microlib/init/entry.s            0x00000000   Number         0  entry12b.o ABSOLUTE
    ../clib/microlib/init/entry.s            0x00000000   Number         0  entry12a.o ABSOLUTE
    ../clib/microlib/init/entry.s            0x00000000   Number         0  entry11a.o ABSOLUTE
    ../clib/microlib/init/entry.s            0x00000000   Number         0  entry10b.o ABSOLUTE
    ../clib/microlib/init/entry.s            0x00000000   Number         0  entry9b.o ABSOLUTE
    ../clib/microlib/init/entry.s            0x00000000   Number         0  entry9a.o ABSOLUTE
    ../clib/microlib/init/entry.s            0x00000000   Number         0  entry8b.o ABSOLUTE
    ../clib/microlib/init/entry.s            0x00000000   Number         0  entry8a.o ABSOLUTE
    ../clib/microlib/init/entry.s            0x00000000   Number         0  entry7b.o ABSOLUTE
    ../clib/microlib/init/entry.s            0x00000000   Number         0  entry7a.o ABSOLUTE
    ../clib/microlib/init/entry.s            0x00000000   Number         0  entry5.o ABSOLUTE
    ../clib/microlib/init/entry.s            0x00000000   Number         0  entry2.o ABSOLUTE
    ../clib/microlib/init/entry.s            0x00000000   Number         0  entry11b.o ABSOLUTE
    ../clib/microlib/longlong.c              0x00000000   Number         0  llushr.o ABSOLUTE
    ../clib/microlib/longlong.c              0x00000000   Number         0  llshl.o ABSOLUTE
    ../clib/microlib/longlong.c              0x00000000   Number         0  llsshr.o ABSOLUTE
    ../clib/microlib/string/memset.c         0x00000000   Number         0  memseta.o ABSOLUTE
    ../clib/microlib/stubs.s                 0x00000000   Number         0  iusefp.o ABSOLUTE
    ../fplib/microlib/d2f.c                  0x00000000   Number         0  d2f.o ABSOLUTE
    ../fplib/microlib/f2d.c                  0x00000000   Number         0  f2d.o ABSOLUTE
    ../fplib/microlib/fpadd.c                0x00000000   Number         0  dadd.o ABSOLUTE
    ../fplib/microlib/fpadd.c                0x00000000   Number         0  fadd.o ABSOLUTE
    ../fplib/microlib/fpdiv.c                0x00000000   Number         0  fdiv.o ABSOLUTE
    ../fplib/microlib/fpdiv.c                0x00000000   Number         0  ddiv.o ABSOLUTE
    ../fplib/microlib/fpepilogue.c           0x00000000   Number         0  fepilogue.o ABSOLUTE
    ../fplib/microlib/fpepilogue.c           0x00000000   Number         0  depilogue.o ABSOLUTE
    ../fplib/microlib/fpfix.c                0x00000000   Number         0  dfixi.o ABSOLUTE
    ../fplib/microlib/fpfix.c                0x00000000   Number         0  ffixui.o ABSOLUTE
    ../fplib/microlib/fpflt.c                0x00000000   Number         0  dfltui.o ABSOLUTE
    ../fplib/microlib/fpflt.c                0x00000000   Number         0  fflti.o ABSOLUTE
    ../fplib/microlib/fpflt.c                0x00000000   Number         0  dflti.o ABSOLUTE
    ../fplib/microlib/fpmul.c                0x00000000   Number         0  dmul.o ABSOLUTE
    ../fplib/microlib/fpmul.c                0x00000000   Number         0  fmul.o ABSOLUTE
    ../fplib/microlib/fpscalb.c              0x00000000   Number         0  dscalb.o ABSOLUTE
    ../mathlib/cos.c                         0x00000000   Number         0  cos_x.o ABSOLUTE
    ../mathlib/cos.c                         0x00000000   Number         0  cos.o ABSOLUTE
    ../mathlib/cos_i.c                       0x00000000   Number         0  cos_i.o ABSOLUTE
    ../mathlib/dunder.c                      0x00000000   Number         0  dunder.o ABSOLUTE
    ../mathlib/fpclassify.c                  0x00000000   Number         0  fpclassify.o ABSOLUTE
    ../mathlib/poly.c                        0x00000000   Number         0  poly.o ABSOLUTE
    ../mathlib/rred.c                        0x00000000   Number         0  rred.o ABSOLUTE
    ../mathlib/sin_i.c                       0x00000000   Number         0  sin_i_x.o ABSOLUTE
    ../mathlib/sin_i.c                       0x00000000   Number         0  sin_i.o ABSOLUTE
    ..\Drivers\STM32F0xx_HAL_Driver\Src\stm32f0xx_hal.c 0x00000000   Number         0  stm32f0xx_hal.o ABSOLUTE
    ..\Drivers\STM32F0xx_HAL_Driver\Src\stm32f0xx_hal_can.c 0x00000000   Number         0  stm32f0xx_hal_can.o ABSOLUTE
    ..\Drivers\STM32F0xx_HAL_Driver\Src\stm32f0xx_hal_cortex.c 0x00000000   Number         0  stm32f0xx_hal_cortex.o ABSOLUTE
    ..\Drivers\STM32F0xx_HAL_Driver\Src\stm32f0xx_hal_dma.c 0x00000000   Number         0  stm32f0xx_hal_dma.o ABSOLUTE
    ..\Drivers\STM32F0xx_HAL_Driver\Src\stm32f0xx_hal_flash.c 0x00000000   Number         0  stm32f0xx_hal_flash.o ABSOLUTE
    ..\Drivers\STM32F0xx_HAL_Driver\Src\stm32f0xx_hal_flash_ex.c 0x00000000   Number         0  stm32f0xx_hal_flash_ex.o ABSOLUTE
    ..\Drivers\STM32F0xx_HAL_Driver\Src\stm32f0xx_hal_gpio.c 0x00000000   Number         0  stm32f0xx_hal_gpio.o ABSOLUTE
    ..\Drivers\STM32F0xx_HAL_Driver\Src\stm32f0xx_hal_i2c.c 0x00000000   Number         0  stm32f0xx_hal_i2c.o ABSOLUTE
    ..\Drivers\STM32F0xx_HAL_Driver\Src\stm32f0xx_hal_i2c_ex.c 0x00000000   Number         0  stm32f0xx_hal_i2c_ex.o ABSOLUTE
    ..\Drivers\STM32F0xx_HAL_Driver\Src\stm32f0xx_hal_pwr.c 0x00000000   Number         0  stm32f0xx_hal_pwr.o ABSOLUTE
    ..\Drivers\STM32F0xx_HAL_Driver\Src\stm32f0xx_hal_pwr_ex.c 0x00000000   Number         0  stm32f0xx_hal_pwr_ex.o ABSOLUTE
    ..\Drivers\STM32F0xx_HAL_Driver\Src\stm32f0xx_hal_rcc.c 0x00000000   Number         0  stm32f0xx_hal_rcc.o ABSOLUTE
    ..\Drivers\STM32F0xx_HAL_Driver\Src\stm32f0xx_hal_rcc_ex.c 0x00000000   Number         0  stm32f0xx_hal_rcc_ex.o ABSOLUTE
    ..\Drivers\STM32F0xx_HAL_Driver\Src\stm32f0xx_hal_tim.c 0x00000000   Number         0  stm32f0xx_hal_tim.o ABSOLUTE
    ..\Drivers\STM32F0xx_HAL_Driver\Src\stm32f0xx_hal_tim_ex.c 0x00000000   Number         0  stm32f0xx_hal_tim_ex.o ABSOLUTE
    ..\Drivers\STM32F0xx_HAL_Driver\Src\stm32f0xx_hal_uart.c 0x00000000   Number         0  stm32f0xx_hal_uart.o ABSOLUTE
    ..\Drivers\STM32F0xx_HAL_Driver\Src\stm32f0xx_hal_uart_ex.c 0x00000000   Number         0  stm32f0xx_hal_uart_ex.o ABSOLUTE
    ..\Src\button.c                          0x00000000   Number         0  button.o ABSOLUTE
    ..\Src\can.c                             0x00000000   Number         0  can.o ABSOLUTE
    ..\Src\can_comm.c                        0x00000000   Number         0  can_comm.o ABSOLUTE
    ..\Src\dma.c                             0x00000000   Number         0  dma.o ABSOLUTE
    ..\Src\gpio.c                            0x00000000   Number         0  gpio.o ABSOLUTE
    ..\Src\led.c                             0x00000000   Number         0  led.o ABSOLUTE
    ..\Src\main.c                            0x00000000   Number         0  main.o ABSOLUTE
    ..\Src\motor_control.c                   0x00000000   Number         0  motor_control.o ABSOLUTE
    ..\Src\multi_button.c                    0x00000000   Number         0  multi_button.o ABSOLUTE
    ..\Src\pid.c                             0x00000000   Number         0  pid.o ABSOLUTE
    ..\Src\stm32f0xx_hal_msp.c               0x00000000   Number         0  stm32f0xx_hal_msp.o ABSOLUTE
    ..\Src\stm32f0xx_it.c                    0x00000000   Number         0  stm32f0xx_it.o ABSOLUTE
    ..\Src\system_stm32f0xx.c                0x00000000   Number         0  system_stm32f0xx.o ABSOLUTE
    ..\Src\tim.c                             0x00000000   Number         0  tim.o ABSOLUTE
    ..\Src\usart.c                           0x00000000   Number         0  usart.o ABSOLUTE
    ..\\Src\\button.c                        0x00000000   Number         0  button.o ABSOLUTE
    ..\\Src\\can_comm.c                      0x00000000   Number         0  can_comm.o ABSOLUTE
    ..\\Src\\led.c                           0x00000000   Number         0  led.o ABSOLUTE
    ..\\Src\\motor_control.c                 0x00000000   Number         0  motor_control.o ABSOLUTE
    ..\\Src\\pid.c                           0x00000000   Number         0  pid.o ABSOLUTE
    cfrcmple.s                               0x00000000   Number         0  cfrcmple.o ABSOLUTE
    dc.s                                     0x00000000   Number         0  dc.o ABSOLUTE
    handlers.s                               0x00000000   Number         0  handlers.o ABSOLUTE
    init.s                                   0x00000000   Number         0  init.o ABSOLUTE
    startup_stm32f042x6.s                    0x00000000   Number         0  startup_stm32f042x6.o ABSOLUTE
    RESET                                    0x08000000   Section      192  startup_stm32f042x6.o(RESET)
    .ARM.Collect$$$$00000000                 0x080000c0   Section        0  entry.o(.ARM.Collect$$$$00000000)
    .ARM.Collect$$$$00000001                 0x080000c0   Section        4  entry2.o(.ARM.Collect$$$$00000001)
    .ARM.Collect$$$$00000004                 0x080000c4   Section        4  entry5.o(.ARM.Collect$$$$00000004)
    .ARM.Collect$$$$00000008                 0x080000c8   Section        0  entry7b.o(.ARM.Collect$$$$00000008)
    .ARM.Collect$$$$0000000A                 0x080000c8   Section        0  entry8b.o(.ARM.Collect$$$$0000000A)
    .ARM.Collect$$$$0000000B                 0x080000c8   Section        8  entry9a.o(.ARM.Collect$$$$0000000B)
    .ARM.Collect$$$$0000000E                 0x080000d0   Section        4  entry12b.o(.ARM.Collect$$$$0000000E)
    .ARM.Collect$$$$0000000F                 0x080000d4   Section        0  entry10a.o(.ARM.Collect$$$$0000000F)
    .ARM.Collect$$$$00000011                 0x080000d4   Section        0  entry11a.o(.ARM.Collect$$$$00000011)
    .ARM.Collect$$$$00002712                 0x080000d4   Section        4  entry2.o(.ARM.Collect$$$$00002712)
    __lit__00000000                          0x080000d4   Data           4  entry2.o(.ARM.Collect$$$$00002712)
    .text                                    0x080000d8   Section       88  startup_stm32f042x6.o(.text)
    .text                                    0x08000130   Section        0  uidiv.o(.text)
    .text                                    0x0800015c   Section        0  llushr.o(.text)
    .text                                    0x0800017e   Section        0  memseta.o(.text)
    .text                                    0x080001a2   Section        0  fadd.o(.text)
    .text                                    0x08000254   Section        0  fmul.o(.text)
    .text                                    0x080002ce   Section        0  fdiv.o(.text)
    .text                                    0x0800034c   Section        0  dadd.o(.text)
    .text                                    0x080004b4   Section        0  dmul.o(.text)
    .text                                    0x08000584   Section        0  fflti.o(.text)
    .text                                    0x0800059c   Section        0  dfltui.o(.text)
    .text                                    0x080005b8   Section        0  ffixui.o(.text)
    .text                                    0x080005e0   Section        0  f2d.o(.text)
    .text                                    0x08000608   Section        0  d2f.o(.text)
    .text                                    0x08000640   Section        0  llshl.o(.text)
    .text                                    0x08000660   Section        0  llsshr.o(.text)
    .text                                    0x08000686   Section        0  fepilogue.o(.text)
    .text                                    0x08000686   Section        0  iusefp.o(.text)
    .text                                    0x08000708   Section        0  depilogue.o(.text)
    .text                                    0x080007c8   Section       36  init.o(.text)
    .text                                    0x080007ec   Section        0  ddiv.o(.text)
    .text                                    0x080008dc   Section        0  dscalb.o(.text)
    .text                                    0x08000908   Section        0  dflti.o(.text)
    .text                                    0x08000930   Section        0  dfixi.o(.text)
    i.BNT1_DOUBLE_Click_Handler              0x08000978   Section        0  button.o(i.BNT1_DOUBLE_Click_Handler)
    BNT1_DOUBLE_Click_Handler                0x08000979   Thumb Code     8  button.o(i.BNT1_DOUBLE_Click_Handler)
    i.BNT1_LONG_PRESS_START_Handler          0x08000984   Section        0  button.o(i.BNT1_LONG_PRESS_START_Handler)
    BNT1_LONG_PRESS_START_Handler            0x08000985   Thumb Code     8  button.o(i.BNT1_LONG_PRESS_START_Handler)
    i.BNT1_SINGLE_Click_Handler              0x08000990   Section        0  button.o(i.BNT1_SINGLE_Click_Handler)
    BNT1_SINGLE_Click_Handler                0x08000991   Thumb Code     8  button.o(i.BNT1_SINGLE_Click_Handler)
    i.BNT2_DOUBLE_Click_Handler              0x0800099c   Section        0  button.o(i.BNT2_DOUBLE_Click_Handler)
    BNT2_DOUBLE_Click_Handler                0x0800099d   Thumb Code     8  button.o(i.BNT2_DOUBLE_Click_Handler)
    i.BNT2_LONG_PRESS_START_Handler          0x080009a8   Section        0  button.o(i.BNT2_LONG_PRESS_START_Handler)
    BNT2_LONG_PRESS_START_Handler            0x080009a9   Thumb Code     8  button.o(i.BNT2_LONG_PRESS_START_Handler)
    i.BNT2_SINGLE_Click_Handler              0x080009b4   Section        0  button.o(i.BNT2_SINGLE_Click_Handler)
    BNT2_SINGLE_Click_Handler                0x080009b5   Thumb Code     8  button.o(i.BNT2_SINGLE_Click_Handler)
    i.Button_Init                            0x080009c0   Section        0  button.o(i.Button_Init)
    i.CEC_CAN_IRQHandler                     0x08000a50   Section        0  stm32f0xx_it.o(i.CEC_CAN_IRQHandler)
    i.CanComm_ControlCmd                     0x08000a60   Section        0  can_comm.o(i.CanComm_ControlCmd)
    i.CanComm_Init                           0x08000a98   Section        0  can_comm.o(i.CanComm_Init)
    i.CanComm_SendControlPara                0x08000ad4   Section        0  can_comm.o(i.CanComm_SendControlPara)
    i.CanTransmit                            0x08000bd8   Section        0  can_comm.o(i.CanTransmit)
    CanTransmit                              0x08000bd9   Thumb Code    40  can_comm.o(i.CanTransmit)
    i.DMA1_Channel4_5_IRQHandler             0x08000c04   Section        0  stm32f0xx_it.o(i.DMA1_Channel4_5_IRQHandler)
    i.DMA_CalcBaseAndBitshift                0x08000c1c   Section        0  stm32f0xx_hal_dma.o(i.DMA_CalcBaseAndBitshift)
    DMA_CalcBaseAndBitshift                  0x08000c1d   Thumb Code    26  stm32f0xx_hal_dma.o(i.DMA_CalcBaseAndBitshift)
    i.Error_Handler                          0x08000c40   Section        0  main.o(i.Error_Handler)
    i.HAL_CAN_ActivateNotification           0x08000c42   Section        0  stm32f0xx_hal_can.o(i.HAL_CAN_ActivateNotification)
    i.HAL_CAN_AddTxMessage                   0x08000c68   Section        0  stm32f0xx_hal_can.o(i.HAL_CAN_AddTxMessage)
    i.HAL_CAN_ConfigFilter                   0x08000d42   Section        0  stm32f0xx_hal_can.o(i.HAL_CAN_ConfigFilter)
    i.HAL_CAN_ErrorCallback                  0x08000e2e   Section        0  stm32f0xx_hal_can.o(i.HAL_CAN_ErrorCallback)
    i.HAL_CAN_GetRxMessage                   0x08000e30   Section        0  stm32f0xx_hal_can.o(i.HAL_CAN_GetRxMessage)
    i.HAL_CAN_IRQHandler                     0x08000f14   Section        0  stm32f0xx_hal_can.o(i.HAL_CAN_IRQHandler)
    i.HAL_CAN_Init                           0x08001108   Section        0  stm32f0xx_hal_can.o(i.HAL_CAN_Init)
    i.HAL_CAN_MspInit                        0x08001218   Section        0  can.o(i.HAL_CAN_MspInit)
    i.HAL_CAN_RxFifo0FullCallback            0x0800128c   Section        0  stm32f0xx_hal_can.o(i.HAL_CAN_RxFifo0FullCallback)
    i.HAL_CAN_RxFifo0MsgPendingCallback      0x08001290   Section        0  can_comm.o(i.HAL_CAN_RxFifo0MsgPendingCallback)
    i.HAL_CAN_RxFifo1FullCallback            0x080012e8   Section        0  stm32f0xx_hal_can.o(i.HAL_CAN_RxFifo1FullCallback)
    i.HAL_CAN_RxFifo1MsgPendingCallback      0x080012ea   Section        0  stm32f0xx_hal_can.o(i.HAL_CAN_RxFifo1MsgPendingCallback)
    i.HAL_CAN_SleepCallback                  0x080012ec   Section        0  stm32f0xx_hal_can.o(i.HAL_CAN_SleepCallback)
    i.HAL_CAN_Start                          0x080012ee   Section        0  stm32f0xx_hal_can.o(i.HAL_CAN_Start)
    i.HAL_CAN_TxMailbox0AbortCallback        0x08001346   Section        0  stm32f0xx_hal_can.o(i.HAL_CAN_TxMailbox0AbortCallback)
    i.HAL_CAN_TxMailbox0CompleteCallback     0x08001348   Section        0  stm32f0xx_hal_can.o(i.HAL_CAN_TxMailbox0CompleteCallback)
    i.HAL_CAN_TxMailbox1AbortCallback        0x0800134a   Section        0  stm32f0xx_hal_can.o(i.HAL_CAN_TxMailbox1AbortCallback)
    i.HAL_CAN_TxMailbox1CompleteCallback     0x0800134c   Section        0  stm32f0xx_hal_can.o(i.HAL_CAN_TxMailbox1CompleteCallback)
    i.HAL_CAN_TxMailbox2AbortCallback        0x0800134e   Section        0  stm32f0xx_hal_can.o(i.HAL_CAN_TxMailbox2AbortCallback)
    i.HAL_CAN_TxMailbox2CompleteCallback     0x08001350   Section        0  stm32f0xx_hal_can.o(i.HAL_CAN_TxMailbox2CompleteCallback)
    i.HAL_CAN_WakeUpFromRxMsgCallback        0x08001352   Section        0  stm32f0xx_hal_can.o(i.HAL_CAN_WakeUpFromRxMsgCallback)
    i.HAL_DMA_Abort_IT                       0x08001354   Section        0  stm32f0xx_hal_dma.o(i.HAL_DMA_Abort_IT)
    i.HAL_DMA_IRQHandler                     0x0800139c   Section        0  stm32f0xx_hal_dma.o(i.HAL_DMA_IRQHandler)
    i.HAL_DMA_Init                           0x08001438   Section        0  stm32f0xx_hal_dma.o(i.HAL_DMA_Init)
    i.HAL_Delay                              0x08001490   Section        0  stm32f0xx_hal.o(i.HAL_Delay)
    i.HAL_GPIO_Init                          0x080014ac   Section        0  stm32f0xx_hal_gpio.o(i.HAL_GPIO_Init)
    i.HAL_GPIO_ReadPin                       0x080015e8   Section        0  stm32f0xx_hal_gpio.o(i.HAL_GPIO_ReadPin)
    i.HAL_GPIO_TogglePin                     0x080015f2   Section        0  stm32f0xx_hal_gpio.o(i.HAL_GPIO_TogglePin)
    i.HAL_GPIO_WritePin                      0x080015fa   Section        0  stm32f0xx_hal_gpio.o(i.HAL_GPIO_WritePin)
    i.HAL_GetTick                            0x08001608   Section        0  stm32f0xx_hal.o(i.HAL_GetTick)
    i.HAL_IncTick                            0x08001614   Section        0  stm32f0xx_hal.o(i.HAL_IncTick)
    i.HAL_Init                               0x08001624   Section        0  stm32f0xx_hal.o(i.HAL_Init)
    i.HAL_InitTick                           0x08001644   Section        0  stm32f0xx_hal.o(i.HAL_InitTick)
    i.HAL_MspInit                            0x08001668   Section        0  stm32f0xx_hal_msp.o(i.HAL_MspInit)
    i.HAL_NVIC_EnableIRQ                     0x0800169c   Section        0  stm32f0xx_hal_cortex.o(i.HAL_NVIC_EnableIRQ)
    i.HAL_NVIC_SetPriority                   0x080016b0   Section        0  stm32f0xx_hal_cortex.o(i.HAL_NVIC_SetPriority)
    i.HAL_RCC_ClockConfig                    0x080016b8   Section        0  stm32f0xx_hal_rcc.o(i.HAL_RCC_ClockConfig)
    i.HAL_RCC_GetHCLKFreq                    0x0800180c   Section        0  stm32f0xx_hal_rcc.o(i.HAL_RCC_GetHCLKFreq)
    i.HAL_RCC_GetPCLK1Freq                   0x08001818   Section        0  stm32f0xx_hal_rcc.o(i.HAL_RCC_GetPCLK1Freq)
    i.HAL_RCC_GetSysClockFreq                0x08001838   Section        0  stm32f0xx_hal_rcc.o(i.HAL_RCC_GetSysClockFreq)
    i.HAL_RCC_OscConfig                      0x080018c0   Section        0  stm32f0xx_hal_rcc.o(i.HAL_RCC_OscConfig)
    i.HAL_SYSTICK_Config                     0x08001c98   Section        0  stm32f0xx_hal_cortex.o(i.HAL_SYSTICK_Config)
    i.HAL_TIMEx_BreakCallback                0x08001cc8   Section        0  stm32f0xx_hal_tim_ex.o(i.HAL_TIMEx_BreakCallback)
    i.HAL_TIMEx_CommutationCallback          0x08001cca   Section        0  stm32f0xx_hal_tim_ex.o(i.HAL_TIMEx_CommutationCallback)
    i.HAL_TIM_Base_Init                      0x08001ccc   Section        0  stm32f0xx_hal_tim.o(i.HAL_TIM_Base_Init)
    i.HAL_TIM_Base_MspInit                   0x08001d00   Section        0  tim.o(i.HAL_TIM_Base_MspInit)
    i.HAL_TIM_Base_Start_IT                  0x08001d38   Section        0  stm32f0xx_hal_tim.o(i.HAL_TIM_Base_Start_IT)
    i.HAL_TIM_IC_CaptureCallback             0x08001d4e   Section        0  stm32f0xx_hal_tim.o(i.HAL_TIM_IC_CaptureCallback)
    i.HAL_TIM_IRQHandler                     0x08001d50   Section        0  stm32f0xx_hal_tim.o(i.HAL_TIM_IRQHandler)
    i.HAL_TIM_OC_DelayElapsedCallback        0x08001eb2   Section        0  stm32f0xx_hal_tim.o(i.HAL_TIM_OC_DelayElapsedCallback)
    i.HAL_TIM_PWM_PulseFinishedCallback      0x08001eb4   Section        0  stm32f0xx_hal_tim.o(i.HAL_TIM_PWM_PulseFinishedCallback)
    i.HAL_TIM_PeriodElapsedCallback          0x08001eb6   Section        0  stm32f0xx_hal_tim.o(i.HAL_TIM_PeriodElapsedCallback)
    i.HAL_TIM_TriggerCallback                0x08001eb8   Section        0  stm32f0xx_hal_tim.o(i.HAL_TIM_TriggerCallback)
    i.HAL_UARTEx_WakeupCallback              0x08001eba   Section        0  stm32f0xx_hal_uart_ex.o(i.HAL_UARTEx_WakeupCallback)
    i.HAL_UART_ErrorCallback                 0x08001ebc   Section        0  stm32f0xx_hal_uart.o(i.HAL_UART_ErrorCallback)
    i.HAL_UART_IRQHandler                    0x08001ec0   Section        0  stm32f0xx_hal_uart.o(i.HAL_UART_IRQHandler)
    i.HAL_UART_Init                          0x08001ff4   Section        0  stm32f0xx_hal_uart.o(i.HAL_UART_Init)
    i.HAL_UART_MspInit                       0x08002060   Section        0  usart.o(i.HAL_UART_MspInit)
    i.HAL_UART_RxCpltCallback                0x0800212c   Section        0  stm32f0xx_hal_uart.o(i.HAL_UART_RxCpltCallback)
    i.HAL_UART_Transmit                      0x0800212e   Section        0  stm32f0xx_hal_uart.o(i.HAL_UART_Transmit)
    i.HAL_UART_TxCpltCallback                0x080021f6   Section        0  stm32f0xx_hal_uart.o(i.HAL_UART_TxCpltCallback)
    i.HardFault_Handler                      0x080021f8   Section        0  stm32f0xx_it.o(i.HardFault_Handler)
    i.LED_CAN                                0x080021fc   Section        0  led.o(i.LED_CAN)
    i.LED_RUN                                0x08002220   Section        0  led.o(i.LED_RUN)
    i.MX_CAN_Init                            0x08002244   Section        0  can.o(i.MX_CAN_Init)
    i.MX_DMA_Init                            0x08002288   Section        0  dma.o(i.MX_DMA_Init)
    i.MX_GPIO_Init                           0x080022b0   Section        0  gpio.o(i.MX_GPIO_Init)
    i.MX_TIM17_Init                          0x08002360   Section        0  tim.o(i.MX_TIM17_Init)
    i.MX_USART2_UART_Init                    0x08002394   Section        0  usart.o(i.MX_USART2_UART_Init)
    i.MotorControl_PositionHandler           0x080023cc   Section        0  motor_control.o(i.MotorControl_PositionHandler)
    i.MotorControl_Start                     0x08002498   Section        0  motor_control.o(i.MotorControl_Start)
    i.MotorControl_Stop                      0x080024d8   Section        0  motor_control.o(i.MotorControl_Stop)
    i.MotorControl_velocityHandler           0x080024e4   Section        0  motor_control.o(i.MotorControl_velocityHandler)
    i.NMI_Handler                            0x08002514   Section        0  stm32f0xx_it.o(i.NMI_Handler)
    i.NVIC_SetPriority                       0x08002518   Section        0  stm32f0xx_hal_cortex.o(i.NVIC_SetPriority)
    NVIC_SetPriority                         0x08002519   Thumb Code    60  stm32f0xx_hal_cortex.o(i.NVIC_SetPriority)
    i.PendSV_Handler                         0x0800255c   Section        0  stm32f0xx_it.o(i.PendSV_Handler)
    i.SVC_Handler                            0x0800255e   Section        0  stm32f0xx_it.o(i.SVC_Handler)
    i.SysTick_Handler                        0x08002560   Section        0  stm32f0xx_it.o(i.SysTick_Handler)
    i.SystemClock_Config                     0x08002568   Section        0  main.o(i.SystemClock_Config)
    i.SystemInit                             0x080025b0   Section        0  system_stm32f0xx.o(i.SystemInit)
    i.TIM17_IRQHandler                       0x0800260c   Section        0  stm32f0xx_it.o(i.TIM17_IRQHandler)
    i.TIM_Base_SetConfig                     0x08002620   Section        0  stm32f0xx_hal_tim.o(i.TIM_Base_SetConfig)
    i.UART_AdvFeatureConfig                  0x080026a4   Section        0  stm32f0xx_hal_uart.o(i.UART_AdvFeatureConfig)
    i.UART_CheckIdleState                    0x08002770   Section        0  stm32f0xx_hal_uart.o(i.UART_CheckIdleState)
    i.UART_DMAAbortOnError                   0x080027d8   Section        0  stm32f0xx_hal_uart.o(i.UART_DMAAbortOnError)
    UART_DMAAbortOnError                     0x080027d9   Thumb Code    20  stm32f0xx_hal_uart.o(i.UART_DMAAbortOnError)
    i.UART_EndRxTransfer                     0x080027ec   Section        0  stm32f0xx_hal_uart.o(i.UART_EndRxTransfer)
    UART_EndRxTransfer                       0x080027ed   Thumb Code    30  stm32f0xx_hal_uart.o(i.UART_EndRxTransfer)
    i.UART_EndTransmit_IT                    0x0800280a   Section        0  stm32f0xx_hal_uart.o(i.UART_EndTransmit_IT)
    i.UART_Receive_IT                        0x08002824   Section        0  stm32f0xx_hal_uart.o(i.UART_Receive_IT)
    i.UART_SetConfig                         0x080028a0   Section        0  stm32f0xx_hal_uart.o(i.UART_SetConfig)
    i.UART_Transmit_IT                       0x080029d0   Section        0  stm32f0xx_hal_uart.o(i.UART_Transmit_IT)
    i.UART_WaitOnFlagUntilTimeout            0x08002a36   Section        0  stm32f0xx_hal_uart.o(i.UART_WaitOnFlagUntilTimeout)
    i.USART2_IRQHandler                      0x08002a98   Section        0  stm32f0xx_it.o(i.USART2_IRQHandler)
    i.__ARM_clz                              0x08002aa8   Section        0  depilogue.o(i.__ARM_clz)
    i.__ARM_common_ll_muluu                  0x08002ad6   Section        0  rred.o(i.__ARM_common_ll_muluu)
    i.__ARM_common_switch8                   0x08002b08   Section        0  multi_button.o(i.__ARM_common_switch8)
    i.__ARM_fpclassify                       0x08002b24   Section        0  fpclassify.o(i.__ARM_fpclassify)
    i.__ieee754_rem_pio2                     0x08002b50   Section        0  rred.o(i.__ieee754_rem_pio2)
    i.__kernel_cos                           0x08002eec   Section        0  cos_i.o(i.__kernel_cos)
    i.__kernel_poly                          0x08002fe0   Section        0  poly.o(i.__kernel_poly)
    i.__kernel_sin                           0x0800308c   Section        0  sin_i.o(i.__kernel_sin)
    i.__mathlib_dbl_infnan                   0x08003178   Section        0  dunder.o(i.__mathlib_dbl_infnan)
    i.__mathlib_dbl_invalid                  0x08003182   Section        0  dunder.o(i.__mathlib_dbl_invalid)
    i.__mathlib_dbl_underflow                0x08003194   Section        0  dunder.o(i.__mathlib_dbl_underflow)
    i.__scatterload_copy                     0x080031a8   Section       14  handlers.o(i.__scatterload_copy)
    i.__scatterload_null                     0x080031b6   Section        2  handlers.o(i.__scatterload_null)
    i.__scatterload_zeroinit                 0x080031b8   Section       14  handlers.o(i.__scatterload_zeroinit)
    i.__set_errno                            0x080031c8   Section        0  errno.o(i.__set_errno)
    i.button_attach                          0x080031d4   Section        0  multi_button.o(i.button_attach)
    i.button_handler                         0x080031dc   Section        0  multi_button.o(i.button_handler)
    i.button_init                            0x08003390   Section        0  multi_button.o(i.button_init)
    i.button_start                           0x080033c4   Section        0  multi_button.o(i.button_start)
    i.button_ticks                           0x080033e8   Section        0  multi_button.o(i.button_ticks)
    i.cos                                    0x08003404   Section        0  cos.o(i.cos)
    i.float_to_uint                          0x0800349c   Section        0  can_comm.o(i.float_to_uint)
    float_to_uint                            0x0800349d   Thumb Code    56  can_comm.o(i.float_to_uint)
    i.get_bnt1_state                         0x080034d4   Section        0  button.o(i.get_bnt1_state)
    i.get_bnt2_state                         0x080034e8   Section        0  button.o(i.get_bnt2_state)
    i.main                                   0x080034fc   Section        0  main.o(i.main)
    i.read_BNT1_GPIO                         0x080035fc   Section        0  button.o(i.read_BNT1_GPIO)
    read_BNT1_GPIO                           0x080035fd   Thumb Code    12  button.o(i.read_BNT1_GPIO)
    i.read_BNT2_GPIO                         0x0800360c   Section        0  button.o(i.read_BNT2_GPIO)
    read_BNT2_GPIO                           0x0800360d   Thumb Code    14  button.o(i.read_BNT2_GPIO)
    .constdata                               0x0800361a   Section       16  system_stm32f0xx.o(.constdata)
    .constdata                               0x0800362a   Section        8  system_stm32f0xx.o(.constdata)
    .constdata                               0x08003638   Section       48  cos_i.o(.constdata)
    C                                        0x08003638   Data          48  cos_i.o(.constdata)
    .constdata                               0x08003668   Section      200  rred.o(.constdata)
    pio2s                                    0x08003668   Data          48  rred.o(.constdata)
    twooverpi                                0x08003698   Data         152  rred.o(.constdata)
    .constdata                               0x08003730   Section       40  sin_i.o(.constdata)
    S                                        0x08003730   Data          40  sin_i.o(.constdata)
    .data                                    0x20000000   Section        4  multi_button.o(.data)
    head_handle                              0x20000000   Data           4  multi_button.o(.data)
    .data                                    0x20000004   Section        2  button.o(.data)
    bnt1_state                               0x20000004   Data           1  button.o(.data)
    bnt2_state                               0x20000005   Data           1  button.o(.data)
    .data                                    0x20000006   Section        3  main.o(.data)
    .data                                    0x2000000c   Section        8  led.o(.data)
    .data                                    0x20000014   Section        4  can_comm.o(.data)
    .data                                    0x20000018   Section       16  motor_control.o(.data)
    .data                                    0x20000028   Section        4  stm32f0xx_hal.o(.data)
    .data                                    0x2000002c   Section        4  system_stm32f0xx.o(.data)
    .data                                    0x20000030   Section        4  errno.o(.data)
    _errno                                   0x20000030   Data           4  errno.o(.data)
    .bss                                     0x20000034   Section       80  button.o(.bss)
    bnt1                                     0x20000034   Data          40  button.o(.bss)
    bnt2                                     0x2000005c   Data          40  button.o(.bss)
    .bss                                     0x20000084   Section       40  can.o(.bss)
    .bss                                     0x200000ac   Section       64  tim.o(.bss)
    .bss                                     0x200000ec   Section      248  usart.o(.bss)
    STACK                                    0x200001e8   Section     1024  startup_stm32f042x6.o(STACK)

    Global Symbols

    Symbol Name                              Value     Ov Type        Size  Object(Section)

    BuildAttributes$$THM_ISAv3M$S$PE$A:L22$X:L11$S22$IEEE1$IW$USESV6$~STKCKD$USESV7$~SHL$OTIME$ROPI$IEEEX$EBA8$MICROLIB$REQ8$PRES8$EABIv2 0x00000000   Number         0  anon$$obj.o ABSOLUTE
    __ARM_use_no_argv                        0x00000000   Number         0  main.o ABSOLUTE
    __arm_fini_                               - Undefined Weak Reference
    __cpp_initialize__aeabi_                  - Undefined Weak Reference
    __cxa_finalize                            - Undefined Weak Reference
    __decompress                              - Undefined Weak Reference
    _clock_init                               - Undefined Weak Reference
    _microlib_exit                            - Undefined Weak Reference
    __Vectors_Size                           0x000000c0   Number         0  startup_stm32f042x6.o ABSOLUTE
    __Vectors                                0x08000000   Data           4  startup_stm32f042x6.o(RESET)
    __Vectors_End                            0x080000c0   Data           0  startup_stm32f042x6.o(RESET)
    __main                                   0x080000c1   Thumb Code     0  entry.o(.ARM.Collect$$$$00000000)
    _main_stk                                0x080000c1   Thumb Code     0  entry2.o(.ARM.Collect$$$$00000001)
    _main_scatterload                        0x080000c5   Thumb Code     0  entry5.o(.ARM.Collect$$$$00000004)
    __main_after_scatterload                 0x080000c9   Thumb Code     0  entry5.o(.ARM.Collect$$$$00000004)
    _main_clock                              0x080000c9   Thumb Code     0  entry7b.o(.ARM.Collect$$$$00000008)
    _main_cpp_init                           0x080000c9   Thumb Code     0  entry8b.o(.ARM.Collect$$$$0000000A)
    _main_init                               0x080000c9   Thumb Code     0  entry9a.o(.ARM.Collect$$$$0000000B)
    __rt_lib_shutdown_fini                   0x080000d1   Thumb Code     0  entry12b.o(.ARM.Collect$$$$0000000E)
    __rt_final_cpp                           0x080000d5   Thumb Code     0  entry10a.o(.ARM.Collect$$$$0000000F)
    __rt_final_exit                          0x080000d5   Thumb Code     0  entry11a.o(.ARM.Collect$$$$00000011)
    Reset_Handler                            0x080000d9   Thumb Code    38  startup_stm32f042x6.o(.text)
    ADC1_IRQHandler                          0x08000109   Thumb Code     0  startup_stm32f042x6.o(.text)
    DMA1_Channel1_IRQHandler                 0x08000109   Thumb Code     0  startup_stm32f042x6.o(.text)
    DMA1_Channel2_3_IRQHandler               0x08000109   Thumb Code     0  startup_stm32f042x6.o(.text)
    EXTI0_1_IRQHandler                       0x08000109   Thumb Code     0  startup_stm32f042x6.o(.text)
    EXTI2_3_IRQHandler                       0x08000109   Thumb Code     0  startup_stm32f042x6.o(.text)
    EXTI4_15_IRQHandler                      0x08000109   Thumb Code     0  startup_stm32f042x6.o(.text)
    FLASH_IRQHandler                         0x08000109   Thumb Code     0  startup_stm32f042x6.o(.text)
    I2C1_IRQHandler                          0x08000109   Thumb Code     0  startup_stm32f042x6.o(.text)
    PVD_VDDIO2_IRQHandler                    0x08000109   Thumb Code     0  startup_stm32f042x6.o(.text)
    RCC_CRS_IRQHandler                       0x08000109   Thumb Code     0  startup_stm32f042x6.o(.text)
    RTC_IRQHandler                           0x08000109   Thumb Code     0  startup_stm32f042x6.o(.text)
    SPI1_IRQHandler                          0x08000109   Thumb Code     0  startup_stm32f042x6.o(.text)
    SPI2_IRQHandler                          0x08000109   Thumb Code     0  startup_stm32f042x6.o(.text)
    TIM14_IRQHandler                         0x08000109   Thumb Code     0  startup_stm32f042x6.o(.text)
    TIM16_IRQHandler                         0x08000109   Thumb Code     0  startup_stm32f042x6.o(.text)
    TIM1_BRK_UP_TRG_COM_IRQHandler           0x08000109   Thumb Code     0  startup_stm32f042x6.o(.text)
    TIM1_CC_IRQHandler                       0x08000109   Thumb Code     0  startup_stm32f042x6.o(.text)
    TIM2_IRQHandler                          0x08000109   Thumb Code     0  startup_stm32f042x6.o(.text)
    TIM3_IRQHandler                          0x08000109   Thumb Code     0  startup_stm32f042x6.o(.text)
    TSC_IRQHandler                           0x08000109   Thumb Code     0  startup_stm32f042x6.o(.text)
    USART1_IRQHandler                        0x08000109   Thumb Code     0  startup_stm32f042x6.o(.text)
    USB_IRQHandler                           0x08000109   Thumb Code     0  startup_stm32f042x6.o(.text)
    WWDG_IRQHandler                          0x08000109   Thumb Code     0  startup_stm32f042x6.o(.text)
    __aeabi_uidiv                            0x08000131   Thumb Code     0  uidiv.o(.text)
    __aeabi_uidivmod                         0x08000131   Thumb Code    44  uidiv.o(.text)
    __aeabi_llsr                             0x0800015d   Thumb Code    34  llushr.o(.text)
    _ll_ushift_r                             0x0800015d   Thumb Code     0  llushr.o(.text)
    __aeabi_memset                           0x0800017f   Thumb Code    14  memseta.o(.text)
    __aeabi_memset4                          0x0800017f   Thumb Code     0  memseta.o(.text)
    __aeabi_memset8                          0x0800017f   Thumb Code     0  memseta.o(.text)
    __aeabi_memclr                           0x0800018d   Thumb Code     4  memseta.o(.text)
    __aeabi_memclr4                          0x0800018d   Thumb Code     0  memseta.o(.text)
    __aeabi_memclr8                          0x0800018d   Thumb Code     0  memseta.o(.text)
    _memset$wrapper                          0x08000191   Thumb Code    18  memseta.o(.text)
    __aeabi_fadd                             0x080001a3   Thumb Code   162  fadd.o(.text)
    __aeabi_fsub                             0x08000245   Thumb Code     8  fadd.o(.text)
    __aeabi_frsub                            0x0800024d   Thumb Code     8  fadd.o(.text)
    __aeabi_fmul                             0x08000255   Thumb Code   122  fmul.o(.text)
    __aeabi_fdiv                             0x080002cf   Thumb Code   124  fdiv.o(.text)
    __aeabi_dadd                             0x0800034d   Thumb Code   330  dadd.o(.text)
    __aeabi_dsub                             0x08000497   Thumb Code    12  dadd.o(.text)
    __aeabi_drsub                            0x080004a3   Thumb Code    12  dadd.o(.text)
    __aeabi_dmul                             0x080004b5   Thumb Code   202  dmul.o(.text)
    __aeabi_i2f                              0x08000585   Thumb Code    22  fflti.o(.text)
    __aeabi_ui2d                             0x0800059d   Thumb Code    24  dfltui.o(.text)
    __aeabi_f2uiz                            0x080005b9   Thumb Code    40  ffixui.o(.text)
    __aeabi_f2d                              0x080005e1   Thumb Code    40  f2d.o(.text)
    __aeabi_d2f                              0x08000609   Thumb Code    56  d2f.o(.text)
    __aeabi_llsl                             0x08000641   Thumb Code    32  llshl.o(.text)
    _ll_shift_l                              0x08000641   Thumb Code     0  llshl.o(.text)
    __aeabi_lasr                             0x08000661   Thumb Code    38  llsshr.o(.text)
    _ll_sshift_r                             0x08000661   Thumb Code     0  llsshr.o(.text)
    __I$use$fp                               0x08000687   Thumb Code     0  iusefp.o(.text)
    _float_round                             0x08000687   Thumb Code    16  fepilogue.o(.text)
    _float_epilogue                          0x08000697   Thumb Code   114  fepilogue.o(.text)
    _double_round                            0x08000709   Thumb Code    26  depilogue.o(.text)
    _double_epilogue                         0x08000723   Thumb Code   164  depilogue.o(.text)
    __scatterload                            0x080007c9   Thumb Code    28  init.o(.text)
    __scatterload_rt2                        0x080007c9   Thumb Code     0  init.o(.text)
    __aeabi_ddiv                             0x080007ed   Thumb Code   234  ddiv.o(.text)
    __ARM_scalbn                             0x080008dd   Thumb Code    44  dscalb.o(.text)
    scalbn                                   0x080008dd   Thumb Code     0  dscalb.o(.text)
    __aeabi_i2d                              0x08000909   Thumb Code    34  dflti.o(.text)
    __aeabi_d2iz                             0x08000931   Thumb Code    62  dfixi.o(.text)
    Button_Init                              0x080009c1   Thumb Code   106  button.o(i.Button_Init)
    CEC_CAN_IRQHandler                       0x08000a51   Thumb Code    10  stm32f0xx_it.o(i.CEC_CAN_IRQHandler)
    CanComm_ControlCmd                       0x08000a61   Thumb Code    46  can_comm.o(i.CanComm_ControlCmd)
    CanComm_Init                             0x08000a99   Thumb Code    54  can_comm.o(i.CanComm_Init)
    CanComm_SendControlPara                  0x08000ad5   Thumb Code   228  can_comm.o(i.CanComm_SendControlPara)
    DMA1_Channel4_5_IRQHandler               0x08000c05   Thumb Code    16  stm32f0xx_it.o(i.DMA1_Channel4_5_IRQHandler)
    Error_Handler                            0x08000c41   Thumb Code     2  main.o(i.Error_Handler)
    HAL_CAN_ActivateNotification             0x08000c43   Thumb Code    38  stm32f0xx_hal_can.o(i.HAL_CAN_ActivateNotification)
    HAL_CAN_AddTxMessage                     0x08000c69   Thumb Code   218  stm32f0xx_hal_can.o(i.HAL_CAN_AddTxMessage)
    HAL_CAN_ConfigFilter                     0x08000d43   Thumb Code   236  stm32f0xx_hal_can.o(i.HAL_CAN_ConfigFilter)
    HAL_CAN_ErrorCallback                    0x08000e2f   Thumb Code     2  stm32f0xx_hal_can.o(i.HAL_CAN_ErrorCallback)
    HAL_CAN_GetRxMessage                     0x08000e31   Thumb Code   228  stm32f0xx_hal_can.o(i.HAL_CAN_GetRxMessage)
    HAL_CAN_IRQHandler                       0x08000f15   Thumb Code   500  stm32f0xx_hal_can.o(i.HAL_CAN_IRQHandler)
    HAL_CAN_Init                             0x08001109   Thumb Code   272  stm32f0xx_hal_can.o(i.HAL_CAN_Init)
    HAL_CAN_MspInit                          0x08001219   Thumb Code   106  can.o(i.HAL_CAN_MspInit)
    HAL_CAN_RxFifo0FullCallback              0x0800128d   Thumb Code     2  stm32f0xx_hal_can.o(i.HAL_CAN_RxFifo0FullCallback)
    HAL_CAN_RxFifo0MsgPendingCallback        0x08001291   Thumb Code    70  can_comm.o(i.HAL_CAN_RxFifo0MsgPendingCallback)
    HAL_CAN_RxFifo1FullCallback              0x080012e9   Thumb Code     2  stm32f0xx_hal_can.o(i.HAL_CAN_RxFifo1FullCallback)
    HAL_CAN_RxFifo1MsgPendingCallback        0x080012eb   Thumb Code     2  stm32f0xx_hal_can.o(i.HAL_CAN_RxFifo1MsgPendingCallback)
    HAL_CAN_SleepCallback                    0x080012ed   Thumb Code     2  stm32f0xx_hal_can.o(i.HAL_CAN_SleepCallback)
    HAL_CAN_Start                            0x080012ef   Thumb Code    88  stm32f0xx_hal_can.o(i.HAL_CAN_Start)
    HAL_CAN_TxMailbox0AbortCallback          0x08001347   Thumb Code     2  stm32f0xx_hal_can.o(i.HAL_CAN_TxMailbox0AbortCallback)
    HAL_CAN_TxMailbox0CompleteCallback       0x08001349   Thumb Code     2  stm32f0xx_hal_can.o(i.HAL_CAN_TxMailbox0CompleteCallback)
    HAL_CAN_TxMailbox1AbortCallback          0x0800134b   Thumb Code     2  stm32f0xx_hal_can.o(i.HAL_CAN_TxMailbox1AbortCallback)
    HAL_CAN_TxMailbox1CompleteCallback       0x0800134d   Thumb Code     2  stm32f0xx_hal_can.o(i.HAL_CAN_TxMailbox1CompleteCallback)
    HAL_CAN_TxMailbox2AbortCallback          0x0800134f   Thumb Code     2  stm32f0xx_hal_can.o(i.HAL_CAN_TxMailbox2AbortCallback)
    HAL_CAN_TxMailbox2CompleteCallback       0x08001351   Thumb Code     2  stm32f0xx_hal_can.o(i.HAL_CAN_TxMailbox2CompleteCallback)
    HAL_CAN_WakeUpFromRxMsgCallback          0x08001353   Thumb Code     2  stm32f0xx_hal_can.o(i.HAL_CAN_WakeUpFromRxMsgCallback)
    HAL_DMA_Abort_IT                         0x08001355   Thumb Code    72  stm32f0xx_hal_dma.o(i.HAL_DMA_Abort_IT)
    HAL_DMA_IRQHandler                       0x0800139d   Thumb Code   156  stm32f0xx_hal_dma.o(i.HAL_DMA_IRQHandler)
    HAL_DMA_Init                             0x08001439   Thumb Code    84  stm32f0xx_hal_dma.o(i.HAL_DMA_Init)
    HAL_Delay                                0x08001491   Thumb Code    28  stm32f0xx_hal.o(i.HAL_Delay)
    HAL_GPIO_Init                            0x080014ad   Thumb Code   294  stm32f0xx_hal_gpio.o(i.HAL_GPIO_Init)
    HAL_GPIO_ReadPin                         0x080015e9   Thumb Code    10  stm32f0xx_hal_gpio.o(i.HAL_GPIO_ReadPin)
    HAL_GPIO_TogglePin                       0x080015f3   Thumb Code     8  stm32f0xx_hal_gpio.o(i.HAL_GPIO_TogglePin)
    HAL_GPIO_WritePin                        0x080015fb   Thumb Code    12  stm32f0xx_hal_gpio.o(i.HAL_GPIO_WritePin)
    HAL_GetTick                              0x08001609   Thumb Code     6  stm32f0xx_hal.o(i.HAL_GetTick)
    HAL_IncTick                              0x08001615   Thumb Code    10  stm32f0xx_hal.o(i.HAL_IncTick)
    HAL_Init                                 0x08001625   Thumb Code    26  stm32f0xx_hal.o(i.HAL_Init)
    HAL_InitTick                             0x08001645   Thumb Code    34  stm32f0xx_hal.o(i.HAL_InitTick)
    HAL_MspInit                              0x08001669   Thumb Code    44  stm32f0xx_hal_msp.o(i.HAL_MspInit)
    HAL_NVIC_EnableIRQ                       0x0800169d   Thumb Code    14  stm32f0xx_hal_cortex.o(i.HAL_NVIC_EnableIRQ)
    HAL_NVIC_SetPriority                     0x080016b1   Thumb Code     8  stm32f0xx_hal_cortex.o(i.HAL_NVIC_SetPriority)
    HAL_RCC_ClockConfig                      0x080016b9   Thumb Code   320  stm32f0xx_hal_rcc.o(i.HAL_RCC_ClockConfig)
    HAL_RCC_GetHCLKFreq                      0x0800180d   Thumb Code     6  stm32f0xx_hal_rcc.o(i.HAL_RCC_GetHCLKFreq)
    HAL_RCC_GetPCLK1Freq                     0x08001819   Thumb Code    20  stm32f0xx_hal_rcc.o(i.HAL_RCC_GetPCLK1Freq)
    HAL_RCC_GetSysClockFreq                  0x08001839   Thumb Code    90  stm32f0xx_hal_rcc.o(i.HAL_RCC_GetSysClockFreq)
    HAL_RCC_OscConfig                        0x080018c1   Thumb Code   966  stm32f0xx_hal_rcc.o(i.HAL_RCC_OscConfig)
    HAL_SYSTICK_Config                       0x08001c99   Thumb Code    38  stm32f0xx_hal_cortex.o(i.HAL_SYSTICK_Config)
    HAL_TIMEx_BreakCallback                  0x08001cc9   Thumb Code     2  stm32f0xx_hal_tim_ex.o(i.HAL_TIMEx_BreakCallback)
    HAL_TIMEx_CommutationCallback            0x08001ccb   Thumb Code     2  stm32f0xx_hal_tim_ex.o(i.HAL_TIMEx_CommutationCallback)
    HAL_TIM_Base_Init                        0x08001ccd   Thumb Code    52  stm32f0xx_hal_tim.o(i.HAL_TIM_Base_Init)
    HAL_TIM_Base_MspInit                     0x08001d01   Thumb Code    46  tim.o(i.HAL_TIM_Base_MspInit)
    HAL_TIM_Base_Start_IT                    0x08001d39   Thumb Code    22  stm32f0xx_hal_tim.o(i.HAL_TIM_Base_Start_IT)
    HAL_TIM_IC_CaptureCallback               0x08001d4f   Thumb Code     2  stm32f0xx_hal_tim.o(i.HAL_TIM_IC_CaptureCallback)
    HAL_TIM_IRQHandler                       0x08001d51   Thumb Code   354  stm32f0xx_hal_tim.o(i.HAL_TIM_IRQHandler)
    HAL_TIM_OC_DelayElapsedCallback          0x08001eb3   Thumb Code     2  stm32f0xx_hal_tim.o(i.HAL_TIM_OC_DelayElapsedCallback)
    HAL_TIM_PWM_PulseFinishedCallback        0x08001eb5   Thumb Code     2  stm32f0xx_hal_tim.o(i.HAL_TIM_PWM_PulseFinishedCallback)
    HAL_TIM_PeriodElapsedCallback            0x08001eb7   Thumb Code     2  stm32f0xx_hal_tim.o(i.HAL_TIM_PeriodElapsedCallback)
    HAL_TIM_TriggerCallback                  0x08001eb9   Thumb Code     2  stm32f0xx_hal_tim.o(i.HAL_TIM_TriggerCallback)
    HAL_UARTEx_WakeupCallback                0x08001ebb   Thumb Code     2  stm32f0xx_hal_uart_ex.o(i.HAL_UARTEx_WakeupCallback)
    HAL_UART_ErrorCallback                   0x08001ebd   Thumb Code     2  stm32f0xx_hal_uart.o(i.HAL_UART_ErrorCallback)
    HAL_UART_IRQHandler                      0x08001ec1   Thumb Code   304  stm32f0xx_hal_uart.o(i.HAL_UART_IRQHandler)
    HAL_UART_Init                            0x08001ff5   Thumb Code   108  stm32f0xx_hal_uart.o(i.HAL_UART_Init)
    HAL_UART_MspInit                         0x08002061   Thumb Code   186  usart.o(i.HAL_UART_MspInit)
    HAL_UART_RxCpltCallback                  0x0800212d   Thumb Code     2  stm32f0xx_hal_uart.o(i.HAL_UART_RxCpltCallback)
    HAL_UART_Transmit                        0x0800212f   Thumb Code   200  stm32f0xx_hal_uart.o(i.HAL_UART_Transmit)
    HAL_UART_TxCpltCallback                  0x080021f7   Thumb Code     2  stm32f0xx_hal_uart.o(i.HAL_UART_TxCpltCallback)
    HardFault_Handler                        0x080021f9   Thumb Code     2  stm32f0xx_it.o(i.HardFault_Handler)
    LED_CAN                                  0x080021fd   Thumb Code    32  led.o(i.LED_CAN)
    LED_RUN                                  0x08002221   Thumb Code    32  led.o(i.LED_RUN)
    MX_CAN_Init                              0x08002245   Thumb Code    58  can.o(i.MX_CAN_Init)
    MX_DMA_Init                              0x08002289   Thumb Code    36  dma.o(i.MX_DMA_Init)
    MX_GPIO_Init                             0x080022b1   Thumb Code   168  gpio.o(i.MX_GPIO_Init)
    MX_TIM17_Init                            0x08002361   Thumb Code    40  tim.o(i.MX_TIM17_Init)
    MX_USART2_UART_Init                      0x08002395   Thumb Code    48  usart.o(i.MX_USART2_UART_Init)
    MotorControl_PositionHandler             0x080023cd   Thumb Code   160  motor_control.o(i.MotorControl_PositionHandler)
    MotorControl_Start                       0x08002499   Thumb Code    60  motor_control.o(i.MotorControl_Start)
    MotorControl_Stop                        0x080024d9   Thumb Code    10  motor_control.o(i.MotorControl_Stop)
    MotorControl_velocityHandler             0x080024e5   Thumb Code    40  motor_control.o(i.MotorControl_velocityHandler)
    NMI_Handler                              0x08002515   Thumb Code     2  stm32f0xx_it.o(i.NMI_Handler)
    PendSV_Handler                           0x0800255d   Thumb Code     2  stm32f0xx_it.o(i.PendSV_Handler)
    SVC_Handler                              0x0800255f   Thumb Code     2  stm32f0xx_it.o(i.SVC_Handler)
    SysTick_Handler                          0x08002561   Thumb Code     8  stm32f0xx_it.o(i.SysTick_Handler)
    SystemClock_Config                       0x08002569   Thumb Code    70  main.o(i.SystemClock_Config)
    SystemInit                               0x080025b1   Thumb Code    78  system_stm32f0xx.o(i.SystemInit)
    TIM17_IRQHandler                         0x0800260d   Thumb Code    14  stm32f0xx_it.o(i.TIM17_IRQHandler)
    TIM_Base_SetConfig                       0x08002621   Thumb Code   112  stm32f0xx_hal_tim.o(i.TIM_Base_SetConfig)
    UART_AdvFeatureConfig                    0x080026a5   Thumb Code   202  stm32f0xx_hal_uart.o(i.UART_AdvFeatureConfig)
    UART_CheckIdleState                      0x08002771   Thumb Code    96  stm32f0xx_hal_uart.o(i.UART_CheckIdleState)
    UART_EndTransmit_IT                      0x0800280b   Thumb Code    26  stm32f0xx_hal_uart.o(i.UART_EndTransmit_IT)
    UART_Receive_IT                          0x08002825   Thumb Code   122  stm32f0xx_hal_uart.o(i.UART_Receive_IT)
    UART_SetConfig                           0x080028a1   Thumb Code   280  stm32f0xx_hal_uart.o(i.UART_SetConfig)
    UART_Transmit_IT                         0x080029d1   Thumb Code   102  stm32f0xx_hal_uart.o(i.UART_Transmit_IT)
    UART_WaitOnFlagUntilTimeout              0x08002a37   Thumb Code    98  stm32f0xx_hal_uart.o(i.UART_WaitOnFlagUntilTimeout)
    USART2_IRQHandler                        0x08002a99   Thumb Code    10  stm32f0xx_it.o(i.USART2_IRQHandler)
    __ARM_clz                                0x08002aa9   Thumb Code    46  depilogue.o(i.__ARM_clz)
    __ARM_common_ll_muluu                    0x08002ad7   Thumb Code    50  rred.o(i.__ARM_common_ll_muluu)
    __ARM_common_switch8                     0x08002b09   Thumb Code    26  multi_button.o(i.__ARM_common_switch8)
    __ARM_fpclassify                         0x08002b25   Thumb Code    40  fpclassify.o(i.__ARM_fpclassify)
    __ieee754_rem_pio2                       0x08002b51   Thumb Code   838  rred.o(i.__ieee754_rem_pio2)
    __kernel_cos                             0x08002eed   Thumb Code   224  cos_i.o(i.__kernel_cos)
    __kernel_poly                            0x08002fe1   Thumb Code   172  poly.o(i.__kernel_poly)
    __kernel_sin                             0x0800308d   Thumb Code   222  sin_i.o(i.__kernel_sin)
    __mathlib_dbl_infnan                     0x08003179   Thumb Code    10  dunder.o(i.__mathlib_dbl_infnan)
    __mathlib_dbl_invalid                    0x08003183   Thumb Code    16  dunder.o(i.__mathlib_dbl_invalid)
    __mathlib_dbl_underflow                  0x08003195   Thumb Code    14  dunder.o(i.__mathlib_dbl_underflow)
    __scatterload_copy                       0x080031a9   Thumb Code    14  handlers.o(i.__scatterload_copy)
    __scatterload_null                       0x080031b7   Thumb Code     2  handlers.o(i.__scatterload_null)
    __scatterload_zeroinit                   0x080031b9   Thumb Code    14  handlers.o(i.__scatterload_zeroinit)
    __set_errno                              0x080031c9   Thumb Code     6  errno.o(i.__set_errno)
    button_attach                            0x080031d5   Thumb Code     8  multi_button.o(i.button_attach)
    button_handler                           0x080031dd   Thumb Code   436  multi_button.o(i.button_handler)
    button_init                              0x08003391   Thumb Code    52  multi_button.o(i.button_init)
    button_start                             0x080033c5   Thumb Code    32  multi_button.o(i.button_start)
    button_ticks                             0x080033e9   Thumb Code    22  multi_button.o(i.button_ticks)
    cos                                      0x08003405   Thumb Code   142  cos.o(i.cos)
    get_bnt1_state                           0x080034d5   Thumb Code    14  button.o(i.get_bnt1_state)
    get_bnt2_state                           0x080034e9   Thumb Code    14  button.o(i.get_bnt2_state)
    main                                     0x080034fd   Thumb Code   238  main.o(i.main)
    AHBPrescTable                            0x0800361a   Data          16  system_stm32f0xx.o(.constdata)
    APBPrescTable                            0x0800362a   Data           8  system_stm32f0xx.o(.constdata)
    Region$$Table$$Base                      0x08003758   Number         0  anon$$obj.o(Region$$Table)
    Region$$Table$$Limit                     0x08003778   Number         0  anon$$obj.o(Region$$Table)
    en_control                               0x20000006   Data           1  main.o(.data)
    BNT1_state                               0x20000007   Data           1  main.o(.data)
    BNT2_state                               0x20000008   Data           1  main.o(.data)
    pre_run_tick                             0x2000000c   Data           4  led.o(.data)
    pre_can_tick                             0x20000010   Data           4  led.o(.data)
    CurVelocity                              0x20000014   Data           4  can_comm.o(.data)
    pre_PCtick                               0x20000018   Data           4  motor_control.o(.data)
    pre_VCtick                               0x2000001c   Data           4  motor_control.o(.data)
    loop_counter                             0x20000020   Data           4  motor_control.o(.data)
    f_p                                      0x20000024   Data           4  motor_control.o(.data)
    uwTick                                   0x20000028   Data           4  stm32f0xx_hal.o(.data)
    SystemCoreClock                          0x2000002c   Data           4  system_stm32f0xx.o(.data)
    hcan                                     0x20000084   Data          40  can.o(.bss)
    htim17                                   0x200000ac   Data          64  tim.o(.bss)
    huart2                                   0x200000ec   Data         112  usart.o(.bss)
    hdma_usart2_rx                           0x2000015c   Data          68  usart.o(.bss)
    hdma_usart2_tx                           0x200001a0   Data          68  usart.o(.bss)
    __initial_sp                             0x200005e8   Data           0  startup_stm32f042x6.o(STACK)



==============================================================================

Memory Map of the image

  Image Entry point : 0x080000c1

  Load Region LR_IROM1 (Base: 0x08000000, Size: 0x000037ac, Max: 0x00008000, ABSOLUTE)

    Execution Region ER_IROM1 (Exec base: 0x08000000, Load base: 0x08000000, Size: 0x00003778, Max: 0x00008000, ABSOLUTE)

    Exec Addr    Load Addr    Size         Type   Attr      Idx    E Section Name        Object

    0x08000000   0x08000000   0x000000c0   Data   RO            3    RESET               startup_stm32f042x6.o
    0x080000c0   0x080000c0   0x00000000   Code   RO         3636  * .ARM.Collect$$$$00000000  mc_p.l(entry.o)
    0x080000c0   0x080000c0   0x00000004   Code   RO         3697    .ARM.Collect$$$$00000001  mc_p.l(entry2.o)
    0x080000c4   0x080000c4   0x00000004   Code   RO         3700    .ARM.Collect$$$$00000004  mc_p.l(entry5.o)
    0x080000c8   0x080000c8   0x00000000   Code   RO         3702    .ARM.Collect$$$$00000008  mc_p.l(entry7b.o)
    0x080000c8   0x080000c8   0x00000000   Code   RO         3704    .ARM.Collect$$$$0000000A  mc_p.l(entry8b.o)
    0x080000c8   0x080000c8   0x00000008   Code   RO         3705    .ARM.Collect$$$$0000000B  mc_p.l(entry9a.o)
    0x080000d0   0x080000d0   0x00000004   Code   RO         3712    .ARM.Collect$$$$0000000E  mc_p.l(entry12b.o)
    0x080000d4   0x080000d4   0x00000000   Code   RO         3707    .ARM.Collect$$$$0000000F  mc_p.l(entry10a.o)
    0x080000d4   0x080000d4   0x00000000   Code   RO         3709    .ARM.Collect$$$$00000011  mc_p.l(entry11a.o)
    0x080000d4   0x080000d4   0x00000004   Code   RO         3698    .ARM.Collect$$$$00002712  mc_p.l(entry2.o)
    0x080000d8   0x080000d8   0x00000058   Code   RO            4    .text               startup_stm32f042x6.o
    0x08000130   0x08000130   0x0000002c   Code   RO         3639    .text               mc_p.l(uidiv.o)
    0x0800015c   0x0800015c   0x00000022   Code   RO         3641    .text               mc_p.l(llushr.o)
    0x0800017e   0x0800017e   0x00000024   Code   RO         3643    .text               mc_p.l(memseta.o)
    0x080001a2   0x080001a2   0x000000b2   Code   RO         3645    .text               mf_p.l(fadd.o)
    0x08000254   0x08000254   0x0000007a   Code   RO         3647    .text               mf_p.l(fmul.o)
    0x080002ce   0x080002ce   0x0000007c   Code   RO         3649    .text               mf_p.l(fdiv.o)
    0x0800034a   0x0800034a   0x00000002   PAD
    0x0800034c   0x0800034c   0x00000168   Code   RO         3651    .text               mf_p.l(dadd.o)
    0x080004b4   0x080004b4   0x000000d0   Code   RO         3653    .text               mf_p.l(dmul.o)
    0x08000584   0x08000584   0x00000016   Code   RO         3655    .text               mf_p.l(fflti.o)
    0x0800059a   0x0800059a   0x00000002   PAD
    0x0800059c   0x0800059c   0x0000001c   Code   RO         3657    .text               mf_p.l(dfltui.o)
    0x080005b8   0x080005b8   0x00000028   Code   RO         3659    .text               mf_p.l(ffixui.o)
    0x080005e0   0x080005e0   0x00000028   Code   RO         3661    .text               mf_p.l(f2d.o)
    0x08000608   0x08000608   0x00000038   Code   RO         3663    .text               mf_p.l(d2f.o)
    0x08000640   0x08000640   0x00000020   Code   RO         3713    .text               mc_p.l(llshl.o)
    0x08000660   0x08000660   0x00000026   Code   RO         3715    .text               mc_p.l(llsshr.o)
    0x08000686   0x08000686   0x00000000   Code   RO         3724    .text               mc_p.l(iusefp.o)
    0x08000686   0x08000686   0x00000082   Code   RO         3725    .text               mf_p.l(fepilogue.o)
    0x08000708   0x08000708   0x000000be   Code   RO         3727    .text               mf_p.l(depilogue.o)
    0x080007c6   0x080007c6   0x00000002   PAD
    0x080007c8   0x080007c8   0x00000024   Code   RO         3735    .text               mc_p.l(init.o)
    0x080007ec   0x080007ec   0x000000f0   Code   RO         3737    .text               mf_p.l(ddiv.o)
    0x080008dc   0x080008dc   0x0000002c   Code   RO         3739    .text               mf_p.l(dscalb.o)
    0x08000908   0x08000908   0x00000028   Code   RO         3741    .text               mf_p.l(dflti.o)
    0x08000930   0x08000930   0x00000048   Code   RO         3743    .text               mf_p.l(dfixi.o)
    0x08000978   0x08000978   0x0000000c   Code   RO           74    i.BNT1_DOUBLE_Click_Handler  button.o
    0x08000984   0x08000984   0x0000000c   Code   RO           75    i.BNT1_LONG_PRESS_START_Handler  button.o
    0x08000990   0x08000990   0x0000000c   Code   RO           76    i.BNT1_SINGLE_Click_Handler  button.o
    0x0800099c   0x0800099c   0x0000000c   Code   RO           77    i.BNT2_DOUBLE_Click_Handler  button.o
    0x080009a8   0x080009a8   0x0000000c   Code   RO           78    i.BNT2_LONG_PRESS_START_Handler  button.o
    0x080009b4   0x080009b4   0x0000000c   Code   RO           79    i.BNT2_SINGLE_Click_Handler  button.o
    0x080009c0   0x080009c0   0x00000090   Code   RO           80    i.Button_Init       button.o
    0x08000a50   0x08000a50   0x00000010   Code   RO          475    i.CEC_CAN_IRQHandler  stm32f0xx_it.o
    0x08000a60   0x08000a60   0x00000038   Code   RO          596    i.CanComm_ControlCmd  can_comm.o
    0x08000a98   0x08000a98   0x0000003c   Code   RO          598    i.CanComm_Init      can_comm.o
    0x08000ad4   0x08000ad4   0x00000104   Code   RO          599    i.CanComm_SendControlPara  can_comm.o
    0x08000bd8   0x08000bd8   0x0000002c   Code   RO          600    i.CanTransmit       can_comm.o
    0x08000c04   0x08000c04   0x00000018   Code   RO          476    i.DMA1_Channel4_5_IRQHandler  stm32f0xx_it.o
    0x08000c1c   0x08000c1c   0x00000024   Code   RO         3082    i.DMA_CalcBaseAndBitshift  stm32f0xx_hal_dma.o
    0x08000c40   0x08000c40   0x00000002   Code   RO          253    i.Error_Handler     main.o
    0x08000c42   0x08000c42   0x00000026   Code   RO          728    i.HAL_CAN_ActivateNotification  stm32f0xx_hal_can.o
    0x08000c68   0x08000c68   0x000000da   Code   RO          729    i.HAL_CAN_AddTxMessage  stm32f0xx_hal_can.o
    0x08000d42   0x08000d42   0x000000ec   Code   RO          730    i.HAL_CAN_ConfigFilter  stm32f0xx_hal_can.o
    0x08000e2e   0x08000e2e   0x00000002   Code   RO          733    i.HAL_CAN_ErrorCallback  stm32f0xx_hal_can.o
    0x08000e30   0x08000e30   0x000000e4   Code   RO          736    i.HAL_CAN_GetRxMessage  stm32f0xx_hal_can.o
    0x08000f14   0x08000f14   0x000001f4   Code   RO          740    i.HAL_CAN_IRQHandler  stm32f0xx_hal_can.o
    0x08001108   0x08001108   0x00000110   Code   RO          741    i.HAL_CAN_Init      stm32f0xx_hal_can.o
    0x08001218   0x08001218   0x00000074   Code   RO          342    i.HAL_CAN_MspInit   can.o
    0x0800128c   0x0800128c   0x00000002   Code   RO          748    i.HAL_CAN_RxFifo0FullCallback  stm32f0xx_hal_can.o
    0x0800128e   0x0800128e   0x00000002   PAD
    0x08001290   0x08001290   0x00000058   Code   RO          601    i.HAL_CAN_RxFifo0MsgPendingCallback  can_comm.o
    0x080012e8   0x080012e8   0x00000002   Code   RO          750    i.HAL_CAN_RxFifo1FullCallback  stm32f0xx_hal_can.o
    0x080012ea   0x080012ea   0x00000002   Code   RO          751    i.HAL_CAN_RxFifo1MsgPendingCallback  stm32f0xx_hal_can.o
    0x080012ec   0x080012ec   0x00000002   Code   RO          752    i.HAL_CAN_SleepCallback  stm32f0xx_hal_can.o
    0x080012ee   0x080012ee   0x00000058   Code   RO          753    i.HAL_CAN_Start     stm32f0xx_hal_can.o
    0x08001346   0x08001346   0x00000002   Code   RO          755    i.HAL_CAN_TxMailbox0AbortCallback  stm32f0xx_hal_can.o
    0x08001348   0x08001348   0x00000002   Code   RO          756    i.HAL_CAN_TxMailbox0CompleteCallback  stm32f0xx_hal_can.o
    0x0800134a   0x0800134a   0x00000002   Code   RO          757    i.HAL_CAN_TxMailbox1AbortCallback  stm32f0xx_hal_can.o
    0x0800134c   0x0800134c   0x00000002   Code   RO          758    i.HAL_CAN_TxMailbox1CompleteCallback  stm32f0xx_hal_can.o
    0x0800134e   0x0800134e   0x00000002   Code   RO          759    i.HAL_CAN_TxMailbox2AbortCallback  stm32f0xx_hal_can.o
    0x08001350   0x08001350   0x00000002   Code   RO          760    i.HAL_CAN_TxMailbox2CompleteCallback  stm32f0xx_hal_can.o
    0x08001352   0x08001352   0x00000002   Code   RO          762    i.HAL_CAN_WakeUpFromRxMsgCallback  stm32f0xx_hal_can.o
    0x08001354   0x08001354   0x00000048   Code   RO         3085    i.HAL_DMA_Abort_IT  stm32f0xx_hal_dma.o
    0x0800139c   0x0800139c   0x0000009c   Code   RO         3089    i.HAL_DMA_IRQHandler  stm32f0xx_hal_dma.o
    0x08001438   0x08001438   0x00000058   Code   RO         3090    i.HAL_DMA_Init      stm32f0xx_hal_dma.o
    0x08001490   0x08001490   0x0000001c   Code   RO         2414    i.HAL_Delay         stm32f0xx_hal.o
    0x080014ac   0x080014ac   0x0000013c   Code   RO         3023    i.HAL_GPIO_Init     stm32f0xx_hal_gpio.o
    0x080015e8   0x080015e8   0x0000000a   Code   RO         3025    i.HAL_GPIO_ReadPin  stm32f0xx_hal_gpio.o
    0x080015f2   0x080015f2   0x00000008   Code   RO         3026    i.HAL_GPIO_TogglePin  stm32f0xx_hal_gpio.o
    0x080015fa   0x080015fa   0x0000000c   Code   RO         3027    i.HAL_GPIO_WritePin  stm32f0xx_hal_gpio.o
    0x08001606   0x08001606   0x00000002   PAD
    0x08001608   0x08001608   0x0000000c   Code   RO         2418    i.HAL_GetTick       stm32f0xx_hal.o
    0x08001614   0x08001614   0x00000010   Code   RO         2422    i.HAL_IncTick       stm32f0xx_hal.o
    0x08001624   0x08001624   0x00000020   Code   RO         2423    i.HAL_Init          stm32f0xx_hal.o
    0x08001644   0x08001644   0x00000022   Code   RO         2424    i.HAL_InitTick      stm32f0xx_hal.o
    0x08001666   0x08001666   0x00000002   PAD
    0x08001668   0x08001668   0x00000034   Code   RO          547    i.HAL_MspInit       stm32f0xx_hal_msp.o
    0x0800169c   0x0800169c   0x00000014   Code   RO         3180    i.HAL_NVIC_EnableIRQ  stm32f0xx_hal_cortex.o
    0x080016b0   0x080016b0   0x00000008   Code   RO         3184    i.HAL_NVIC_SetPriority  stm32f0xx_hal_cortex.o
    0x080016b8   0x080016b8   0x00000154   Code   RO         2232    i.HAL_RCC_ClockConfig  stm32f0xx_hal_rcc.o
    0x0800180c   0x0800180c   0x0000000c   Code   RO         2237    i.HAL_RCC_GetHCLKFreq  stm32f0xx_hal_rcc.o
    0x08001818   0x08001818   0x00000020   Code   RO         2239    i.HAL_RCC_GetPCLK1Freq  stm32f0xx_hal_rcc.o
    0x08001838   0x08001838   0x00000088   Code   RO         2240    i.HAL_RCC_GetSysClockFreq  stm32f0xx_hal_rcc.o
    0x080018c0   0x080018c0   0x000003d8   Code   RO         2243    i.HAL_RCC_OscConfig  stm32f0xx_hal_rcc.o
    0x08001c98   0x08001c98   0x00000030   Code   RO         3188    i.HAL_SYSTICK_Config  stm32f0xx_hal_cortex.o
    0x08001cc8   0x08001cc8   0x00000002   Code   RO         1596    i.HAL_TIMEx_BreakCallback  stm32f0xx_hal_tim_ex.o
    0x08001cca   0x08001cca   0x00000002   Code   RO         1597    i.HAL_TIMEx_CommutationCallback  stm32f0xx_hal_tim_ex.o
    0x08001ccc   0x08001ccc   0x00000034   Code   RO          959    i.HAL_TIM_Base_Init  stm32f0xx_hal_tim.o
    0x08001d00   0x08001d00   0x00000038   Code   RO          400    i.HAL_TIM_Base_MspInit  tim.o
    0x08001d38   0x08001d38   0x00000016   Code   RO          964    i.HAL_TIM_Base_Start_IT  stm32f0xx_hal_tim.o
    0x08001d4e   0x08001d4e   0x00000002   Code   RO          990    i.HAL_TIM_IC_CaptureCallback  stm32f0xx_hal_tim.o
    0x08001d50   0x08001d50   0x00000162   Code   RO         1003    i.HAL_TIM_IRQHandler  stm32f0xx_hal_tim.o
    0x08001eb2   0x08001eb2   0x00000002   Code   RO         1006    i.HAL_TIM_OC_DelayElapsedCallback  stm32f0xx_hal_tim.o
    0x08001eb4   0x08001eb4   0x00000002   Code   RO         1033    i.HAL_TIM_PWM_PulseFinishedCallback  stm32f0xx_hal_tim.o
    0x08001eb6   0x08001eb6   0x00000002   Code   RO         1040    i.HAL_TIM_PeriodElapsedCallback  stm32f0xx_hal_tim.o
    0x08001eb8   0x08001eb8   0x00000002   Code   RO         1044    i.HAL_TIM_TriggerCallback  stm32f0xx_hal_tim.o
    0x08001eba   0x08001eba   0x00000002   Code   RO         2176    i.HAL_UARTEx_WakeupCallback  stm32f0xx_hal_uart_ex.o
    0x08001ebc   0x08001ebc   0x00000002   Code   RO         1851    i.HAL_UART_ErrorCallback  stm32f0xx_hal_uart.o
    0x08001ebe   0x08001ebe   0x00000002   PAD
    0x08001ec0   0x08001ec0   0x00000134   Code   RO         1854    i.HAL_UART_IRQHandler  stm32f0xx_hal_uart.o
    0x08001ff4   0x08001ff4   0x0000006c   Code   RO         1855    i.HAL_UART_Init     stm32f0xx_hal_uart.o
    0x08002060   0x08002060   0x000000cc   Code   RO          438    i.HAL_UART_MspInit  usart.o
    0x0800212c   0x0800212c   0x00000002   Code   RO         1861    i.HAL_UART_RxCpltCallback  stm32f0xx_hal_uart.o
    0x0800212e   0x0800212e   0x000000c8   Code   RO         1863    i.HAL_UART_Transmit  stm32f0xx_hal_uart.o
    0x080021f6   0x080021f6   0x00000002   Code   RO         1866    i.HAL_UART_TxCpltCallback  stm32f0xx_hal_uart.o
    0x080021f8   0x080021f8   0x00000002   Code   RO          477    i.HardFault_Handler  stm32f0xx_it.o
    0x080021fa   0x080021fa   0x00000002   PAD
    0x080021fc   0x080021fc   0x00000024   Code   RO          567    i.LED_CAN           led.o
    0x08002220   0x08002220   0x00000024   Code   RO          568    i.LED_RUN           led.o
    0x08002244   0x08002244   0x00000044   Code   RO          343    i.MX_CAN_Init       can.o
    0x08002288   0x08002288   0x00000028   Code   RO          379    i.MX_DMA_Init       dma.o
    0x080022b0   0x080022b0   0x000000b0   Code   RO          321    i.MX_GPIO_Init      gpio.o
    0x08002360   0x08002360   0x00000034   Code   RO          401    i.MX_TIM17_Init     tim.o
    0x08002394   0x08002394   0x00000038   Code   RO          439    i.MX_USART2_UART_Init  usart.o
    0x080023cc   0x080023cc   0x000000cc   Code   RO          653    i.MotorControl_PositionHandler  motor_control.o
    0x08002498   0x08002498   0x00000040   Code   RO          654    i.MotorControl_Start  motor_control.o
    0x080024d8   0x080024d8   0x0000000a   Code   RO          655    i.MotorControl_Stop  motor_control.o
    0x080024e2   0x080024e2   0x00000002   PAD
    0x080024e4   0x080024e4   0x00000030   Code   RO          656    i.MotorControl_velocityHandler  motor_control.o
    0x08002514   0x08002514   0x00000002   Code   RO          478    i.NMI_Handler       stm32f0xx_it.o
    0x08002516   0x08002516   0x00000002   PAD
    0x08002518   0x08002518   0x00000044   Code   RO         3190    i.NVIC_SetPriority  stm32f0xx_hal_cortex.o
    0x0800255c   0x0800255c   0x00000002   Code   RO          479    i.PendSV_Handler    stm32f0xx_it.o
    0x0800255e   0x0800255e   0x00000002   Code   RO          480    i.SVC_Handler       stm32f0xx_it.o
    0x08002560   0x08002560   0x00000008   Code   RO          481    i.SysTick_Handler   stm32f0xx_it.o
    0x08002568   0x08002568   0x00000046   Code   RO          254    i.SystemClock_Config  main.o
    0x080025ae   0x080025ae   0x00000002   PAD
    0x080025b0   0x080025b0   0x0000005c   Code   RO         3597    i.SystemInit        system_stm32f0xx.o
    0x0800260c   0x0800260c   0x00000014   Code   RO          482    i.TIM17_IRQHandler  stm32f0xx_it.o
    0x08002620   0x08002620   0x00000084   Code   RO         1045    i.TIM_Base_SetConfig  stm32f0xx_hal_tim.o
    0x080026a4   0x080026a4   0x000000ca   Code   RO         1868    i.UART_AdvFeatureConfig  stm32f0xx_hal_uart.o
    0x0800276e   0x0800276e   0x00000002   PAD
    0x08002770   0x08002770   0x00000068   Code   RO         1869    i.UART_CheckIdleState  stm32f0xx_hal_uart.o
    0x080027d8   0x080027d8   0x00000014   Code   RO         1870    i.UART_DMAAbortOnError  stm32f0xx_hal_uart.o
    0x080027ec   0x080027ec   0x0000001e   Code   RO         1880    i.UART_EndRxTransfer  stm32f0xx_hal_uart.o
    0x0800280a   0x0800280a   0x0000001a   Code   RO         1881    i.UART_EndTransmit_IT  stm32f0xx_hal_uart.o
    0x08002824   0x08002824   0x0000007a   Code   RO         1883    i.UART_Receive_IT   stm32f0xx_hal_uart.o
    0x0800289e   0x0800289e   0x00000002   PAD
    0x080028a0   0x080028a0   0x00000130   Code   RO         1884    i.UART_SetConfig    stm32f0xx_hal_uart.o
    0x080029d0   0x080029d0   0x00000066   Code   RO         1885    i.UART_Transmit_IT  stm32f0xx_hal_uart.o
    0x08002a36   0x08002a36   0x00000062   Code   RO         1886    i.UART_WaitOnFlagUntilTimeout  stm32f0xx_hal_uart.o
    0x08002a98   0x08002a98   0x00000010   Code   RO          483    i.USART2_IRQHandler  stm32f0xx_it.o
    0x08002aa8   0x08002aa8   0x0000002e   Code   RO         3729    i.__ARM_clz         mf_p.l(depilogue.o)
    0x08002ad6   0x08002ad6   0x00000032   Code   RO         3689    i.__ARM_common_ll_muluu  m_ps.l(rred.o)
    0x08002b08   0x08002b08   0x0000001a   Code   RO           57    i.__ARM_common_switch8  multi_button.o
    0x08002b22   0x08002b22   0x00000002   PAD
    0x08002b24   0x08002b24   0x0000002c   Code   RO         3731    i.__ARM_fpclassify  m_ps.l(fpclassify.o)
    0x08002b50   0x08002b50   0x0000039c   Code   RO         3684    i.__ieee754_rem_pio2  m_ps.l(rred.o)
    0x08002eec   0x08002eec   0x000000f4   Code   RO         3667    i.__kernel_cos      m_ps.l(cos_i.o)
    0x08002fe0   0x08002fe0   0x000000ac   Code   RO         3733    i.__kernel_poly     m_ps.l(poly.o)
    0x0800308c   0x0800308c   0x000000ec   Code   RO         3691    i.__kernel_sin      m_ps.l(sin_i.o)
    0x08003178   0x08003178   0x0000000a   Code   RO         3671    i.__mathlib_dbl_infnan  m_ps.l(dunder.o)
    0x08003182   0x08003182   0x00000010   Code   RO         3673    i.__mathlib_dbl_invalid  m_ps.l(dunder.o)
    0x08003192   0x08003192   0x00000002   PAD
    0x08003194   0x08003194   0x00000014   Code   RO         3676    i.__mathlib_dbl_underflow  m_ps.l(dunder.o)
    0x080031a8   0x080031a8   0x0000000e   Code   RO         3747    i.__scatterload_copy  mc_p.l(handlers.o)
    0x080031b6   0x080031b6   0x00000002   Code   RO         3748    i.__scatterload_null  mc_p.l(handlers.o)
    0x080031b8   0x080031b8   0x0000000e   Code   RO         3749    i.__scatterload_zeroinit  mc_p.l(handlers.o)
    0x080031c6   0x080031c6   0x00000002   PAD
    0x080031c8   0x080031c8   0x0000000c   Code   RO         3719    i.__set_errno       mc_p.l(errno.o)
    0x080031d4   0x080031d4   0x00000008   Code   RO           10    i.button_attach     multi_button.o
    0x080031dc   0x080031dc   0x000001b4   Code   RO           11    i.button_handler    multi_button.o
    0x08003390   0x08003390   0x00000034   Code   RO           12    i.button_init       multi_button.o
    0x080033c4   0x080033c4   0x00000024   Code   RO           13    i.button_start      multi_button.o
    0x080033e8   0x080033e8   0x0000001c   Code   RO           15    i.button_ticks      multi_button.o
    0x08003404   0x08003404   0x00000098   Code   RO         3629    i.cos               m_ps.l(cos.o)
    0x0800349c   0x0800349c   0x00000038   Code   RO          602    i.float_to_uint     can_comm.o
    0x080034d4   0x080034d4   0x00000014   Code   RO           81    i.get_bnt1_state    button.o
    0x080034e8   0x080034e8   0x00000014   Code   RO           82    i.get_bnt2_state    button.o
    0x080034fc   0x080034fc   0x00000100   Code   RO          256    i.main              main.o
    0x080035fc   0x080035fc   0x00000010   Code   RO           83    i.read_BNT1_GPIO    button.o
    0x0800360c   0x0800360c   0x0000000e   Code   RO           84    i.read_BNT2_GPIO    button.o
    0x0800361a   0x0800361a   0x00000010   Data   RO         3598    .constdata          system_stm32f0xx.o
    0x0800362a   0x0800362a   0x00000008   Data   RO         3599    .constdata          system_stm32f0xx.o
    0x08003632   0x08003632   0x00000006   PAD
    0x08003638   0x08003638   0x00000030   Data   RO         3668    .constdata          m_ps.l(cos_i.o)
    0x08003668   0x08003668   0x000000c8   Data   RO         3686    .constdata          m_ps.l(rred.o)
    0x08003730   0x08003730   0x00000028   Data   RO         3692    .constdata          m_ps.l(sin_i.o)
    0x08003758   0x08003758   0x00000020   Data   RO         3745    Region$$Table       anon$$obj.o


    Execution Region RW_IRAM1 (Exec base: 0x20000000, Load base: 0x08003778, Size: 0x000005e8, Max: 0x00001800, ABSOLUTE)

    Exec Addr    Load Addr    Size         Type   Attr      Idx    E Section Name        Object

    0x20000000   0x08003778   0x00000004   Data   RW           17    .data               multi_button.o
    0x20000004   0x0800377c   0x00000002   Data   RW           86    .data               button.o
    0x20000006   0x0800377e   0x00000003   Data   RW          257    .data               main.o
    0x20000009   0x08003781   0x00000003   PAD
    0x2000000c   0x08003784   0x00000008   Data   RW          569    .data               led.o
    0x20000014   0x0800378c   0x00000004   Data   RW          603    .data               can_comm.o
    0x20000018   0x08003790   0x00000010   Data   RW          657    .data               motor_control.o
    0x20000028   0x080037a0   0x00000004   Data   RW         2429    .data               stm32f0xx_hal.o
    0x2000002c   0x080037a4   0x00000004   Data   RW         3600    .data               system_stm32f0xx.o
    0x20000030   0x080037a8   0x00000004   Data   RW         3720    .data               mc_p.l(errno.o)
    0x20000034        -       0x00000050   Zero   RW           85    .bss                button.o
    0x20000084        -       0x00000028   Zero   RW          344    .bss                can.o
    0x200000ac        -       0x00000040   Zero   RW          402    .bss                tim.o
    0x200000ec        -       0x000000f8   Zero   RW          440    .bss                usart.o
    0x200001e4   0x080037ac   0x00000004   PAD
    0x200001e8        -       0x00000400   Zero   RW            1    STACK               startup_stm32f042x6.o


==============================================================================

Image component sizes


      Code (inc. data)   RO Data    RW Data    ZI Data      Debug   Object Name

       286         78          0          2         80     456392   button.o
       184         20          0          0         40       1911   can.o
       564         70          0          4          0       5200   can_comm.o
        40          4          0          0          0        878   dma.o
       176          8          0          0          0       1083   gpio.o
        72          8          0          8          0       1812   led.o
       328         18          0          3          0       2915   main.o
       326         56          0         16          0       3432   motor_control.o
       586         18          0          4          0       9309   multi_button.o
        88         38        192          0       1024        700   startup_stm32f042x6.o
       122         18          0          4          0       4203   stm32f0xx_hal.o
      1604          0          0          0          0      15319   stm32f0xx_hal_can.o
       144         24          0          0          0       9305   stm32f0xx_hal_cortex.o
       352         14          0          0          0       3587   stm32f0xx_hal_dma.o
       346         22          0          0          0       3848   stm32f0xx_hal_gpio.o
        52          8          0          0          0        970   stm32f0xx_hal_msp.o
      1504        102          0          0          0       5665   stm32f0xx_hal_rcc.o
       570         20          0          0          0       7529   stm32f0xx_hal_tim.o
         4          0          0          0          0       1798   stm32f0xx_hal_tim_ex.o
      1630         36          0          0          0      12967   stm32f0xx_hal_uart.o
         2          0          0          0          0       1144   stm32f0xx_hal_uart_ex.o
        92         26          0          0          0       4652   stm32f0xx_it.o
        92         14         24          4          0       1387   system_stm32f0xx.o
       108         22          0          0         64       1784   tim.o
       260         26          0          0        248       2104   usart.o

    ----------------------------------------------------------------------
      9554        650        254         48       1460     559894   Object Totals
         0          0         32          0          0          0   (incl. Generated)
        22          0          6          3          4          0   (incl. Padding)

    ----------------------------------------------------------------------

      Code (inc. data)   RO Data    RW Data    ZI Data      Debug   Library Member Name

       152         10          0          0          0        104   cos.o
       244         20         48          0          0         92   cos_i.o
        46          6          0          0          0        204   dunder.o
        44          4          0          0          0         60   fpclassify.o
       172          0          0          0          0         76   poly.o
       974         86        200          0          0        200   rred.o
       236         14         40          0          0        100   sin_i.o
         0          0          0          0          0          0   entry.o
         0          0          0          0          0          0   entry10a.o
         0          0          0          0          0          0   entry11a.o
         4          0          0          0          0          0   entry12b.o
         8          4          0          0          0          0   entry2.o
         4          0          0          0          0          0   entry5.o
         0          0          0          0          0          0   entry7b.o
         0          0          0          0          0          0   entry8b.o
         8          4          0          0          0          0   entry9a.o
        12          6          0          4          0         60   errno.o
        30          0          0          0          0          0   handlers.o
        36          8          0          0          0         68   init.o
         0          0          0          0          0          0   iusefp.o
        32          0          0          0          0         68   llshl.o
        38          0          0          0          0         68   llsshr.o
        34          0          0          0          0         68   llushr.o
        36          0          0          0          0        100   memseta.o
        44          0          0          0          0         72   uidiv.o
        56          0          0          0          0         68   d2f.o
       360          6          0          0          0        140   dadd.o
       240          6          0          0          0         84   ddiv.o
       236          0          0          0          0        216   depilogue.o
        72         10          0          0          0         72   dfixi.o
        40          6          0          0          0         68   dflti.o
        28          4          0          0          0         68   dfltui.o
       208          6          0          0          0         88   dmul.o
        44          0          0          0          0         72   dscalb.o
        40          0          0          0          0         60   f2d.o
       178          0          0          0          0        108   fadd.o
       124          0          0          0          0         72   fdiv.o
       130          0          0          0          0        144   fepilogue.o
        40          0          0          0          0         60   ffixui.o
        22          0          0          0          0         68   fflti.o
       122          0          0          0          0         72   fmul.o

    ----------------------------------------------------------------------
      4104        200        288          4          0       2800   Library Totals
        10          0          0          0          0          0   (incl. Padding)

    ----------------------------------------------------------------------

      Code (inc. data)   RO Data    RW Data    ZI Data      Debug   Library Name

      1868        140        288          0          0        836   m_ps.l
       286         22          0          4          0        504   mc_p.l
      1940         38          0          0          0       1460   mf_p.l

    ----------------------------------------------------------------------
      4104        200        288          4          0       2800   Library Totals

    ----------------------------------------------------------------------

==============================================================================


      Code (inc. data)   RO Data    RW Data    ZI Data      Debug   

     13658        850        542         52       1460     556334   Grand Totals
     13658        850        542         52       1460     556334   ELF Image Totals
     13658        850        542         52          0          0   ROM Totals

==============================================================================

    Total RO  Size (Code + RO Data)                14200 (  13.87kB)
    Total RW  Size (RW Data + ZI Data)              1512 (   1.48kB)
    Total ROM Size (Code + RO Data + RW Data)      14252 (  13.92kB)

==============================================================================

